Component: ARM Compiler 5.06 update 7 (build 960) Tool: armlink [4d3601]

==============================================================================

Section Cross References

    startup_stm32h723xx.o(RESET) refers to startup_stm32h723xx.o(STACK) for __initial_sp
    startup_stm32h723xx.o(RESET) refers to startup_stm32h723xx.o(.text) for Reset_Handler
    startup_stm32h723xx.o(RESET) refers to stm32h7xx_it.o(i.NMI_Handler) for NMI_Handler
    startup_stm32h723xx.o(RESET) refers to stm32h7xx_it.o(i.HardFault_Handler) for HardFault_Handler
    startup_stm32h723xx.o(RESET) refers to stm32h7xx_it.o(i.MemManage_Handler) for MemManage_Handler
    startup_stm32h723xx.o(RESET) refers to stm32h7xx_it.o(i.BusFault_Handler) for BusFault_Handler
    startup_stm32h723xx.o(RESET) refers to stm32h7xx_it.o(i.UsageFault_Handler) for UsageFault_Handler
    startup_stm32h723xx.o(RESET) refers to stm32h7xx_it.o(i.SVC_Handler) for SVC_Handler
    startup_stm32h723xx.o(RESET) refers to stm32h7xx_it.o(i.DebugMon_Handler) for DebugMon_Handler
    startup_stm32h723xx.o(RESET) refers to stm32h7xx_it.o(i.PendSV_Handler) for PendSV_Handler
    startup_stm32h723xx.o(RESET) refers to stm32h7xx_it.o(i.SysTick_Handler) for SysTick_Handler
    startup_stm32h723xx.o(RESET) refers to stm32h7xx_it.o(i.TIM2_IRQHandler) for TIM2_IRQHandler
    startup_stm32h723xx.o(RESET) refers to stm32h7xx_it.o(i.USART1_IRQHandler) for USART1_IRQHandler
    startup_stm32h723xx.o(RESET) refers to stm32h7xx_it.o(i.USART3_IRQHandler) for USART3_IRQHandler
    startup_stm32h723xx.o(RESET) refers to stm32h7xx_it.o(i.EXTI15_10_IRQHandler) for EXTI15_10_IRQHandler
    startup_stm32h723xx.o(RESET) refers to stm32h7xx_it.o(i.UART4_IRQHandler) for UART4_IRQHandler
    startup_stm32h723xx.o(RESET) refers to stm32h7xx_it.o(i.UART5_IRQHandler) for UART5_IRQHandler
    startup_stm32h723xx.o(RESET) refers to stm32h7xx_it.o(i.UART7_IRQHandler) for UART7_IRQHandler
    startup_stm32h723xx.o(RESET) refers to stm32h7xx_it.o(i.USART10_IRQHandler) for USART10_IRQHandler
    startup_stm32h723xx.o(.text) refers to system_stm32h7xx.o(i.SystemInit) for SystemInit
    startup_stm32h723xx.o(.text) refers to entry.o(.ARM.Collect$$$$00000000) for __main
    main.o(i.HAL_GPIO_EXTI_Callback) refers to stm32h7xx_hal_gpio.o(i.HAL_GPIO_ReadPin) for HAL_GPIO_ReadPin
    main.o(i.HAL_GPIO_EXTI_Callback) refers to stm32h7xx_hal_gpio.o(i.HAL_GPIO_WritePin) for HAL_GPIO_WritePin
    main.o(i.HAL_GPIO_EXTI_Callback) refers to main.o(.data) for key_3_touch
    main.o(i.HAL_GPIO_EXTI_Callback) refers to tim.o(.bss) for htim3
    main.o(i.HAL_TIM_PeriodElapsedCallback) refers to tim.o(.bss) for htim2
    main.o(i.HAL_TIM_PeriodElapsedCallback) refers to main.o(.data) for bh1750_count_timer
    main.o(i.HAL_UART_RxCpltCallback) refers to queue.o(i.queue_in) for queue_in
    main.o(i.HAL_UART_RxCpltCallback) refers to stm32h7xx_hal_uart.o(i.HAL_UART_Receive_IT) for HAL_UART_Receive_IT
    main.o(i.HAL_UART_RxCpltCallback) refers to lcd.o(i.lcd_check_frame) for lcd_check_frame
    main.o(i.HAL_UART_RxCpltCallback) refers to gnss.o(i.gnss_check_frame) for gnss_check_frame
    main.o(i.HAL_UART_RxCpltCallback) refers to gnss.o(i.gnss_deal_buffer) for gnss_deal_buffer
    main.o(i.HAL_UART_RxCpltCallback) refers to csb.o(i.csb_deal_buffer) for csb_deal_buffer
    main.o(i.HAL_UART_RxCpltCallback) refers to bmp280.o(i.bmp280_deal_buffer) for bmp280_deal_buffer
    main.o(i.HAL_UART_RxCpltCallback) refers to usart.o(.bss) for huart1
    main.o(i.HAL_UART_RxCpltCallback) refers to usr_uart.o(.data) for dataRcvd
    main.o(i.HAL_UART_RxCpltCallback) refers to lcd.o(.data) for lcd_temp
    main.o(i.HAL_UART_RxCpltCallback) refers to lcd.o(.bss) for lcd_buffer
    main.o(i.HAL_UART_RxCpltCallback) refers to gnss.o(.data) for gnss_temp
    main.o(i.HAL_UART_RxCpltCallback) refers to gnss.o(.bss) for gnss_buffer
    main.o(i.HAL_UART_RxCpltCallback) refers to csb.o(.data) for csb_temp
    main.o(i.HAL_UART_RxCpltCallback) refers to csb.o(.bss) for csb_buffer
    main.o(i.HAL_UART_RxCpltCallback) refers to eb21.o(.data) for xs_temp
    main.o(i.HAL_UART_RxCpltCallback) refers to eb21.o(.bss) for xs_buffer
    main.o(i.HAL_UART_RxCpltCallback) refers to bmp280.o(.data) for bmp280_temp
    main.o(i.HAL_UART_RxCpltCallback) refers to bmp280.o(.bss) for bmp280_buffer
    main.o(i.SystemClock_Config) refers to memseta.o(.text) for __aeabi_memclr4
    main.o(i.SystemClock_Config) refers to stm32h7xx_hal_pwr_ex.o(i.HAL_PWREx_ConfigSupply) for HAL_PWREx_ConfigSupply
    main.o(i.SystemClock_Config) refers to stm32h7xx_hal_rcc.o(i.HAL_RCC_OscConfig) for HAL_RCC_OscConfig
    main.o(i.SystemClock_Config) refers to main.o(i.Error_Handler) for Error_Handler
    main.o(i.SystemClock_Config) refers to stm32h7xx_hal_rcc.o(i.HAL_RCC_ClockConfig) for HAL_RCC_ClockConfig
    main.o(i.get_sensor_data) refers to stm32h7xx_hal.o(i.HAL_Delay) for HAL_Delay
[...]
    _errno                                   0x24000090   Data           4  errno.o(.data)
    .bss                                     0x24000094   Section      152  i2c.o(.bss)
    .bss                                     0x2400012c   Section      228  tim.o(.bss)
    .bss                                     0x24000210   Section      864  usart.o(.bss)
    .bss                                     0x24000570   Section       24  bh1750.o(.bss)
    bh7150_dev                               0x24000570   Data          24  bh1750.o(.bss)
    .bss                                     0x24000588   Section      256  bmp280.o(.bss)
    gn_buffer                                0x24000588   Data         128  bmp280.o(.bss)
    .bss                                     0x24000688   Section      132  console.o(.bss)
    Handle                                   0x24000688   Data         132  console.o(.bss)
    .bss                                     0x2400070c   Section      256  csb.o(.bss)
    .bss                                     0x2400080c   Section      256  eb21.o(.bss)
    .bss                                     0x2400090c   Section     2048  gnss.o(.bss)
    gn_buffer                                0x2400090c   Data        1024  gnss.o(.bss)
    .bss                                     0x2400110c   Section       80  lcd.o(.bss)
    .bss                                     0x2400115c   Section      136  queue.o(.bss)
    cirbuffer                                0x2400115c   Data         136  queue.o(.bss)
    .bss                                     0x240011e4   Section       40  scd04.o(.bss)
    scd04_dev                                0x240011e4   Data          40  scd04.o(.bss)
    HEAP                                     0x24001210   Section    32768  startup_stm32h723xx.o(HEAP)
    STACK                                    0x24009210   Section    32768  startup_stm32h723xx.o(STACK)

    Global Symbols

    Symbol Name                              Value     Ov Type        Size  Object(Section)

    BuildAttributes$$THM_ISAv4$E$P$D$K$B$S$7EM$VFPv5_D16$PE$PLD8$A:L22UL41UL21$X:L11$S22US41US21$IEEE1$IW$USESV6$~STKCKD$USESV7$~SHL$OTIME$ROPI$IEEEJ$EBA8$MICROLIB$REQ8$PRES8$EABIv2 0x00000000   Number         0  anon$$obj.o ABSOLUTE
    __ARM_use_no_argv                        0x00000000   Number         0  main.o ABSOLUTE
    _printf_a                                0x00000000   Number         0  stubs.o ABSOLUTE
    _printf_c                                0x00000000   Number         0  stubs.o ABSOLUTE
    _printf_charcount                        0x00000000   Number         0  stubs.o ABSOLUTE
    _printf_d                                0x00000000   Number         0  stubs.o ABSOLUTE
    _printf_e                                0x00000000   Number         0  stubs.o ABSOLUTE
    _printf_f                                0x00000000   Number         0  stubs.o ABSOLUTE
    _printf_flags                            0x00000000   Number         0  stubs.o ABSOLUTE
    _printf_fp_dec                           0x00000000   Number         0  stubs.o ABSOLUTE
    _printf_fp_hex                           0x00000000   Number         0  stubs.o ABSOLUTE
    _printf_g                                0x00000000   Number         0  stubs.o ABSOLUTE
    _printf_i                                0x00000000   Number         0  stubs.o ABSOLUTE
    _printf_int_dec                          0x00000000   Number         0  stubs.o ABSOLUTE
    _printf_l                                0x00000000   Number         0  stubs.o ABSOLUTE
    _printf_lc                               0x00000000   Number         0  stubs.o ABSOLUTE
    _printf_ll                               0x00000000   Number         0  stubs.o ABSOLUTE
    _printf_lld                              0x00000000   Number         0  stubs.o ABSOLUTE
    _printf_lli                              0x00000000   Number         0  stubs.o ABSOLUTE
    _printf_llo                              0x00000000   Number         0  stubs.o ABSOLUTE
    _printf_llu                              0x00000000   Number         0  stubs.o ABSOLUTE
    _printf_llx                              0x00000000   Number         0  stubs.o ABSOLUTE
    _printf_longlong_dec                     0x00000000   Number         0  stubs.o ABSOLUTE
    _printf_longlong_hex                     0x00000000   Number         0  stubs.o ABSOLUTE
    _printf_longlong_oct                     0x00000000   Number         0  stubs.o ABSOLUTE
    _printf_ls                               0x00000000   Number         0  stubs.o ABSOLUTE
    _printf_mbtowc                           0x00000000   Number         0  stubs.o ABSOLUTE
    _printf_n                                0x00000000   Number         0  stubs.o ABSOLUTE
    _printf_o                                0x00000000   Number         0  stubs.o ABSOLUTE
    _printf_p                                0x00000000   Number         0  stubs.o ABSOLUTE
    _printf_percent                          0x00000000   Number         0  stubs.o ABSOLUTE
    _printf_pre_padding                      0x00000000   Number         0  stubs.o ABSOLUTE
    _printf_return_value                     0x00000000   Number         0  stubs.o ABSOLUTE
    _printf_s                                0x00000000   Number         0  stubs.o ABSOLUTE
    _printf_sizespec                         0x00000000   Number         0  stubs.o ABSOLUTE
    _printf_str                              0x00000000   Number         0  stubs.o ABSOLUTE
    _printf_truncate_signed                  0x00000000   Number         0  stubs.o ABSOLUTE
    _printf_truncate_unsigned                0x00000000   Number         0  stubs.o ABSOLUTE
    _printf_u                                0x00000000   Number         0  stubs.o ABSOLUTE
    _printf_wc                               0x00000000   Number         0  stubs.o ABSOLUTE
    _printf_wctomb                           0x00000000   Number         0  stubs.o ABSOLUTE
    _printf_widthprec                        0x00000000   Number         0  stubs.o ABSOLUTE
    _printf_x                                0x00000000   Number         0  stubs.o ABSOLUTE
    __arm_fini_                               - Undefined Weak Reference
    __cpp_initialize__aeabi_                  - Undefined Weak Reference
    __cxa_finalize                            - Undefined Weak Reference
    __decompress                              - Undefined Weak Reference
    _clock_init                               - Undefined Weak Reference
    _microlib_exit                            - Undefined Weak Reference
    __Vectors_Size                           0x000002cc   Number         0  startup_stm32h723xx.o ABSOLUTE
    __Vectors                                0x08000000   Data           4  startup_stm32h723xx.o(RESET)
    __Vectors_End                            0x080002cc   Data           0  startup_stm32h723xx.o(RESET)
    __main                                   0x080002cd   Thumb Code     0  entry.o(.ARM.Collect$$$$00000000)
    _main_stk                                0x080002cd   Thumb Code     0  entry2.o(.ARM.Collect$$$$00000001)
    _main_scatterload                        0x080002d1   Thumb Code     0  entry5.o(.ARM.Collect$$$$00000004)
    __main_after_scatterload                 0x080002d5   Thumb Code     0  entry5.o(.ARM.Collect$$$$00000004)
    _main_clock                              0x080002d5   Thumb Code     0  entry7b.o(.ARM.Collect$$$$00000008)
    _main_cpp_init                           0x080002d5   Thumb Code     0  entry8b.o(.ARM.Collect$$$$0000000A)
    _main_init                               0x080002d5   Thumb Code     0  entry9a.o(.ARM.Collect$$$$0000000B)
    __rt_lib_shutdown_fini                   0x080002dd   Thumb Code     0  entry12b.o(.ARM.Collect$$$$0000000E)
    __rt_final_cpp                           0x080002e1   Thumb Code     0  entry10a.o(.ARM.Collect$$$$0000000F)
    __rt_final_exit                          0x080002e1   Thumb Code     0  entry11a.o(.ARM.Collect$$$$00000011)
    Reset_Handler                            0x080002e5   Thumb Code     8  startup_stm32h723xx.o(.text)
    ADC3_IRQHandler                          0x080002ff   Thumb Code     0  startup_stm32h723xx.o(.text)
    ADC_IRQHandler                           0x080002ff   Thumb Code     0  startup_stm32h723xx.o(.text)
    BDMA_Channel0_IRQHandler                 0x080002ff   Thumb Code     0  startup_stm32h723xx.o(.text)
    BDMA_Channel1_IRQHandler                 0x080002ff   Thumb Code     0  startup_stm32h723xx.o(.text)
    BDMA_Channel2_IRQHandler                 0x080002ff   Thumb Code     0  startup_stm32h723xx.o(.text)
    BDMA_Channel3_IRQHandler                 0x080002ff   Thumb Code     0  startup_stm32h723xx.o(.text)
    BDMA_Channel4_IRQHandler                 0x080002ff   Thumb Code     0  startup_stm32h723xx.o(.text)
    BDMA_Channel5_IRQHandler                 0x080002ff   Thumb Code     0  startup_stm32h723xx.o(.text)
    BDMA_Channel6_IRQHandler                 0x080002ff   Thumb Code     0  startup_stm32h723xx.o(.text)
    BDMA_Channel7_IRQHandler                 0x080002ff   Thumb Code     0  startup_stm32h723xx.o(.text)
    CEC_IRQHandler                           0x080002ff   Thumb Code     0  startup_stm32h723xx.o(.text)
    COMP1_IRQHandler                         0x080002ff   Thumb Code     0  startup_stm32h723xx.o(.text)
    CORDIC_IRQHandler                        0x080002ff   Thumb Code     0  startup_stm32h723xx.o(.text)
    CRS_IRQHandler                           0x080002ff   Thumb Code     0  startup_stm32h723xx.o(.text)
    DCMI_PSSI_IRQHandler                     0x080002ff   Thumb Code     0  startup_stm32h723xx.o(.text)
    DFSDM1_FLT0_IRQHandler                   0x080002ff   Thumb Code     0  startup_stm32h723xx.o(.text)
    DFSDM1_FLT1_IRQHandler                   0x080002ff   Thumb Code     0  startup_stm32h723xx.o(.text)
    DFSDM1_FLT2_IRQHandler                   0x080002ff   Thumb Code     0  startup_stm32h723xx.o(.text)
    DFSDM1_FLT3_IRQHandler                   0x080002ff   Thumb Code     0  startup_stm32h723xx.o(.text)
    DMA1_Stream0_IRQHandler                  0x080002ff   Thumb Code     0  startup_stm32h723xx.o(.text)
    DMA1_Stream1_IRQHandler                  0x080002ff   Thumb Code     0  startup_stm32h723xx.o(.text)
    DMA1_Stream2_IRQHandler                  0x080002ff   Thumb Code     0  startup_stm32h723xx.o(.text)
    DMA1_Stream3_IRQHandler                  0x080002ff   Thumb Code     0  startup_stm32h723xx.o(.text)
    DMA1_Stream4_IRQHandler                  0x080002ff   Thumb Code     0  startup_stm32h723xx.o(.text)
    DMA1_Stream5_IRQHandler                  0x080002ff   Thumb Code     0  startup_stm32h723xx.o(.text)
    DMA1_Stream6_IRQHandler                  0x080002ff   Thumb Code     0  startup_stm32h723xx.o(.text)
    DMA1_Stream7_IRQHandler                  0x080002ff   Thumb Code     0  startup_stm32h723xx.o(.text)
    DMA2D_IRQHandler                         0x080002ff   Thumb Code     0  startup_stm32h723xx.o(.text)
    DMA2_Stream0_IRQHandler                  0x080002ff   Thumb Code     0  startup_stm32h723xx.o(.text)
    DMA2_Stream1_IRQHandler                  0x080002ff   Thumb Code     0  startup_stm32h723xx.o(.text)
    DMA2_Stream2_IRQHandler                  0x080002ff   Thumb Code     0  startup_stm32h723xx.o(.text)
    DMA2_Stream3_IRQHandler                  0x080002ff   Thumb Code     0  startup_stm32h723xx.o(.text)
    DMA2_Stream4_IRQHandler                  0x080002ff   Thumb Code     0  startup_stm32h723xx.o(.text)
    DMA2_Stream5_IRQHandler                  0x080002ff   Thumb Code     0  startup_stm32h723xx.o(.text)
    DMA2_Stream6_IRQHandler                  0x080002ff   Thumb Code     0  startup_stm32h723xx.o(.text)
    DMA2_Stream7_IRQHandler                  0x080002ff   Thumb Code     0  startup_stm32h723xx.o(.text)
    DMAMUX1_OVR_IRQHandler                   0x080002ff   Thumb Code     0  startup_stm32h723xx.o(.text)
    DMAMUX2_OVR_IRQHandler                   0x080002ff   Thumb Code     0  startup_stm32h723xx.o(.text)
    DTS_IRQHandler                           0x080002ff   Thumb Code     0  startup_stm32h723xx.o(.text)
    ECC_IRQHandler                           0x080002ff   Thumb Code     0  startup_stm32h723xx.o(.text)
    ETH_IRQHandler                           0x080002ff   Thumb Code     0  startup_stm32h723xx.o(.text)
    ETH_WKUP_IRQHandler                      0x080002ff   Thumb Code     0  startup_stm32h723xx.o(.text)
    EXTI0_IRQHandler                         0x080002ff   Thumb Code     0  startup_stm32h723xx.o(.text)
    EXTI1_IRQHandler                         0x080002ff   Thumb Code     0  startup_stm32h723xx.o(.text)
    EXTI2_IRQHandler                         0x080002ff   Thumb Code     0  startup_stm32h723xx.o(.text)
    EXTI3_IRQHandler                         0x080002ff   Thumb Code     0  startup_stm32h723xx.o(.text)
    EXTI4_IRQHandler                         0x080002ff   Thumb Code     0  startup_stm32h723xx.o(.text)
    EXTI9_5_IRQHandler                       0x080002ff   Thumb Code     0  startup_stm32h723xx.o(.text)
    FDCAN1_IT0_IRQHandler                    0x080002ff   Thumb Code     0  startup_stm32h723xx.o(.text)
    FDCAN1_IT1_IRQHandler                    0x080002ff   Thumb Code     0  startup_stm32h723xx.o(.text)
    FDCAN2_IT0_IRQHandler                    0x080002ff   Thumb Code     0  startup_stm32h723xx.o(.text)
    FDCAN2_IT1_IRQHandler                    0x080002ff   Thumb Code     0  startup_stm32h723xx.o(.text)
    FDCAN3_IT0_IRQHandler                    0x080002ff   Thumb Code     0  startup_stm32h723xx.o(.text)
    FDCAN3_IT1_IRQHandler                    0x080002ff   Thumb Code     0  startup_stm32h723xx.o(.text)
    FDCAN_CAL_IRQHandler                     0x080002ff   Thumb Code     0  startup_stm32h723xx.o(.text)
    FLASH_IRQHandler                         0x080002ff   Thumb Code     0  startup_stm32h723xx.o(.text)
    FMAC_IRQHandler                          0x080002ff   Thumb Code     0  startup_stm32h723xx.o(.text)
    FMC_IRQHandler                           0x080002ff   Thumb Code     0  startup_stm32h723xx.o(.text)
    FPU_IRQHandler                           0x080002ff   Thumb Code     0  startup_stm32h723xx.o(.text)
    HSEM1_IRQHandler                         0x080002ff   Thumb Code     0  startup_stm32h723xx.o(.text)
    I2C1_ER_IRQHandler                       0x080002ff   Thumb Code     0  startup_stm32h723xx.o(.text)
    I2C1_EV_IRQHandler                       0x080002ff   Thumb Code     0  startup_stm32h723xx.o(.text)
    I2C2_ER_IRQHandler                       0x080002ff   Thumb Code     0  startup_stm32h723xx.o(.text)
    I2C2_EV_IRQHandler                       0x080002ff   Thumb Code     0  startup_stm32h723xx.o(.text)
    I2C3_ER_IRQHandler                       0x080002ff   Thumb Code     0  startup_stm32h723xx.o(.text)
    I2C3_EV_IRQHandler                       0x080002ff   Thumb Code     0  startup_stm32h723xx.o(.text)
    I2C4_ER_IRQHandler                       0x080002ff   Thumb Code     0  startup_stm32h723xx.o(.text)
    I2C4_EV_IRQHandler                       0x080002ff   Thumb Code     0  startup_stm32h723xx.o(.text)
    I2C5_ER_IRQHandler                       0x080002ff   Thumb Code     0  startup_stm32h723xx.o(.text)
    I2C5_EV_IRQHandler                       0x080002ff   Thumb Code     0  startup_stm32h723xx.o(.text)
    LPTIM1_IRQHandler                        0x080002ff   Thumb Code     0  startup_stm32h723xx.o(.text)
    LPTIM2_IRQHandler                        0x080002ff   Thumb Code     0  startup_stm32h723xx.o(.text)
    LPTIM3_IRQHandler                        0x080002ff   Thumb Code     0  startup_stm32h723xx.o(.text)
    LPTIM4_IRQHandler                        0x080002ff   Thumb Code     0  startup_stm32h723xx.o(.text)
    LPTIM5_IRQHandler                        0x080002ff   Thumb Code     0  startup_stm32h723xx.o(.text)
    LPUART1_IRQHandler                       0x080002ff   Thumb Code     0  startup_stm32h723xx.o(.text)
    LTDC_ER_IRQHandler                       0x080002ff   Thumb Code     0  startup_stm32h723xx.o(.text)
    LTDC_IRQHandler                          0x080002ff   Thumb Code     0  startup_stm32h723xx.o(.text)
    MDIOS_IRQHandler                         0x080002ff   Thumb Code     0  startup_stm32h723xx.o(.text)
    MDIOS_WKUP_IRQHandler                    0x080002ff   Thumb Code     0  startup_stm32h723xx.o(.text)
    MDMA_IRQHandler                          0x080002ff   Thumb Code     0  startup_stm32h723xx.o(.text)
    OCTOSPI1_IRQHandler                      0x080002ff   Thumb Code     0  startup_stm32h723xx.o(.text)
    OCTOSPI2_IRQHandler                      0x080002ff   Thumb Code     0  startup_stm32h723xx.o(.text)
    OTG_HS_EP1_IN_IRQHandler                 0x080002ff   Thumb Code     0  startup_stm32h723xx.o(.text)
    OTG_HS_EP1_OUT_IRQHandler                0x080002ff   Thumb Code     0  startup_stm32h723xx.o(.text)
    OTG_HS_IRQHandler                        0x080002ff   Thumb Code     0  startup_stm32h723xx.o(.text)
    OTG_HS_WKUP_IRQHandler                   0x080002ff   Thumb Code     0  startup_stm32h723xx.o(.text)
    PVD_AVD_IRQHandler                       0x080002ff   Thumb Code     0  startup_stm32h723xx.o(.text)
    RCC_IRQHandler                           0x080002ff   Thumb Code     0  startup_stm32h723xx.o(.text)
    RNG_IRQHandler                           0x080002ff   Thumb Code     0  startup_stm32h723xx.o(.text)
    RTC_Alarm_IRQHandler                     0x080002ff   Thumb Code     0  startup_stm32h723xx.o(.text)
    RTC_WKUP_IRQHandler                      0x080002ff   Thumb Code     0  startup_stm32h723xx.o(.text)
    SAI1_IRQHandler                          0x080002ff   Thumb Code     0  startup_stm32h723xx.o(.text)
    SAI4_IRQHandler                          0x080002ff   Thumb Code     0  startup_stm32h723xx.o(.text)
    SDMMC1_IRQHandler                        0x080002ff   Thumb Code     0  startup_stm32h723xx.o(.text)
    SDMMC2_IRQHandler                        0x080002ff   Thumb Code     0  startup_stm32h723xx.o(.text)
    SPDIF_RX_IRQHandler                      0x080002ff   Thumb Code     0  startup_stm32h723xx.o(.text)
    SPI1_IRQHandler                          0x080002ff   Thumb Code     0  startup_stm32h723xx.o(.text)
    SPI2_IRQHandler                          0x080002ff   Thumb Code     0  startup_stm32h723xx.o(.text)
    SPI3_IRQHandler                          0x080002ff   Thumb Code     0  startup_stm32h723xx.o(.text)
    SPI4_IRQHandler                          0x080002ff   Thumb Code     0  startup_stm32h723xx.o(.text)
    SPI5_IRQHandler                          0x080002ff   Thumb Code     0  startup_stm32h723xx.o(.text)
    SPI6_IRQHandler                          0x080002ff   Thumb Code     0  startup_stm32h723xx.o(.text)
    SWPMI1_IRQHandler                        0x080002ff   Thumb Code     0  startup_stm32h723xx.o(.text)
    TAMP_STAMP_IRQHandler                    0x080002ff   Thumb Code     0  startup_stm32h723xx.o(.text)
    TIM15_IRQHandler                         0x080002ff   Thumb Code     0  startup_stm32h723xx.o(.text)
    TIM16_IRQHandler                         0x080002ff   Thumb Code     0  startup_stm32h723xx.o(.text)
    TIM17_IRQHandler                         0x080002ff   Thumb Code     0  startup_stm32h723xx.o(.text)
    TIM1_BRK_IRQHandler                      0x080002ff   Thumb Code     0  startup_stm32h723xx.o(.text)
    TIM1_CC_IRQHandler                       0x080002ff   Thumb Code     0  startup_stm32h723xx.o(.text)
    TIM1_TRG_COM_IRQHandler                  0x080002ff   Thumb Code     0  startup_stm32h723xx.o(.text)
    TIM1_UP_IRQHandler                       0x080002ff   Thumb Code     0  startup_stm32h723xx.o(.text)
    TIM23_IRQHandler                         0x080002ff   Thumb Code     0  startup_stm32h723xx.o(.text)
    TIM24_IRQHandler                         0x080002ff   Thumb Code     0  startup_stm32h723xx.o(.text)
    TIM3_IRQHandler                          0x080002ff   Thumb Code     0  startup_stm32h723xx.o(.text)
    TIM4_IRQHandler                          0x080002ff   Thumb Code     0  startup_stm32h723xx.o(.text)
    TIM5_IRQHandler                          0x080002ff   Thumb Code     0  startup_stm32h723xx.o(.text)
    TIM6_DAC_IRQHandler                      0x080002ff   Thumb Code     0  startup_stm32h723xx.o(.text)
    TIM7_IRQHandler                          0x080002ff   Thumb Code     0  startup_stm32h723xx.o(.text)
    TIM8_BRK_TIM12_IRQHandler                0x080002ff   Thumb Code     0  startup_stm32h723xx.o(.text)
    TIM8_CC_IRQHandler                       0x080002ff   Thumb Code     0  startup_stm32h723xx.o(.text)
    TIM8_TRG_COM_TIM14_IRQHandler            0x080002ff   Thumb Code     0  startup_stm32h723xx.o(.text)
    TIM8_UP_TIM13_IRQHandler                 0x080002ff   Thumb Code     0  startup_stm32h723xx.o(.text)
    UART8_IRQHandler                         0x080002ff   Thumb Code     0  startup_stm32h723xx.o(.text)
    UART9_IRQHandler                         0x080002ff   Thumb Code     0  startup_stm32h723xx.o(.text)
    USART2_IRQHandler                        0x080002ff   Thumb Code     0  startup_stm32h723xx.o(.text)
    USART6_IRQHandler                        0x080002ff   Thumb Code     0  startup_stm32h723xx.o(.text)
    WAKEUP_PIN_IRQHandler                    0x080002ff   Thumb Code     0  startup_stm32h723xx.o(.text)
    WWDG_IRQHandler                          0x080002ff   Thumb Code     0  startup_stm32h723xx.o(.text)
    __aeabi_uldivmod                         0x08000309   Thumb Code    98  uldiv.o(.text)
    __aeabi_memcpy                           0x0800036b   Thumb Code    36  memcpya.o(.text)
    __aeabi_memcpy4                          0x0800036b   Thumb Code     0  memcpya.o(.text)
    __aeabi_memcpy8                          0x0800036b   Thumb Code     0  memcpya.o(.text)
    __aeabi_memset                           0x0800038f   Thumb Code    14  memseta.o(.text)
    __aeabi_memset4                          0x0800038f   Thumb Code     0  memseta.o(.text)
    __aeabi_memset8                          0x0800038f   Thumb Code     0  memseta.o(.text)
    __aeabi_memclr                           0x0800039d   Thumb Code     4  memseta.o(.text)
    __aeabi_memclr4                          0x0800039d   Thumb Code     0  memseta.o(.text)
    __aeabi_memclr8                          0x0800039d   Thumb Code     0  memseta.o(.text)
    _memset$wrapper                          0x080003a1   Thumb Code    18  memseta.o(.text)
    strlen                                   0x080003b3   Thumb Code    14  strlen.o(.text)
    strcmp                                   0x080003c1   Thumb Code    28  strcmp.o(.text)
    memcmp                                   0x080003dd   Thumb Code    26  memcmp.o(.text)
    strcpy                                   0x080003f7   Thumb Code    18  strcpy.o(.text)
    strtok                                   0x08000409   Thumb Code    62  strtok.o(.text)
    atoi                                     0x0800044d   Thumb Code    26  atoi.o(.text)
    __aeabi_uidiv                            0x08000467   Thumb Code     0  uidiv.o(.text)
    __aeabi_uidivmod                         0x08000467   Thumb Code    44  uidiv.o(.text)
    __aeabi_llsl                             0x08000493   Thumb Code    30  llshl.o(.text)
    _ll_shift_l                              0x08000493   Thumb Code     0  llshl.o(.text)
    __aeabi_llsr                             0x080004b1   Thumb Code    32  llushr.o(.text)
    _ll_ushift_r                             0x080004b1   Thumb Code     0  llushr.o(.text)
    __strtod_int                             0x08000507   Thumb Code    90  strtod.o(.text)
    strtol                                   0x0800056d   Thumb Code   112  strtol.o(.text)
    __I$use$fp                               0x080005dd   Thumb Code     0  iusefp.o(.text)
    __aeabi_dadd                             0x080005dd   Thumb Code   322  dadd.o(.text)
    __aeabi_dsub                             0x0800071f   Thumb Code     6  dadd.o(.text)
    __aeabi_drsub                            0x08000725   Thumb Code     6  dadd.o(.text)
    __aeabi_dmul                             0x0800072b   Thumb Code   228  dmul.o(.text)
    __aeabi_ddiv                             0x0800080f   Thumb Code   222  ddiv.o(.text)
    __aeabi_d2ulz                            0x080008ed   Thumb Code    48  dfixul.o(.text)
    __aeabi_cdrcmple                         0x0800091d   Thumb Code    48  cdrcmple.o(.text)
    __scatterload                            0x0800094d   Thumb Code    28  init.o(.text)
    __scatterload_rt2                        0x0800094d   Thumb Code     0  init.o(.text)
    __aeabi_lasr                             0x08000971   Thumb Code    36  llsshr.o(.text)
    _ll_sshift_r                             0x08000971   Thumb Code     0  llsshr.o(.text)
    __rt_ctype_table                         0x08000995   Thumb Code     4  ctype_o.o(.text)
    isspace                                  0x0800099d   Thumb Code    18  isspace_o.o(.text)
    _scanf_real                              0x08000ad9   Thumb Code     0  scanf_fp.o(.text)
    _scanf_really_real                       0x08000ad9   Thumb Code   556  scanf_fp.o(.text)
    _sgetc                                   0x08000d11   Thumb Code    30  _sgetc.o(.text)
    _sbackspace                              0x08000d2f   Thumb Code    34  _sgetc.o(.text)
    _strtoul                                 0x08000d51   Thumb Code   158  _strtoul.o(.text)
    _double_round                            0x08000def   Thumb Code    30  depilogue.o(.text)
    _double_epilogue                         0x08000e0d   Thumb Code   156  depilogue.o(.text)
    _chval                                   0x08000ea9   Thumb Code    28  _chval.o(.text)
    __aeabi_ul2d                             0x08000ec5   Thumb Code    24  dfltul.o(.text)
    __aeabi_d2f                              0x08000edd   Thumb Code    56  d2f.o(.text)
    _float_round                             0x08000f15   Thumb Code    18  fepilogue.o(.text)
    _float_epilogue                          0x08000f27   Thumb Code    92  fepilogue.o(.text)
    BH1750_INIT                              0x08000f85   Thumb Code    22  bh1750.o(i.BH1750_INIT)
    BH7150_cmd_register                      0x08001071   Thumb Code    24  bh1750.o(i.BH7150_cmd_register)
    BusFault_Handler                         0x0800108d   Thumb Code     4  stm32h7xx_it.o(i.BusFault_Handler)
    DHT11_Data                               0x08001091   Thumb Code   292  dht11.o(i.DHT11_Data)
    DebugMon_Handler                         0x0800142d   Thumb Code     2  stm32h7xx_it.o(i.DebugMon_Handler)
    EXTI15_10_IRQHandler                     0x08001469   Thumb Code    28  stm32h7xx_it.o(i.EXTI15_10_IRQHandler)
    Error_Handler                            0x08001485   Thumb Code     6  main.o(i.Error_Handler)
    HAL_DMA_Abort                            0x0800148d   Thumb Code  1236  stm32h7xx_hal_dma.o(i.HAL_DMA_Abort)
    HAL_DMA_Abort_IT                         0x08001969   Thumb Code   906  stm32h7xx_hal_dma.o(i.HAL_DMA_Abort_IT)
    HAL_Delay                                0x08001d01   Thumb Code    36  stm32h7xx_hal.o(i.HAL_Delay)
    HAL_GPIO_EXTI_Callback                   0x08001d29   Thumb Code   208  main.o(i.HAL_GPIO_EXTI_Callback)
    HAL_GPIO_EXTI_IRQHandler                 0x08001e25   Thumb Code    24  stm32h7xx_hal_gpio.o(i.HAL_GPIO_EXTI_IRQHandler)
    HAL_GPIO_Init                            0x08001e41   Thumb Code   446  stm32h7xx_hal_gpio.o(i.HAL_GPIO_Init)
    HAL_GPIO_ReadPin                         0x08002031   Thumb Code    16  stm32h7xx_hal_gpio.o(i.HAL_GPIO_ReadPin)
    HAL_GPIO_WritePin                        0x08002041   Thumb Code    12  stm32h7xx_hal_gpio.o(i.HAL_GPIO_WritePin)
    HAL_GetTick                              0x0800204d   Thumb Code     6  stm32h7xx_hal.o(i.HAL_GetTick)
    HAL_I2CEx_ConfigAnalogFilter             0x08002059   Thumb Code   106  stm32h7xx_hal_i2c_ex.o(i.HAL_I2CEx_ConfigAnalogFilter)
    HAL_I2CEx_ConfigDigitalFilter            0x080020c3   Thumb Code   104  stm32h7xx_hal_i2c_ex.o(i.HAL_I2CEx_ConfigDigitalFilter)
    HAL_I2C_Init                             0x0800212d   Thumb Code   192  stm32h7xx_hal_i2c.o(i.HAL_I2C_Init)
    HAL_I2C_Master_Receive                   0x080021f1   Thumb Code   348  stm32h7xx_hal_i2c.o(i.HAL_I2C_Master_Receive)
    HAL_I2C_Master_Transmit                  0x08002355   Thumb Code   344  stm32h7xx_hal_i2c.o(i.HAL_I2C_Master_Transmit)
    HAL_I2C_MspInit                          0x080024b5   Thumb Code   310  i2c.o(i.HAL_I2C_MspInit)
    HAL_IncTick                              0x08002605   Thumb Code    16  stm32h7xx_hal.o(i.HAL_IncTick)
    HAL_Init                                 0x0800261d   Thumb Code    80  stm32h7xx_hal.o(i.HAL_Init)
    HAL_InitTick                             0x0800267d   Thumb Code    74  stm32h7xx_hal.o(i.HAL_InitTick)
    HAL_MspInit                              0x080026d5   Thumb Code    32  stm32h7xx_hal_msp.o(i.HAL_MspInit)
    HAL_NVIC_EnableIRQ                       0x080026f9   Thumb Code    40  stm32h7xx_hal_cortex.o(i.HAL_NVIC_EnableIRQ)
    HAL_NVIC_SetPriority                     0x08002721   Thumb Code   122  stm32h7xx_hal_cortex.o(i.HAL_NVIC_SetPriority)
    HAL_NVIC_SetPriorityGrouping             0x0800279d   Thumb Code    32  stm32h7xx_hal_cortex.o(i.HAL_NVIC_SetPriorityGrouping)
    HAL_PWREx_ConfigSupply                   0x080027c5   Thumb Code    90  stm32h7xx_hal_pwr_ex.o(i.HAL_PWREx_ConfigSupply)
    HAL_RCCEx_GetD3PCLK1Freq                 0x08002825   Thumb Code    26  stm32h7xx_hal_rcc_ex.o(i.HAL_RCCEx_GetD3PCLK1Freq)
    HAL_RCCEx_GetPLL2ClockFreq               0x08002849   Thumb Code   536  stm32h7xx_hal_rcc_ex.o(i.HAL_RCCEx_GetPLL2ClockFreq)
    HAL_RCCEx_GetPLL3ClockFreq               0x08002a79   Thumb Code   536  stm32h7xx_hal_rcc_ex.o(i.HAL_RCCEx_GetPLL3ClockFreq)
    HAL_RCCEx_PeriphCLKConfig                0x08002ca9   Thumb Code  2768  stm32h7xx_hal_rcc_ex.o(i.HAL_RCCEx_PeriphCLKConfig)
    HAL_RCC_ClockConfig                      0x0800377d   Thumb Code   774  stm32h7xx_hal_rcc.o(i.HAL_RCC_ClockConfig)
    HAL_RCC_GetHCLKFreq                      0x08003a9d   Thumb Code    60  stm32h7xx_hal_rcc.o(i.HAL_RCC_GetHCLKFreq)
    HAL_RCC_GetPCLK1Freq                     0x08003ae9   Thumb Code    26  stm32h7xx_hal_rcc.o(i.HAL_RCC_GetPCLK1Freq)
    HAL_RCC_GetPCLK2Freq                     0x08003b0d   Thumb Code    26  stm32h7xx_hal_rcc.o(i.HAL_RCC_GetPCLK2Freq)
    HAL_RCC_GetSysClockFreq                  0x08003b31   Thumb Code   524  stm32h7xx_hal_rcc.o(i.HAL_RCC_GetSysClockFreq)
    HAL_RCC_OscConfig                        0x08003d5d   Thumb Code  1786  stm32h7xx_hal_rcc.o(i.HAL_RCC_OscConfig)
    HAL_SYSTICK_Config                       0x08004461   Thumb Code    52  stm32h7xx_hal_cortex.o(i.HAL_SYSTICK_Config)
    HAL_TIMEx_Break2Callback                 0x08004495   Thumb Code     2  stm32h7xx_hal_tim_ex.o(i.HAL_TIMEx_Break2Callback)
    HAL_TIMEx_BreakCallback                  0x08004497   Thumb Code     2  stm32h7xx_hal_tim_ex.o(i.HAL_TIMEx_BreakCallback)
    HAL_TIMEx_CommutCallback                 0x08004499   Thumb Code     2  stm32h7xx_hal_tim_ex.o(i.HAL_TIMEx_CommutCallback)
    HAL_TIMEx_MasterConfigSynchronization    0x0800449d   Thumb Code   190  stm32h7xx_hal_tim_ex.o(i.HAL_TIMEx_MasterConfigSynchronization)
    HAL_TIM_Base_Init                        0x08004581   Thumb Code   110  stm32h7xx_hal_tim.o(i.HAL_TIM_Base_Init)
    HAL_TIM_Base_MspInit                     0x080045f1   Thumb Code    98  tim.o(i.HAL_TIM_Base_MspInit)
    HAL_TIM_Base_Start                       0x0800465d   Thumb Code   150  stm32h7xx_hal_tim.o(i.HAL_TIM_Base_Start)
    HAL_TIM_Base_Start_IT                    0x0800471d   Thumb Code   162  stm32h7xx_hal_tim.o(i.HAL_TIM_Base_Start_IT)
    HAL_TIM_Base_Stop                        0x080047e9   Thumb Code    50  stm32h7xx_hal_tim.o(i.HAL_TIM_Base_Stop)
    HAL_TIM_Base_Stop_IT                     0x0800481b   Thumb Code    62  stm32h7xx_hal_tim.o(i.HAL_TIM_Base_Stop_IT)
    HAL_TIM_ConfigClockSource                0x08004859   Thumb Code   304  stm32h7xx_hal_tim.o(i.HAL_TIM_ConfigClockSource)
    HAL_TIM_IC_CaptureCallback               0x0800498d   Thumb Code     2  stm32h7xx_hal_tim.o(i.HAL_TIM_IC_CaptureCallback)
    HAL_TIM_IRQHandler                       0x0800498f   Thumb Code   440  stm32h7xx_hal_tim.o(i.HAL_TIM_IRQHandler)
    HAL_TIM_MspPostInit                      0x08004b49   Thumb Code    80  tim.o(i.HAL_TIM_MspPostInit)
    HAL_TIM_OC_DelayElapsedCallback          0x08004ba5   Thumb Code     2  stm32h7xx_hal_tim.o(i.HAL_TIM_OC_DelayElapsedCallback)
    HAL_TIM_PWM_ConfigChannel                0x08004ba7   Thumb Code   368  stm32h7xx_hal_tim.o(i.HAL_TIM_PWM_ConfigChannel)
    HAL_TIM_PWM_Init                         0x08004d17   Thumb Code   110  stm32h7xx_hal_tim.o(i.HAL_TIM_PWM_Init)
    HAL_TIM_PWM_MspInit                      0x08004d85   Thumb Code    40  tim.o(i.HAL_TIM_PWM_MspInit)
    HAL_TIM_PWM_PulseFinishedCallback        0x08004db5   Thumb Code     2  stm32h7xx_hal_tim.o(i.HAL_TIM_PWM_PulseFinishedCallback)
    HAL_TIM_PWM_Start                        0x08004db9   Thumb Code   330  stm32h7xx_hal_tim.o(i.HAL_TIM_PWM_Start)
    HAL_TIM_PeriodElapsedCallback            0x08004f35   Thumb Code    50  main.o(i.HAL_TIM_PeriodElapsedCallback)
    HAL_TIM_TriggerCallback                  0x08004f7d   Thumb Code     2  stm32h7xx_hal_tim.o(i.HAL_TIM_TriggerCallback)
    HAL_UARTEx_DisableFifoMode               0x08004f7f   Thumb Code    78  stm32h7xx_hal_uart_ex.o(i.HAL_UARTEx_DisableFifoMode)
    HAL_UARTEx_RxEventCallback               0x08004fcd   Thumb Code     2  stm32h7xx_hal_uart.o(i.HAL_UARTEx_RxEventCallback)
    HAL_UARTEx_RxFifoFullCallback            0x08004fcf   Thumb Code     2  stm32h7xx_hal_uart_ex.o(i.HAL_UARTEx_RxFifoFullCallback)
    HAL_UARTEx_SetRxFifoThreshold            0x08004fd1   Thumb Code    94  stm32h7xx_hal_uart_ex.o(i.HAL_UARTEx_SetRxFifoThreshold)
    HAL_UARTEx_SetTxFifoThreshold            0x0800502f   Thumb Code    94  stm32h7xx_hal_uart_ex.o(i.HAL_UARTEx_SetTxFifoThreshold)
    HAL_UARTEx_TxFifoEmptyCallback           0x0800508d   Thumb Code     2  stm32h7xx_hal_uart_ex.o(i.HAL_UARTEx_TxFifoEmptyCallback)
    HAL_UARTEx_WakeupCallback                0x0800508f   Thumb Code     2  stm32h7xx_hal_uart_ex.o(i.HAL_UARTEx_WakeupCallback)
    HAL_UART_ErrorCallback                   0x08005091   Thumb Code     2  stm32h7xx_hal_uart.o(i.HAL_UART_ErrorCallback)
    HAL_UART_IRQHandler                      0x08005095   Thumb Code  1112  stm32h7xx_hal_uart.o(i.HAL_UART_IRQHandler)
    HAL_UART_Init                            0x080054ed   Thumb Code   120  stm32h7xx_hal_uart.o(i.HAL_UART_Init)
    HAL_UART_MspInit                         0x08005565   Thumb Code   856  usart.o(i.HAL_UART_MspInit)
    HAL_UART_Receive_IT                      0x080058e9   Thumb Code   110  stm32h7xx_hal_uart.o(i.HAL_UART_Receive_IT)
    HAL_UART_RxCpltCallback                  0x0800595d   Thumb Code   356  main.o(i.HAL_UART_RxCpltCallback)
    HAL_UART_Transmit                        0x08005b25   Thumb Code   214  stm32h7xx_hal_uart.o(i.HAL_UART_Transmit)
    HAL_UART_TxCpltCallback                  0x08005bfb   Thumb Code     2  stm32h7xx_hal_uart.o(i.HAL_UART_TxCpltCallback)
    HardFault_Handler                        0x08005bfd   Thumb Code     4  stm32h7xx_it.o(i.HardFault_Handler)
    MX_GPIO_Init                             0x08005f71   Thumb Code   408  gpio.o(i.MX_GPIO_Init)
    MX_I2C2_Init                             0x08006121   Thumb Code    74  i2c.o(i.MX_I2C2_Init)
    MX_I2C3_Init                             0x08006179   Thumb Code    74  i2c.o(i.MX_I2C3_Init)
    MX_TIM1_Init                             0x080061d1   Thumb Code   106  tim.o(i.MX_TIM1_Init)
    MX_TIM2_Init                             0x08006245   Thumb Code   108  tim.o(i.MX_TIM2_Init)
    MX_TIM3_Init                             0x080062b5   Thumb Code   116  tim.o(i.MX_TIM3_Init)
    MX_UART4_Init                            0x08006331   Thumb Code    98  usart.o(i.MX_UART4_Init)
    MX_UART5_Init                            0x0800639d   Thumb Code    98  usart.o(i.MX_UART5_Init)
    MX_UART7_Init                            0x08006409   Thumb Code    98  usart.o(i.MX_UART7_Init)
    MX_USART10_UART_Init                     0x08006475   Thumb Code    98  usart.o(i.MX_USART10_UART_Init)
    MX_USART1_UART_Init                      0x080064e1   Thumb Code    98  usart.o(i.MX_USART1_UART_Init)
    MX_USART3_UART_Init                      0x0800654d   Thumb Code    98  usart.o(i.MX_USART3_UART_Init)
    MemManage_Handler                        0x080065b9   Thumb Code     4  stm32h7xx_it.o(i.MemManage_Handler)
    NMI_Handler                              0x080065bd   Thumb Code     4  stm32h7xx_it.o(i.NMI_Handler)
    PendSV_Handler                           0x080065c1   Thumb Code     2  stm32h7xx_it.o(i.PendSV_Handler)
    SCD04_INIT                               0x0800688d   Thumb Code    16  scd04.o(i.SCD04_INIT)
    SCD04_cmd_register                       0x080068ad   Thumb Code    24  scd04.o(i.SCD04_cmd_register)
    SVC_Handler                              0x080068eb   Thumb Code     2  stm32h7xx_it.o(i.SVC_Handler)
    SysTick_Handler                          0x080068ed   Thumb Code     8  stm32h7xx_it.o(i.SysTick_Handler)
    SystemClock_Config                       0x080068f5   Thumb Code   150  main.o(i.SystemClock_Config)
    SystemInit                               0x08006991   Thumb Code   192  system_stm32h7xx.o(i.SystemInit)
    TIM2_IRQHandler                          0x08006a71   Thumb Code    10  stm32h7xx_it.o(i.TIM2_IRQHandler)
    TIM_Base_SetConfig                       0x08006a81   Thumb Code   182  stm32h7xx_hal_tim.o(i.TIM_Base_SetConfig)
    TIM_CCxChannelCmd                        0x08006b61   Thumb Code    34  stm32h7xx_hal_tim.o(i.TIM_CCxChannelCmd)
    TIM_ETR_SetConfig                        0x08006b83   Thumb Code    22  stm32h7xx_hal_tim.o(i.TIM_ETR_SetConfig)
    TIM_OC2_SetConfig                        0x08006c5d   Thumb Code   156  stm32h7xx_hal_tim.o(i.TIM_OC2_SetConfig)
    UART4_IRQHandler                         0x08006f69   Thumb Code    10  stm32h7xx_it.o(i.UART4_IRQHandler)
    UART5_IRQHandler                         0x08006f79   Thumb Code    10  stm32h7xx_it.o(i.UART5_IRQHandler)
    UART7_IRQHandler                         0x08006f89   Thumb Code    10  stm32h7xx_it.o(i.UART7_IRQHandler)
    UART_AdvFeatureConfig                    0x08006ff1   Thumb Code   248  stm32h7xx_hal_uart.o(i.UART_AdvFeatureConfig)
    UART_CheckIdleState                      0x080070e9   Thumb Code   118  stm32h7xx_hal_uart.o(i.UART_CheckIdleState)
    UART_SenddBuf                            0x08007749   Thumb Code    28  usr_uart.o(i.UART_SenddBuf)
    UART_SetConfig                           0x08007765   Thumb Code  1558  stm32h7xx_hal_uart.o(i.UART_SetConfig)
    UART_Start_Receive_IT                    0x08007d8d   Thumb Code   352  stm32h7xx_hal_uart.o(i.UART_Start_Receive_IT)
    UART_WaitOnFlagUntilTimeout              0x08007efd   Thumb Code   254  stm32h7xx_hal_uart.o(i.UART_WaitOnFlagUntilTimeout)
    USART10_IRQHandler                       0x08007ffd   Thumb Code    10  stm32h7xx_it.o(i.USART10_IRQHandler)
    USART1_IRQHandler                        0x0800800d   Thumb Code    10  stm32h7xx_it.o(i.USART1_IRQHandler)
    USART3_IRQHandler                        0x0800801d   Thumb Code    10  stm32h7xx_it.o(i.USART3_IRQHandler)
    UsageFault_Handler                       0x0800802d   Thumb Code     4  stm32h7xx_it.o(i.UsageFault_Handler)
    __0printf                                0x08008031   Thumb Code    22  printfa.o(i.__0printf)
    __1printf                                0x08008031   Thumb Code     0  printfa.o(i.__0printf)
    __2printf                                0x08008031   Thumb Code     0  printfa.o(i.__0printf)
    __c89printf                              0x08008031   Thumb Code     0  printfa.o(i.__0printf)
    printf                                   0x08008031   Thumb Code     0  printfa.o(i.__0printf)
    __0sprintf                               0x08008051   Thumb Code    34  printfa.o(i.__0sprintf)
    __1sprintf                               0x08008051   Thumb Code     0  printfa.o(i.__0sprintf)
    __2sprintf                               0x08008051   Thumb Code     0  printfa.o(i.__0sprintf)
    __c89sprintf                             0x08008051   Thumb Code     0  printfa.o(i.__0sprintf)
    sprintf                                  0x08008051   Thumb Code     0  printfa.o(i.__0sprintf)
    __aeabi_errno_addr                       0x080080b1   Thumb Code     4  errno.o(i.__aeabi_errno_addr)
    __rt_errno_addr                          0x080080b1   Thumb Code     0  errno.o(i.__aeabi_errno_addr)
    __hardfp_atof                            0x080080b9   Thumb Code    44  atof.o(i.__hardfp_atof)
    __read_errno                             0x080080fd   Thumb Code     6  errno.o(i.__read_errno)
    __scatterload_copy                       0x08008109   Thumb Code    14  handlers.o(i.__scatterload_copy)
    __scatterload_null                       0x08008117   Thumb Code     2  handlers.o(i.__scatterload_null)
    __scatterload_zeroinit                   0x08008119   Thumb Code    14  handlers.o(i.__scatterload_zeroinit)
    __set_errno                              0x08008129   Thumb Code     6  errno.o(i.__set_errno)
    _is_digit                                0x080082b9   Thumb Code    14  scanf_fp.o(i._is_digit)
    bh7150_get_data                          0x080089d9   Thumb Code    22  bh1750.o(i.bh7150_get_data)
    bmp280_cmd_register                      0x08008aed   Thumb Code    24  bmp280.o(i.bmp280_cmd_register)
    bmp280_deal_buffer                       0x08008b09   Thumb Code    82  bmp280.o(i.bmp280_deal_buffer)
    console_cmd_register                     0x08008c75   Thumb Code    76  console.o(i.console_cmd_register)
    console_init                             0x08008d35   Thumb Code   102  console.o(i.console_init)
    console_run                              0x08008e69   Thumb Code   270  console.o(i.console_run)
    console_split_argv                       0x08009055   Thumb Code   250  split_argv.o(i.console_split_argv)
    csb_cmd_register                         0x080091c1   Thumb Code    24  csb.o(i.csb_cmd_register)
    csb_deal_buffer                          0x080091dd   Thumb Code   144  csb.o(i.csb_deal_buffer)
    dht11_cmd_register                       0x080093a1   Thumb Code    24  dht11.o(i.dht11_cmd_register)
    fputc                                    0x080093bd   Thumb Code    18  usr_uart.o(i.fputc)
    gnss_check_frame                         0x08009445   Thumb Code    22  gnss.o(i.gnss_check_frame)
    gnss_cmd_register                        0x08009469   Thumb Code    24  gnss.o(i.gnss_cmd_register)
    gnss_deal_buffer                         0x08009485   Thumb Code    56  gnss.o(i.gnss_deal_buffer)
    gnss_test                                0x080094d5   Thumb Code    42  gnss.o(i.gnss_test)
    key_function                             0x08009599   Thumb Code   126  main.o(i.key_function)
    lcd_check_frame                          0x08009625   Thumb Code    68  lcd.o(i.lcd_check_frame)
    lcd_cmd_register                         0x08009681   Thumb Code    24  lcd.o(i.lcd_cmd_register)
    lcd_set_data                             0x0800969d   Thumb Code    46  lcd.o(i.lcd_set_data)
    lcd_set_page0                            0x080096d5   Thumb Code    66  main.o(i.lcd_set_page0)
    lcd_set_page1                            0x08009765   Thumb Code    76  main.o(i.lcd_set_page1)
    lcd_switch                               0x080097d5   Thumb Code    68  lcd.o(i.lcd_switch)
    lcd_test                                 0x0800982d   Thumb Code   114  lcd.o(i.lcd_test)
    main                                     0x08009989   Thumb Code   206  main.o(i.main)
    malloc                                   0x08009a91   Thumb Code    92  malloc.o(i.malloc)
    queue_in                                 0x08009afd   Thumb Code    76  queue.o(i.queue_in)
    queue_out                                0x08009b4d   Thumb Code    62  queue.o(i.queue_out)
    scd04_collect                            0x08009b91   Thumb Code    30  scd04.o(i.scd04_collect)
    scd04_get_Data                           0x08009be9   Thumb Code   116  scd04.o(i.scd04_get_Data)
    scd04_read_data                          0x08009ce1   Thumb Code    84  scd04.o(i.scd04_read_data)
    xs_cmd_register                          0x0800a06d   Thumb Code    24  eb21.o(i.xs_cmd_register)
    UARTPrescTable                           0x0800a1a4   Data          24  stm32h7xx_hal_uart.o(.constdata)
    D1CorePrescTable                         0x0800a1cc   Data          16  system_stm32h7xx.o(.constdata)
    __ctype_table                            0x0800ad1c   Data         129  ctype_o.o(.constdata)
    Region$$Table$$Base                      0x0800adf0   Number         0  anon$$obj.o(Region$$Table)
    Region$$Table$$Limit                     0x0800ae10   Number         0  anon$$obj.o(Region$$Table)
    key_1_touch                              0x24000004   Data           1  main.o(.data)
    key_2_touch                              0x24000005   Data           1  main.o(.data)
    key_3_touch                              0x24000006   Data           1  main.o(.data)
    fs_status                                0x24000007   Data           1  main.o(.data)
    lcd_status                               0x24000008   Data           1  main.o(.data)
    now_page                                 0x2400000c   Data           4  main.o(.data)
    uwTick                                   0x2400002c   Data           4  stm32h7xx_hal.o(.data)
    uwTickPrio                               0x24000030   Data           4  stm32h7xx_hal.o(.data)
    uwTickFreq                               0x24000034   Data           1  stm32h7xx_hal.o(.data)
    SystemCoreClock                          0x24000038   Data           4  system_stm32h7xx.o(.data)
    SystemD2Clock                            0x2400003c   Data           4  system_stm32h7xx.o(.data)
    lx_Data                                  0x24000040   Data           2  bh1750.o(.data)
    bmp280_count                             0x24000048   Data           1  bmp280.o(.data)
    bmp280_temp                              0x24000049   Data           1  bmp280.o(.data)
    bmp280_frame_ready                       0x2400004a   Data           1  bmp280.o(.data)
    pressure_Data                            0x2400004c   Data           4  bmp280.o(.data)
    height_Data                              0x24000050   Data           8  bmp280.o(.data)
    csb_count                                0x24000060   Data           1  csb.o(.data)
    csb_temp                                 0x24000061   Data           1  csb.o(.data)
    csb_frame_ready                          0x24000062   Data           1  csb.o(.data)
    tem                                      0x24000064   Data           4  dht11.o(.data)
    hum                                      0x24000068   Data           4  dht11.o(.data)
    xs_count                                 0x2400006c   Data           2  eb21.o(.data)
    xs_temp                                  0x2400006e   Data           1  eb21.o(.data)
    gnss_count                               0x2400006f   Data           1  gnss.o(.data)
    gnss_temp                                0x24000070   Data           1  gnss.o(.data)
    gnss_frame_ready                         0x24000071   Data           1  gnss.o(.data)
    lcd_count                                0x24000074   Data           1  lcd.o(.data)
    lcd_temp                                 0x24000075   Data           1  lcd.o(.data)
    lcd_ready                                0x24000076   Data           1  lcd.o(.data)
    gn_count                                 0x24000078   Data           4  lcd.o(.data)
    data_co2                                 0x2400007c   Data           2  scd04.o(.data)
    dataRcvd                                 0x2400007e   Data           1  usr_uart.o(.data)
    __stdout                                 0x24000084   Data           4  stdout.o(.data)
    __microlib_freelist                      0x24000088   Data           4  mvars.o(.data)
    __microlib_freelist_initialised          0x2400008c   Data           4  mvars.o(.data)
    hi2c2                                    0x24000094   Data          76  i2c.o(.bss)
    hi2c3                                    0x240000e0   Data          76  i2c.o(.bss)
    htim1                                    0x2400012c   Data          76  tim.o(.bss)
    htim2                                    0x24000178   Data          76  tim.o(.bss)
    htim3                                    0x240001c4   Data          76  tim.o(.bss)
    huart4                                   0x24000210   Data         144  usart.o(.bss)
    huart5                                   0x240002a0   Data         144  usart.o(.bss)
    huart7                                   0x24000330   Data         144  usart.o(.bss)
    huart1                                   0x240003c0   Data         144  usart.o(.bss)
    huart3                                   0x24000450   Data         144  usart.o(.bss)
    huart10                                  0x240004e0   Data         144  usart.o(.bss)
    bmp280_buffer                            0x24000608   Data         128  bmp280.o(.bss)
    gn_buffer                                0x2400070c   Data         128  csb.o(.bss)
    csb_buffer                               0x2400078c   Data         128  csb.o(.bss)
    xs_buffer                                0x2400080c   Data         256  eb21.o(.bss)
    gnss_buffer                              0x24000d0c   Data        1024  gnss.o(.bss)
    lcd_buffer                               0x2400110c   Data          20  lcd.o(.bss)
    strArray                                 0x24001120   Data          60  lcd.o(.bss)
    __heap_base                              0x24001210   Data           0  startup_stm32h723xx.o(HEAP)
    __heap_limit                             0x24009210   Data           0  startup_stm32h723xx.o(HEAP)
    __initial_sp                             0x24011210   Data           0  startup_stm32h723xx.o(STACK)



==============================================================================

Memory Map of the image

  Image Entry point : 0x080002cd

  Load Region LR_IROM1 (Base: 0x08000000, Size: 0x0000aea4, Max: 0x00080000, ABSOLUTE)

    Execution Region ER_IROM1 (Exec base: 0x08000000, Load base: 0x08000000, Size: 0x0000ae10, Max: 0x00080000, ABSOLUTE)

    Exec Addr    Load Addr    Size         Type   Attr      Idx    E Section Name        Object

    0x08000000   0x08000000   0x000002cc   Data   RO            3    RESET               startup_stm32h723xx.o
    0x080002cc   0x080002cc   0x00000000   Code   RO         5549  * .ARM.Collect$$$$00000000  mc_w.l(entry.o)
    0x080002cc   0x080002cc   0x00000004   Code   RO         5865    .ARM.Collect$$$$00000001  mc_w.l(entry2.o)
    0x080002d0   0x080002d0   0x00000004   Code   RO         5868    .ARM.Collect$$$$00000004  mc_w.l(entry5.o)
    0x080002d4   0x080002d4   0x00000000   Code   RO         5870    .ARM.Collect$$$$00000008  mc_w.l(entry7b.o)
    0x080002d4   0x080002d4   0x00000000   Code   RO         5872    .ARM.Collect$$$$0000000A  mc_w.l(entry8b.o)
    0x080002d4   0x080002d4   0x00000008   Code   RO         5873    .ARM.Collect$$$$0000000B  mc_w.l(entry9a.o)
    0x080002dc   0x080002dc   0x00000004   Code   RO         5880    .ARM.Collect$$$$0000000E  mc_w.l(entry12b.o)
    0x080002e0   0x080002e0   0x00000000   Code   RO         5875    .ARM.Collect$$$$0000000F  mc_w.l(entry10a.o)
    0x080002e0   0x080002e0   0x00000000   Code   RO         5877    .ARM.Collect$$$$00000011  mc_w.l(entry11a.o)
    0x080002e0   0x080002e0   0x00000004   Code   RO         5866    .ARM.Collect$$$$00002712  mc_w.l(entry2.o)
    0x080002e4   0x080002e4   0x00000024   Code   RO            4    .text               startup_stm32h723xx.o
    0x08000308   0x08000308   0x00000062   Code   RO         5552    .text               mc_w.l(uldiv.o)
    0x0800036a   0x0800036a   0x00000024   Code   RO         5554    .text               mc_w.l(memcpya.o)
    0x0800038e   0x0800038e   0x00000024   Code   RO         5556    .text               mc_w.l(memseta.o)
    0x080003b2   0x080003b2   0x0000000e   Code   RO         5558    .text               mc_w.l(strlen.o)
    0x080003c0   0x080003c0   0x0000001c   Code   RO         5560    .text               mc_w.l(strcmp.o)
    0x080003dc   0x080003dc   0x0000001a   Code   RO         5562    .text               mc_w.l(memcmp.o)
    0x080003f6   0x080003f6   0x00000012   Code   RO         5564    .text               mc_w.l(strcpy.o)
    0x08000408   0x08000408   0x00000044   Code   RO         5566    .text               mc_w.l(strtok.o)
    0x0800044c   0x0800044c   0x0000001a   Code   RO         5863    .text               mc_w.l(atoi.o)
    0x08000466   0x08000466   0x0000002c   Code   RO         5882    .text               mc_w.l(uidiv.o)
    0x08000492   0x08000492   0x0000001e   Code   RO         5884    .text               mc_w.l(llshl.o)
    0x080004b0   0x080004b0   0x00000020   Code   RO         5886    .text               mc_w.l(llushr.o)
    0x080004d0   0x080004d0   0x0000009c   Code   RO         5897    .text               mc_w.l(strtod.o)
    0x0800056c   0x0800056c   0x00000070   Code   RO         5899    .text               mc_w.l(strtol.o)
    0x080005dc   0x080005dc   0x00000000   Code   RO         5901    .text               mc_w.l(iusefp.o)
    0x080005dc   0x080005dc   0x0000014e   Code   RO         5902    .text               mf_w.l(dadd.o)
    0x0800072a   0x0800072a   0x000000e4   Code   RO         5904    .text               mf_w.l(dmul.o)
    0x0800080e   0x0800080e   0x000000de   Code   RO         5906    .text               mf_w.l(ddiv.o)
    0x080008ec   0x080008ec   0x00000030   Code   RO         5908    .text               mf_w.l(dfixul.o)
    0x0800091c   0x0800091c   0x00000030   Code   RO         5910    .text               mf_w.l(cdrcmple.o)
    0x0800094c   0x0800094c   0x00000024   Code   RO         5912    .text               mc_w.l(init.o)
    0x08000970   0x08000970   0x00000024   Code   RO         5914    .text               mc_w.l(llsshr.o)
    0x08000994   0x08000994   0x00000008   Code   RO         5918    .text               mc_w.l(ctype_o.o)
    0x0800099c   0x0800099c   0x00000012   Code   RO         5940    .text               mc_w.l(isspace_o.o)
    0x080009ae   0x080009ae   0x00000002   PAD
    0x080009b0   0x080009b0   0x00000360   Code   RO         5946    .text               mc_w.l(scanf_fp.o)
    0x08000d10   0x08000d10   0x00000040   Code   RO         5950    .text               mc_w.l(_sgetc.o)
    0x08000d50   0x08000d50   0x0000009e   Code   RO         5952    .text               mc_w.l(_strtoul.o)
    0x08000dee   0x08000dee   0x000000ba   Code   RO         5954    .text               mf_w.l(depilogue.o)
    0x08000ea8   0x08000ea8   0x0000001c   Code   RO         5959    .text               mc_w.l(_chval.o)
    0x08000ec4   0x08000ec4   0x00000018   Code   RO         5961    .text               mf_w.l(dfltul.o)
    0x08000edc   0x08000edc   0x00000038   Code   RO         5963    .text               mf_w.l(d2f.o)
    0x08000f14   0x08000f14   0x0000006e   Code   RO         5965    .text               mf_w.l(fepilogue.o)
    0x08000f82   0x08000f82   0x00000002   PAD
    0x08000f84   0x08000f84   0x00000028   Code   RO         4767    i.BH1750_INIT       bh1750.o
    0x08000fac   0x08000fac   0x00000054   Code   RO         4768    i.BH1750_get_lumen  bh1750.o
    0x08001000   0x08001000   0x00000020   Code   RO         4769    i.BH1750_init_dev   bh1750.o
    0x08001020   0x08001020   0x0000002e   Code   RO         4770    i.BH1750_init_dev_struct  bh1750.o
    0x0800104e   0x0800104e   0x00000022   Code   RO         4771    i.BH1750_send_command  bh1750.o
    0x08001070   0x08001070   0x0000001c   Code   RO         4772    i.BH7150_cmd_register  bh1750.o
    0x0800108c   0x0800108c   0x00000004   Code   RO          513    i.BusFault_Handler  stm32h7xx_it.o
    0x08001090   0x08001090   0x00000128   Code   RO         5084    i.DHT11_Data        dht11.o
    0x080011b8   0x080011b8   0x0000004c   Code   RO         5085    i.DHT11_Init_In     dht11.o
    0x08001204   0x08001204   0x0000004c   Code   RO         5086    i.DHT11_Init_Out    dht11.o
    0x08001250   0x08001250   0x0000006c   Code   RO         5087    i.DHT11_ReadByte    dht11.o
    0x080012bc   0x080012bc   0x00000034   Code   RO         5088    i.DHT11_Start       dht11.o
    0x080012f0   0x080012f0   0x0000013c   Code   RO         5089    i.DHT11_get         dht11.o
    0x0800142c   0x0800142c   0x00000002   Code   RO          514    i.DebugMon_Handler  stm32h7xx_it.o
    0x0800142e   0x0800142e   0x00000002   PAD
    0x08001430   0x08001430   0x00000038   Code   RO         5090    i.Delay_us          dht11.o
    0x08001468   0x08001468   0x0000001c   Code   RO          515    i.EXTI15_10_IRQHandler  stm32h7xx_it.o
    0x08001484   0x08001484   0x00000006   Code   RO           13    i.Error_Handler     main.o
    0x0800148a   0x0800148a   0x00000002   PAD
    0x0800148c   0x0800148c   0x000004dc   Code   RO         2048    i.HAL_DMA_Abort     stm32h7xx_hal_dma.o
    0x08001968   0x08001968   0x00000398   Code   RO         2049    i.HAL_DMA_Abort_IT  stm32h7xx_hal_dma.o
    0x08001d00   0x08001d00   0x00000028   Code   RO         2745    i.HAL_Delay         stm32h7xx_hal.o
    0x08001d28   0x08001d28   0x000000fc   Code   RO           14    i.HAL_GPIO_EXTI_Callback  main.o
    0x08001e24   0x08001e24   0x0000001c   Code   RO         1895    i.HAL_GPIO_EXTI_IRQHandler  stm32h7xx_hal_gpio.o
    0x08001e40   0x08001e40   0x000001f0   Code   RO         1896    i.HAL_GPIO_Init     stm32h7xx_hal_gpio.o
    0x08002030   0x08002030   0x00000010   Code   RO         1898    i.HAL_GPIO_ReadPin  stm32h7xx_hal_gpio.o
    0x08002040   0x08002040   0x0000000c   Code   RO         1900    i.HAL_GPIO_WritePin  stm32h7xx_hal_gpio.o
    0x0800204c   0x0800204c   0x0000000c   Code   RO         2761    i.HAL_GetTick       stm32h7xx_hal.o
    0x08002058   0x08002058   0x0000006a   Code   RO         1269    i.HAL_I2CEx_ConfigAnalogFilter  stm32h7xx_hal_i2c_ex.o
    0x080020c2   0x080020c2   0x00000068   Code   RO         1270    i.HAL_I2CEx_ConfigDigitalFilter  stm32h7xx_hal_i2c_ex.o
    0x0800212a   0x0800212a   0x00000002   PAD
    0x0800212c   0x0800212c   0x000000c4   Code   RO          818    i.HAL_I2C_Init      stm32h7xx_hal_i2c.o
    0x080021f0   0x080021f0   0x00000164   Code   RO          824    i.HAL_I2C_Master_Receive  stm32h7xx_hal_i2c.o
    0x08002354   0x08002354   0x00000160   Code   RO          831    i.HAL_I2C_Master_Transmit  stm32h7xx_hal_i2c.o
    0x080024b4   0x080024b4   0x00000150   Code   RO          322    i.HAL_I2C_MspInit   i2c.o
    0x08002604   0x08002604   0x00000018   Code   RO         2767    i.HAL_IncTick       stm32h7xx_hal.o
    0x0800261c   0x0800261c   0x00000060   Code   RO         2768    i.HAL_Init          stm32h7xx_hal.o
    0x0800267c   0x0800267c   0x00000058   Code   RO         2769    i.HAL_InitTick      stm32h7xx_hal.o
    0x080026d4   0x080026d4   0x00000024   Code   RO          637    i.HAL_MspInit       stm32h7xx_hal_msp.o
    0x080026f8   0x080026f8   0x00000028   Code   RO          667    i.HAL_NVIC_EnableIRQ  stm32h7xx_hal_cortex.o
    0x08002720   0x08002720   0x0000007a   Code   RO          673    i.HAL_NVIC_SetPriority  stm32h7xx_hal_cortex.o
    0x0800279a   0x0800279a   0x00000002   PAD
    0x0800279c   0x0800279c   0x00000028   Code   RO          674    i.HAL_NVIC_SetPriorityGrouping  stm32h7xx_hal_cortex.o
    0x080027c4   0x080027c4   0x00000060   Code   RO         2497    i.HAL_PWREx_ConfigSupply  stm32h7xx_hal_pwr_ex.o
    0x08002824   0x08002824   0x00000024   Code   RO         1439    i.HAL_RCCEx_GetD3PCLK1Freq  stm32h7xx_hal_rcc_ex.o
    0x08002848   0x08002848   0x00000230   Code   RO         1441    i.HAL_RCCEx_GetPLL2ClockFreq  stm32h7xx_hal_rcc_ex.o
    0x08002a78   0x08002a78   0x00000230   Code   RO         1442    i.HAL_RCCEx_GetPLL3ClockFreq  stm32h7xx_hal_rcc_ex.o
    0x08002ca8   0x08002ca8   0x00000ad4   Code   RO         1448    i.HAL_RCCEx_PeriphCLKConfig  stm32h7xx_hal_rcc_ex.o
    0x0800377c   0x0800377c   0x00000320   Code   RO         1324    i.HAL_RCC_ClockConfig  stm32h7xx_hal_rcc.o
    0x08003a9c   0x08003a9c   0x0000004c   Code   RO         1329    i.HAL_RCC_GetHCLKFreq  stm32h7xx_hal_rcc.o
    0x08003ae8   0x08003ae8   0x00000024   Code   RO         1331    i.HAL_RCC_GetPCLK1Freq  stm32h7xx_hal_rcc.o
    0x08003b0c   0x08003b0c   0x00000024   Code   RO         1332    i.HAL_RCC_GetPCLK2Freq  stm32h7xx_hal_rcc.o
    0x08003b30   0x08003b30   0x0000022c   Code   RO         1333    i.HAL_RCC_GetSysClockFreq  stm32h7xx_hal_rcc.o
    0x08003d5c   0x08003d5c   0x00000704   Code   RO         1336    i.HAL_RCC_OscConfig  stm32h7xx_hal_rcc.o
    0x08004460   0x08004460   0x00000034   Code   RO          678    i.HAL_SYSTICK_Config  stm32h7xx_hal_cortex.o
    0x08004494   0x08004494   0x00000002   Code   RO         3885    i.HAL_TIMEx_Break2Callback  stm32h7xx_hal_tim_ex.o
    0x08004496   0x08004496   0x00000002   Code   RO         3886    i.HAL_TIMEx_BreakCallback  stm32h7xx_hal_tim_ex.o
    0x08004498   0x08004498   0x00000002   Code   RO         3887    i.HAL_TIMEx_CommutCallback  stm32h7xx_hal_tim_ex.o
    0x0800449a   0x0800449a   0x00000002   PAD
    0x0800449c   0x0800449c   0x000000e4   Code   RO         3908    i.HAL_TIMEx_MasterConfigSynchronization  stm32h7xx_hal_tim_ex.o
    0x08004580   0x08004580   0x0000006e   Code   RO         3160    i.HAL_TIM_Base_Init  stm32h7xx_hal_tim.o
    0x080045ee   0x080045ee   0x00000002   PAD
    0x080045f0   0x080045f0   0x0000006c   Code   RO          370    i.HAL_TIM_Base_MspInit  tim.o
    0x0800465c   0x0800465c   0x000000c0   Code   RO         3163    i.HAL_TIM_Base_Start  stm32h7xx_hal_tim.o
    0x0800471c   0x0800471c   0x000000cc   Code   RO         3165    i.HAL_TIM_Base_Start_IT  stm32h7xx_hal_tim.o
    0x080047e8   0x080047e8   0x00000032   Code   RO         3166    i.HAL_TIM_Base_Stop  stm32h7xx_hal_tim.o
    0x0800481a   0x0800481a   0x0000003e   Code   RO         3168    i.HAL_TIM_Base_Stop_IT  stm32h7xx_hal_tim.o
    0x08004858   0x08004858   0x00000134   Code   RO         3169    i.HAL_TIM_ConfigClockSource  stm32h7xx_hal_tim.o
    0x0800498c   0x0800498c   0x00000002   Code   RO         3194    i.HAL_TIM_IC_CaptureCallback  stm32h7xx_hal_tim.o
    0x0800498e   0x0800498e   0x000001b8   Code   RO         3208    i.HAL_TIM_IRQHandler  stm32h7xx_hal_tim.o
    0x08004b46   0x08004b46   0x00000002   PAD
    0x08004b48   0x08004b48   0x0000005c   Code   RO          371    i.HAL_TIM_MspPostInit  tim.o
    0x08004ba4   0x08004ba4   0x00000002   Code   RO         3211    i.HAL_TIM_OC_DelayElapsedCallback  stm32h7xx_hal_tim.o
    0x08004ba6   0x08004ba6   0x00000170   Code   RO         3232    i.HAL_TIM_PWM_ConfigChannel  stm32h7xx_hal_tim.o
    0x08004d16   0x08004d16   0x0000006e   Code   RO         3235    i.HAL_TIM_PWM_Init  stm32h7xx_hal_tim.o
    0x08004d84   0x08004d84   0x00000030   Code   RO          373    i.HAL_TIM_PWM_MspInit  tim.o
    0x08004db4   0x08004db4   0x00000002   Code   RO         3238    i.HAL_TIM_PWM_PulseFinishedCallback  stm32h7xx_hal_tim.o
    0x08004db6   0x08004db6   0x00000002   PAD
    0x08004db8   0x08004db8   0x0000017c   Code   RO         3240    i.HAL_TIM_PWM_Start  stm32h7xx_hal_tim.o
    0x08004f34   0x08004f34   0x00000048   Code   RO           15    i.HAL_TIM_PeriodElapsedCallback  main.o
    0x08004f7c   0x08004f7c   0x00000002   Code   RO         3251    i.HAL_TIM_TriggerCallback  stm32h7xx_hal_tim.o
    0x08004f7e   0x08004f7e   0x0000004e   Code   RO         4613    i.HAL_UARTEx_DisableFifoMode  stm32h7xx_hal_uart_ex.o
    0x08004fcc   0x08004fcc   0x00000002   Code   RO         4197    i.HAL_UARTEx_RxEventCallback  stm32h7xx_hal_uart.o
    0x08004fce   0x08004fce   0x00000002   Code   RO         4620    i.HAL_UARTEx_RxFifoFullCallback  stm32h7xx_hal_uart_ex.o
    0x08004fd0   0x08004fd0   0x0000005e   Code   RO         4621    i.HAL_UARTEx_SetRxFifoThreshold  stm32h7xx_hal_uart_ex.o
    0x0800502e   0x0800502e   0x0000005e   Code   RO         4622    i.HAL_UARTEx_SetTxFifoThreshold  stm32h7xx_hal_uart_ex.o
    0x0800508c   0x0800508c   0x00000002   Code   RO         4624    i.HAL_UARTEx_TxFifoEmptyCallback  stm32h7xx_hal_uart_ex.o
    0x0800508e   0x0800508e   0x00000002   Code   RO         4625    i.HAL_UARTEx_WakeupCallback  stm32h7xx_hal_uart_ex.o
    0x08005090   0x08005090   0x00000002   Code   RO         4213    i.HAL_UART_ErrorCallback  stm32h7xx_hal_uart.o
    0x08005092   0x08005092   0x00000002   PAD
    0x08005094   0x08005094   0x00000458   Code   RO         4216    i.HAL_UART_IRQHandler  stm32h7xx_hal_uart.o
    0x080054ec   0x080054ec   0x00000078   Code   RO         4217    i.HAL_UART_Init     stm32h7xx_hal_uart.o
    0x08005564   0x08005564   0x00000384   Code   RO          442    i.HAL_UART_MspInit  usart.o
    0x080058e8   0x080058e8   0x00000074   Code   RO         4222    i.HAL_UART_Receive_IT  stm32h7xx_hal_uart.o
    0x0800595c   0x0800595c   0x000001c8   Code   RO           16    i.HAL_UART_RxCpltCallback  main.o
    0x08005b24   0x08005b24   0x000000d6   Code   RO         4226    i.HAL_UART_Transmit  stm32h7xx_hal_uart.o
    0x08005bfa   0x08005bfa   0x00000002   Code   RO         4229    i.HAL_UART_TxCpltCallback  stm32h7xx_hal_uart.o
    0x08005bfc   0x08005bfc   0x00000004   Code   RO          516    i.HardFault_Handler  stm32h7xx_it.o
    0x08005c00   0x08005c00   0x00000028   Code   RO          865    i.I2C_Flush_TXDR    stm32h7xx_hal_i2c.o
    0x08005c28   0x08005c28   0x00000148   Code   RO          873    i.I2C_IsErrorOccurred  stm32h7xx_hal_i2c.o
    0x08005d70   0x08005d70   0x00000038   Code   RO          880    i.I2C_TransferConfig  stm32h7xx_hal_i2c.o
    0x08005da8   0x08005da8   0x0000005e   Code   RO          882    i.I2C_WaitOnFlagUntilTimeout  stm32h7xx_hal_i2c.o
    0x08005e06   0x08005e06   0x00000002   PAD
    0x08005e08   0x08005e08   0x000000b8   Code   RO          883    i.I2C_WaitOnRXNEFlagUntilTimeout  stm32h7xx_hal_i2c.o
    0x08005ec0   0x08005ec0   0x00000056   Code   RO          884    i.I2C_WaitOnSTOPFlagUntilTimeout  stm32h7xx_hal_i2c.o
    0x08005f16   0x08005f16   0x0000005a   Code   RO          885    i.I2C_WaitOnTXISFlagUntilTimeout  stm32h7xx_hal_i2c.o
    0x08005f70   0x08005f70   0x000001b0   Code   RO          297    i.MX_GPIO_Init      gpio.o
    0x08006120   0x08006120   0x00000058   Code   RO          323    i.MX_I2C2_Init      i2c.o
    0x08006178   0x08006178   0x00000058   Code   RO          324    i.MX_I2C3_Init      i2c.o
    0x080061d0   0x080061d0   0x00000074   Code   RO          374    i.MX_TIM1_Init      tim.o
    0x08006244   0x08006244   0x00000070   Code   RO          375    i.MX_TIM2_Init      tim.o
    0x080062b4   0x080062b4   0x0000007c   Code   RO          376    i.MX_TIM3_Init      tim.o
    0x08006330   0x08006330   0x0000006c   Code   RO          443    i.MX_UART4_Init     usart.o
    0x0800639c   0x0800639c   0x0000006c   Code   RO          444    i.MX_UART5_Init     usart.o
    0x08006408   0x08006408   0x0000006c   Code   RO          445    i.MX_UART7_Init     usart.o
    0x08006474   0x08006474   0x0000006c   Code   RO          446    i.MX_USART10_UART_Init  usart.o
    0x080064e0   0x080064e0   0x0000006c   Code   RO          447    i.MX_USART1_UART_Init  usart.o
    0x0800654c   0x0800654c   0x0000006c   Code   RO          448    i.MX_USART3_UART_Init  usart.o
    0x080065b8   0x080065b8   0x00000004   Code   RO          517    i.MemManage_Handler  stm32h7xx_it.o
    0x080065bc   0x080065bc   0x00000004   Code   RO          518    i.NMI_Handler       stm32h7xx_it.o
    0x080065c0   0x080065c0   0x00000002   Code   RO          519    i.PendSV_Handler    stm32h7xx_it.o
    0x080065c2   0x080065c2   0x00000002   PAD
    0x080065c4   0x080065c4   0x00000164   Code   RO         1451    i.RCCEx_PLL2_Config  stm32h7xx_hal_rcc_ex.o
    0x08006728   0x08006728   0x00000164   Code   RO         1452    i.RCCEx_PLL3_Config  stm32h7xx_hal_rcc_ex.o
    0x0800688c   0x0800688c   0x00000020   Code   RO         5382    i.SCD04_INIT        scd04.o
    0x080068ac   0x080068ac   0x0000001c   Code   RO         5383    i.SCD04_cmd_register  scd04.o
    0x080068c8   0x080068c8   0x00000022   Code   RO         5384    i.SCD04_init_dev_struct  scd04.o
    0x080068ea   0x080068ea   0x00000002   Code   RO          520    i.SVC_Handler       stm32h7xx_it.o
    0x080068ec   0x080068ec   0x00000008   Code   RO          521    i.SysTick_Handler   stm32h7xx_it.o
    0x080068f4   0x080068f4   0x0000009c   Code   RO           17    i.SystemClock_Config  main.o
    0x08006990   0x08006990   0x000000e0   Code   RO         4731    i.SystemInit        system_stm32h7xx.o
    0x08006a70   0x08006a70   0x00000010   Code   RO          522    i.TIM2_IRQHandler   stm32h7xx_it.o
    0x08006a80   0x08006a80   0x000000e0   Code   RO         3253    i.TIM_Base_SetConfig  stm32h7xx_hal_tim.o
    0x08006b60   0x08006b60   0x00000022   Code   RO         3254    i.TIM_CCxChannelCmd  stm32h7xx_hal_tim.o
    0x08006b82   0x08006b82   0x00000016   Code   RO         3264    i.TIM_ETR_SetConfig  stm32h7xx_hal_tim.o
    0x08006b98   0x08006b98   0x00000018   Code   RO         3265    i.TIM_ITRx_SetConfig  stm32h7xx_hal_tim.o
    0x08006bb0   0x08006bb0   0x000000ac   Code   RO         3266    i.TIM_OC1_SetConfig  stm32h7xx_hal_tim.o
    0x08006c5c   0x08006c5c   0x000000b4   Code   RO         3267    i.TIM_OC2_SetConfig  stm32h7xx_hal_tim.o
    0x08006d10   0x08006d10   0x000000b4   Code   RO         3268    i.TIM_OC3_SetConfig  stm32h7xx_hal_tim.o
    0x08006dc4   0x08006dc4   0x00000074   Code   RO         3269    i.TIM_OC4_SetConfig  stm32h7xx_hal_tim.o
    0x08006e38   0x08006e38   0x00000070   Code   RO         3270    i.TIM_OC5_SetConfig  stm32h7xx_hal_tim.o
    0x08006ea8   0x08006ea8   0x00000070   Code   RO         3271    i.TIM_OC6_SetConfig  stm32h7xx_hal_tim.o
    0x08006f18   0x08006f18   0x00000026   Code   RO         3273    i.TIM_TI1_ConfigInputStage  stm32h7xx_hal_tim.o
    0x08006f3e   0x08006f3e   0x00000028   Code   RO         3275    i.TIM_TI2_ConfigInputStage  stm32h7xx_hal_tim.o
    0x08006f66   0x08006f66   0x00000002   PAD
    0x08006f68   0x08006f68   0x00000010   Code   RO          523    i.UART4_IRQHandler  stm32h7xx_it.o
    0x08006f78   0x08006f78   0x00000010   Code   RO          524    i.UART5_IRQHandler  stm32h7xx_it.o
    0x08006f88   0x08006f88   0x00000010   Code   RO          525    i.UART7_IRQHandler  stm32h7xx_it.o
    0x08006f98   0x08006f98   0x00000058   Code   RO         4626    i.UARTEx_SetNbDataToProcess  stm32h7xx_hal_uart_ex.o
    0x08006ff0   0x08006ff0   0x000000f8   Code   RO         4231    i.UART_AdvFeatureConfig  stm32h7xx_hal_uart.o
    0x080070e8   0x080070e8   0x00000076   Code   RO         4232    i.UART_CheckIdleState  stm32h7xx_hal_uart.o
    0x0800715e   0x0800715e   0x00000018   Code   RO         4233    i.UART_DMAAbortOnError  stm32h7xx_hal_uart.o
    0x08007176   0x08007176   0x00000002   PAD
    0x08007178   0x08007178   0x0000006c   Code   RO         4243    i.UART_EndRxTransfer  stm32h7xx_hal_uart.o
    0x080071e4   0x080071e4   0x00000030   Code   RO         4244    i.UART_EndTransmit_IT  stm32h7xx_hal_uart.o
    0x08007214   0x08007214   0x000000d2   Code   RO         4246    i.UART_RxISR_16BIT  stm32h7xx_hal_uart.o
    0x080072e6   0x080072e6   0x00000002   PAD
    0x080072e8   0x080072e8   0x000001c8   Code   RO         4247    i.UART_RxISR_16BIT_FIFOEN  stm32h7xx_hal_uart.o
    0x080074b0   0x080074b0   0x000000ce   Code   RO         4248    i.UART_RxISR_8BIT   stm32h7xx_hal_uart.o
    0x0800757e   0x0800757e   0x00000002   PAD
    0x08007580   0x08007580   0x000001c8   Code   RO         4249    i.UART_RxISR_8BIT_FIFOEN  stm32h7xx_hal_uart.o
    0x08007748   0x08007748   0x0000001c   Code   RO         5502    i.UART_SenddBuf     usr_uart.o
    0x08007764   0x08007764   0x00000628   Code   RO         4250    i.UART_SetConfig    stm32h7xx_hal_uart.o
    0x08007d8c   0x08007d8c   0x00000170   Code   RO         4252    i.UART_Start_Receive_IT  stm32h7xx_hal_uart.o
    0x08007efc   0x08007efc   0x000000fe   Code   RO         4257    i.UART_WaitOnFlagUntilTimeout  stm32h7xx_hal_uart.o
    0x08007ffa   0x08007ffa   0x00000002   PAD
    0x08007ffc   0x08007ffc   0x00000010   Code   RO          526    i.USART10_IRQHandler  stm32h7xx_it.o
    0x0800800c   0x0800800c   0x00000010   Code   RO          527    i.USART1_IRQHandler  stm32h7xx_it.o
    0x0800801c   0x0800801c   0x00000010   Code   RO          528    i.USART3_IRQHandler  stm32h7xx_it.o
    0x0800802c   0x0800802c   0x00000004   Code   RO          529    i.UsageFault_Handler  stm32h7xx_it.o
    0x08008030   0x08008030   0x00000020   Code   RO         5807    i.__0printf         mc_w.l(printfa.o)
    0x08008050   0x08008050   0x00000028   Code   RO         5809    i.__0sprintf        mc_w.l(printfa.o)
    0x08008078   0x08008078   0x00000010   Code   RO          680    i.__NVIC_GetPriorityGrouping  stm32h7xx_hal_cortex.o
    0x08008088   0x08008088   0x00000028   Code   RO          681    i.__NVIC_SetPriority  stm32h7xx_hal_cortex.o
    0x080080b0   0x080080b0   0x00000008   Code   RO         5890    i.__aeabi_errno_addr  mc_w.l(errno.o)
    0x080080b8   0x080080b8   0x00000038   Code   RO         5543    i.__hardfp_atof     m_wv.l(atof.o)
    0x080080f0   0x080080f0   0x0000000a   Code   RO         4932    i.__list_add        console.o
    0x080080fa   0x080080fa   0x00000002   PAD
    0x080080fc   0x080080fc   0x0000000c   Code   RO         5891    i.__read_errno      mc_w.l(errno.o)
    0x08008108   0x08008108   0x0000000e   Code   RO         5969    i.__scatterload_copy  mc_w.l(handlers.o)
    0x08008116   0x08008116   0x00000002   Code   RO         5970    i.__scatterload_null  mc_w.l(handlers.o)
    0x08008118   0x08008118   0x0000000e   Code   RO         5971    i.__scatterload_zeroinit  mc_w.l(handlers.o)
    0x08008126   0x08008126   0x00000002   PAD
    0x08008128   0x08008128   0x0000000c   Code   RO         5892    i.__set_errno       mc_w.l(errno.o)
    0x08008134   0x08008134   0x00000184   Code   RO         5814    i._fp_digits        mc_w.l(printfa.o)
    0x080082b8   0x080082b8   0x0000000e   Code   RO         5948    i._is_digit         mc_w.l(scanf_fp.o)
    0x080082c6   0x080082c6   0x00000002   PAD
    0x080082c8   0x080082c8   0x000006b4   Code   RO         5815    i._printf_core      mc_w.l(printfa.o)
    0x0800897c   0x0800897c   0x00000024   Code   RO         5816    i._printf_post_padding  mc_w.l(printfa.o)
    0x080089a0   0x080089a0   0x0000002e   Code   RO         5817    i._printf_pre_padding  mc_w.l(printfa.o)
    0x080089ce   0x080089ce   0x0000000a   Code   RO         5819    i._sputc            mc_w.l(printfa.o)
    0x080089d8   0x080089d8   0x00000020   Code   RO         4774    i.bh7150_get_data   bh1750.o
    0x080089f8   0x080089f8   0x000000f4   Code   RO         4775    i.bh7150_read       bh1750.o
    0x08008aec   0x08008aec   0x0000001c   Code   RO         4861    i.bmp280_cmd_register  bmp280.o
    0x08008b08   0x08008b08   0x00000070   Code   RO         4862    i.bmp280_deal_buffer  bmp280.o
    0x08008b78   0x08008b78   0x000000d8   Code   RO         4863    i.bmp280_test       bmp280.o
    0x08008c50   0x08008c50   0x00000024   Code   RO         4933    i.console_clear     console.o
    0x08008c74   0x08008c74   0x00000060   Code   RO         4934    i.console_cmd_register  console.o
    0x08008cd4   0x08008cd4   0x00000060   Code   RO         4935    i.console_help      console.o
    0x08008d34   0x08008d34   0x00000134   Code   RO         4936    i.console_init      console.o
    0x08008e68   0x08008e68   0x0000015c   Code   RO         4937    i.console_run       console.o
    0x08008fc4   0x08008fc4   0x00000090   Code   RO         4938    i.console_show      console.o
    0x08009054   0x08009054   0x000000fa   Code   RO         5480    i.console_split_argv  split_argv.o
    0x0800914e   0x0800914e   0x00000002   PAD
    0x08009150   0x08009150   0x00000070   Code   RO         4939    i.console_test      console.o
    0x080091c0   0x080091c0   0x0000001c   Code   RO         5027    i.csb_cmd_register  csb.o
    0x080091dc   0x080091dc   0x000000b8   Code   RO         5028    i.csb_deal_buffer   csb.o
    0x08009294   0x08009294   0x0000010c   Code   RO         5029    i.csb_test          csb.o
    0x080093a0   0x080093a0   0x0000001c   Code   RO         5092    i.dht11_cmd_register  dht11.o
    0x080093bc   0x080093bc   0x00000018   Code   RO         5503    i.fputc             usr_uart.o
    0x080093d4   0x080093d4   0x0000004c   Code   RO         4864    i.get_pressure_number  bmp280.o
    0x08009420   0x08009420   0x00000024   Code   RO           19    i.get_sensor_data   main.o
    0x08009444   0x08009444   0x00000024   Code   RO         5216    i.gnss_check_frame  gnss.o
    0x08009468   0x08009468   0x0000001c   Code   RO         5217    i.gnss_cmd_register  gnss.o
    0x08009484   0x08009484   0x00000050   Code   RO         5218    i.gnss_deal_buffer  gnss.o
    0x080094d4   0x080094d4   0x000000c4   Code   RO         5219    i.gnss_test         gnss.o
    0x08009598   0x08009598   0x0000008c   Code   RO           20    i.key_function      main.o
    0x08009624   0x08009624   0x0000005c   Code   RO         5281    i.lcd_check_frame   lcd.o
    0x08009680   0x08009680   0x0000001c   Code   RO         5282    i.lcd_cmd_register  lcd.o
    0x0800969c   0x0800969c   0x00000038   Code   RO         5283    i.lcd_set_data      lcd.o
    0x080096d4   0x080096d4   0x00000090   Code   RO           21    i.lcd_set_page0     main.o
    0x08009764   0x08009764   0x00000070   Code   RO           22    i.lcd_set_page1     main.o
    0x080097d4   0x080097d4   0x00000058   Code   RO         5284    i.lcd_switch        lcd.o
    0x0800982c   0x0800982c   0x0000015c   Code   RO         5285    i.lcd_test          lcd.o
    0x08009988   0x08009988   0x00000108   Code   RO           24    i.main              main.o
    0x08009a90   0x08009a90   0x0000006c   Code   RO         5836    i.malloc            mc_w.l(malloc.o)
    0x08009afc   0x08009afc   0x00000050   Code   RO         5350    i.queue_in          queue.o
    0x08009b4c   0x08009b4c   0x00000044   Code   RO         5351    i.queue_out         queue.o
    0x08009b90   0x08009b90   0x00000058   Code   RO         5387    i.scd04_collect     scd04.o
    0x08009be8   0x08009be8   0x000000f8   Code   RO         5388    i.scd04_get_Data    scd04.o
    0x08009ce0   0x08009ce0   0x000000a4   Code   RO         5389    i.scd04_read_data   scd04.o
    0x08009d84   0x08009d84   0x00000050   Code   RO         5390    i.scd04_send_command  scd04.o
    0x08009dd4   0x08009dd4   0x000000c8   Code   RO         5391    i.scd04_test        scd04.o
    0x08009e9c   0x08009e9c   0x00000084   Code   RO         5392    i.scd94_get_serial  scd04.o
    0x08009f20   0x08009f20   0x00000022   Code   RO         5393    i.sensor_recv       scd04.o
    0x08009f42   0x08009f42   0x00000022   Code   RO         5394    i.sensor_send_command  scd04.o
    0x08009f64   0x08009f64   0x00000058   Code   RO         4941    i.system_cmd_register  console.o
    0x08009fbc   0x08009fbc   0x000000b0   Code   RO           25    i.timer_collect_data  main.o
    0x0800a06c   0x0800a06c   0x0000001c   Code   RO         5165    i.xs_cmd_register   eb21.o
    0x0800a088   0x0800a088   0x0000011c   Code   RO         5166    i.xs_get_msg        eb21.o
    0x0800a1a4   0x0800a1a4   0x00000018   Data   RO         4258    .constdata          stm32h7xx_hal_uart.o
    0x0800a1bc   0x0800a1bc   0x00000010   Data   RO         4628    .constdata          stm32h7xx_hal_uart_ex.o
    0x0800a1cc   0x0800a1cc   0x00000010   Data   RO         4732    .constdata          system_stm32h7xx.o
    0x0800a1dc   0x0800a1dc   0x000000f0   Data   RO         4778    .constdata          bh1750.o
    0x0800a2cc   0x0800a2cc   0x000000f0   Data   RO         4867    .constdata          bmp280.o
    0x0800a3bc   0x0800a3bc   0x000003c0   Data   RO         4943    .constdata          console.o
    0x0800a77c   0x0800a77c   0x000000f0   Data   RO         5032    .constdata          csb.o
    0x0800a86c   0x0800a86c   0x000000f0   Data   RO         5094    .constdata          dht11.o
    0x0800a95c   0x0800a95c   0x000000f0   Data   RO         5168    .constdata          eb21.o
    0x0800aa4c   0x0800aa4c   0x000000f0   Data   RO         5222    .constdata          gnss.o
    0x0800ab3c   0x0800ab3c   0x000000f0   Data   RO         5288    .constdata          lcd.o
    0x0800ac2c   0x0800ac2c   0x000000f0   Data   RO         5396    .constdata          scd04.o
    0x0800ad1c   0x0800ad1c   0x00000081   Data   RO         5919    .constdata          mc_w.l(ctype_o.o)
    0x0800ad9d   0x0800ad9d   0x00000003   PAD
    0x0800ada0   0x0800ada0   0x00000004   Data   RO         5920    .constdata          mc_w.l(ctype_o.o)
    0x0800ada4   0x0800ada4   0x0000004a   Data   RO           26    .conststring        main.o
    0x0800adee   0x0800adee   0x00000002   PAD
    0x0800adf0   0x0800adf0   0x00000020   Data   RO         5967    Region$$Table       anon$$obj.o


    Execution Region RW_IRAM1 (Exec base: 0x20000000, Load base: 0x0800ae10, Size: 0x00000000, Max: 0x00020000, ABSOLUTE)

    **** No section assigned to this execution region ****


    Execution Region RW_IRAM2 (Exec base: 0x24000000, Load base: 0x0800ae10, Size: 0x00011210, Max: 0x00050000, ABSOLUTE)

    Exec Addr    Load Addr    Size         Type   Attr      Idx    E Section Name        Object

    0x24000000   0x0800ae10   0x00000029   Data   RW           27    .data               main.o
    0x24000029   0x0800ae39   0x00000003   PAD
    0x2400002c   0x0800ae3c   0x00000009   Data   RW         2792    .data               stm32h7xx_hal.o
    0x24000035   0x0800ae45   0x00000003   PAD
    0x24000038   0x0800ae48   0x00000008   Data   RW         4733    .data               system_stm32h7xx.o
    0x24000040   0x0800ae50   0x00000002   Data   RW         4779    .data               bh1750.o
    0x24000042   0x0800ae52   0x00000006   PAD
    0x24000048   0x0800ae58   0x00000010   Data   RW         4868    .data               bmp280.o
    0x24000058   0x0800ae68   0x00000008   Data   RW         4944    .data               console.o
    0x24000060   0x0800ae70   0x00000004   Data   RW         5033    .data               csb.o
    0x24000064   0x0800ae74   0x00000008   Data   RW         5095    .data               dht11.o
    0x2400006c   0x0800ae7c   0x00000003   Data   RW         5169    .data               eb21.o
    0x2400006f   0x0800ae7f   0x00000004   Data   RW         5223    .data               gnss.o
    0x24000073   0x0800ae83   0x00000001   PAD
    0x24000074   0x0800ae84   0x00000008   Data   RW         5289    .data               lcd.o
    0x2400007c   0x0800ae8c   0x00000002   Data   RW         5397    .data               scd04.o
    0x2400007e   0x0800ae8e   0x00000001   Data   RW         5504    .data               usr_uart.o
    0x2400007f   0x0800ae8f   0x00000001   PAD
    0x24000080   0x0800ae90   0x00000004   Data   RW         5567    .data               mc_w.l(strtok.o)
    0x24000084   0x0800ae94   0x00000004   Data   RW         5881    .data               mc_w.l(stdout.o)
    0x24000088   0x0800ae98   0x00000004   Data   RW         5888    .data               mc_w.l(mvars.o)
    0x2400008c   0x0800ae9c   0x00000004   Data   RW         5889    .data               mc_w.l(mvars.o)
    0x24000090   0x0800aea0   0x00000004   Data   RW         5893    .data               mc_w.l(errno.o)
    0x24000094        -       0x00000098   Zero   RW          325    .bss                i2c.o
    0x2400012c        -       0x000000e4   Zero   RW          377    .bss                tim.o
    0x24000210        -       0x00000360   Zero   RW          449    .bss                usart.o
    0x24000570        -       0x00000018   Zero   RW         4777    .bss                bh1750.o
    0x24000588        -       0x00000100   Zero   RW         4866    .bss                bmp280.o
    0x24000688        -       0x00000084   Zero   RW         4942    .bss                console.o
    0x2400070c        -       0x00000100   Zero   RW         5031    .bss                csb.o
    0x2400080c        -       0x00000100   Zero   RW         5167    .bss                eb21.o
    0x2400090c        -       0x00000800   Zero   RW         5221    .bss                gnss.o
    0x2400110c        -       0x00000050   Zero   RW         5287    .bss                lcd.o
    0x2400115c        -       0x00000088   Zero   RW         5352    .bss                queue.o
    0x240011e4        -       0x00000028   Zero   RW         5395    .bss                scd04.o
    0x2400120c   0x0800aea4   0x00000004   PAD
    0x24001210        -       0x00008000   Zero   RW            2    HEAP                startup_stm32h723xx.o
    0x24009210        -       0x00008000   Zero   RW            1    STACK               startup_stm32h723xx.o


==============================================================================

Image component sizes


      Code (inc. data)   RO Data    RW Data    ZI Data      Debug   Object Name

       540        214        240          2         24       5820   bh1750.o
       432        214        240         16        256       3431   bmp280.o
      1238        406        960          8        132      17156   console.o
       480        248        240          4        256       2635   csb.o
      1008        236        240          8          0       5392   dht11.o
       312        190        240          3        256       1955   eb21.o
       340        196        240          4       2048       2947   gnss.o
       432         24          0          0          0       1255   gpio.o
       512         54          0          0        152       2534   i2c.o
       612        292        240          8         80       3697   lcd.o
      1814        400         74         41          0    1191406   main.o
       148         10          0          0        136       1747   queue.o
      1074        506        240          2         40       8404   scd04.o
       250          0          0          0          0       3077   split_argv.o
        36          8        716          0      65536        824   startup_stm32h723xx.o
       260         48          0          9          0      23581   stm32h7xx_hal.o
       310         22          0          0          0      39967   stm32h7xx_hal_cortex.o
      2164         34          0          0          0       4387   stm32h7xx_hal_dma.o
       552         54          0          0          0       3478   stm32h7xx_hal_gpio.o
      1782         32          0          0          0      10502   stm32h7xx_hal_i2c.o
       210          0          0          0          0       2035   stm32h7xx_hal_i2c_ex.o
        36          4          0          0          0        914   stm32h7xx_hal_msp.o
        96          6          0          0          0        761   stm32h7xx_hal_pwr_ex.o
      3300        110          0          0          0       6832   stm32h7xx_hal_rcc.o
      4640        112          0          0          0       7129   stm32h7xx_hal_rcc_ex.o
      3486        344          0          0          0      19302   stm32h7xx_hal_tim.o
       234         38          0          0          0       3212   stm32h7xx_hal_tim_ex.o
      5640        192         24          0          0      37814   stm32h7xx_hal_uart.o
       360         10         16          0          0       5458   stm32h7xx_hal_uart_ex.o
       174         42          0          0          0       8001   stm32h7xx_it.o
       224         32         16          8          0       1358   system_stm32h7xx.o
       600         52          0          0        228       4308   tim.o
      1548        104          0          0        864       5431   usart.o
        52          6          0          1          0       3096   usr_uart.o

    ----------------------------------------------------------------------
     34932       4240       3760        128      70012    1439846   Object Totals
         0          0         32          0          0          0   (incl. Generated)
        36          0          2         14          4          0   (incl. Padding)

    ----------------------------------------------------------------------

      Code (inc. data)   RO Data    RW Data    ZI Data      Debug   Library Member Name

        56         12          0          0          0        132   atof.o
        28          0          0          0          0         68   _chval.o
        64          0          0          0          0         84   _sgetc.o
       158          0          0          0          0         92   _strtoul.o
        26          0          0          0          0         80   atoi.o
         8          4        133          0          0         68   ctype_o.o
         0          0          0          0          0          0   entry.o
         0          0          0          0          0          0   entry10a.o
         0          0          0          0          0          0   entry11a.o
         4          0          0          0          0          0   entry12b.o
         8          4          0          0          0          0   entry2.o
         4          0          0          0          0          0   entry5.o
         0          0          0          0          0          0   entry7b.o
         0          0          0          0          0          0   entry8b.o
         8          4          0          0          0          0   entry9a.o
        32         16          0          4          0        204   errno.o
        30          0          0          0          0          0   handlers.o
        36          8          0          0          0         68   init.o
        18          0          0          0          0         76   isspace_o.o
         0          0          0          0          0          0   iusefp.o
        30          0          0          0          0         68   llshl.o
        36          0          0          0          0         68   llsshr.o
        32          0          0          0          0         68   llushr.o
       108         16          0          0          0         84   malloc.o
        26          0          0          0          0         80   memcmp.o
        36          0          0          0          0         68   memcpya.o
        36          0          0          0          0        108   memseta.o
         0          0          0          8          0          0   mvars.o
      2268         96          0          0          0        616   printfa.o
       878         12          0          0          0        216   scanf_fp.o
         0          0          0          4          0          0   stdout.o
        28          0          0          0          0         76   strcmp.o
        18          0          0          0          0         68   strcpy.o
        14          0          0          0          0         68   strlen.o
       156         12          0          0          0        120   strtod.o
        68          6          0          4          0         80   strtok.o
       112          0          0          0          0         88   strtol.o
        44          0          0          0          0         80   uidiv.o
        98          0          0          0          0         92   uldiv.o
        48          0          0          0          0         68   cdrcmple.o
        56          0          0          0          0         88   d2f.o
       334          0          0          0          0        148   dadd.o
       222          0          0          0          0        100   ddiv.o
       186          0          0          0          0        176   depilogue.o
        48          0          0          0          0         68   dfixul.o
        24          0          0          0          0         76   dfltul.o
       228          0          0          0          0         96   dmul.o
       110          0          0          0          0        168   fepilogue.o

    ----------------------------------------------------------------------
      5732        190        136         20          0       3908   Library Totals
         8          0          3          0          0          0   (incl. Padding)

    ----------------------------------------------------------------------

      Code (inc. data)   RO Data    RW Data    ZI Data      Debug   Library Name

        56         12          0          0          0        132   m_wv.l
      4412        178        133         20          0       2788   mc_w.l
      1256          0          0          0          0        988   mf_w.l

    ----------------------------------------------------------------------
      5732        190        136         20          0       3908   Library Totals

    ----------------------------------------------------------------------

==============================================================================


      Code (inc. data)   RO Data    RW Data    ZI Data      Debug   

     40664       4430       3896        148      70012    1422130   Grand Totals
     40664       4430       3896        148      70012    1422130   ELF Image Totals
     40664       4430       3896        148          0          0   ROM Totals

==============================================================================

    Total RO  Size (Code + RO Data)                44560 (  43.52kB)
    Total RW  Size (RW Data + ZI Data)             70160 (  68.52kB)
    Total ROM Size (Code + RO Data + RW Data)      44708 (  43.66kB)

==============================================================================

