Component: ARM Compiler 5.06 update 7 (build 960) Tool: armlink [4d3601]

==============================================================================

Section Cross References

    startup_stm32h723xx.o(RESET) refers to startup_stm32h723xx.o(STACK) for __initial_sp
    startup_stm32h723xx.o(RESET) refers to startup_stm32h723xx.o(.text) for Reset_Handler
    startup_stm32h723xx.o(RESET) refers to stm32h7xx_it.o(i.NMI_Handler) for NMI_Handler
    startup_stm32h723xx.o(RESET) refers to stm32h7xx_it.o(i.HardFault_Handler) for HardFault_Handler
    startup_stm32h723xx.o(RESET) refers to stm32h7xx_it.o(i.MemManage_Handler) for MemManage_Handler
    startup_stm32h723xx.o(RESET) refers to stm32h7xx_it.o(i.BusFault_Handler) for BusFault_Handler
    startup_stm32h723xx.o(RESET) refers to stm32h7xx_it.o(i.UsageFault_Handler) for UsageFault_Handler
    startup_stm32h723xx.o(RESET) refers to stm32h7xx_it.o(i.SVC_Handler) for SVC_Handler
    startup_stm32h723xx.o(RESET) refers to stm32h7xx_it.o(i.DebugMon_Handler) for DebugMon_Handler
    startup_stm32h723xx.o(RESET) refers to stm32h7xx_it.o(i.PendSV_Handler) for PendSV_Handler
    startup_stm32h723xx.o(RESET) refers to stm32h7xx_it.o(i.SysTick_Handler) for SysTick_Handler
    startup_stm32h723xx.o(RESET) refers to stm32h7xx_it.o(i.USART1_IRQHandler) for USART1_IRQHandler
    startup_stm32h723xx.o(RESET) refers to stm32h7xx_it.o(i.USART3_IRQHandler) for USART3_IRQHandler
    startup_stm32h723xx.o(RESET) refers to stm32h7xx_it.o(i.EXTI15_10_IRQHandler) for EXTI15_10_IRQHandler
    startup_stm32h723xx.o(RESET) refers to stm32h7xx_it.o(i.UART4_IRQHandler) for UART4_IRQHandler
    startup_stm32h723xx.o(RESET) refers to stm32h7xx_it.o(i.UART5_IRQHandler) for UART5_IRQHandler
    startup_stm32h723xx.o(RESET) refers to stm32h7xx_it.o(i.UART7_IRQHandler) for UART7_IRQHandler
    startup_stm32h723xx.o(RESET) refers to stm32h7xx_it.o(i.USART10_IRQHandler) for USART10_IRQHandler
    startup_stm32h723xx.o(.text) refers to system_stm32h7xx.o(i.SystemInit) for SystemInit
    startup_stm32h723xx.o(.text) refers to entry.o(.ARM.Collect$$$$00000000) for __main
    main.o(i.HAL_GPIO_EXTI_Callback) refers to stm32h7xx_hal_gpio.o(i.HAL_GPIO_ReadPin) for HAL_GPIO_ReadPin
    main.o(i.HAL_GPIO_EXTI_Callback) refers to stm32h7xx_hal_gpio.o(i.HAL_GPIO_WritePin) for HAL_GPIO_WritePin
    main.o(i.HAL_GPIO_EXTI_Callback) refers to main.o(.data) for key_3_touch
    main.o(i.HAL_GPIO_EXTI_Callback) refers to tim.o(.bss) for htim3
    main.o(i.HAL_UART_RxCpltCallback) refers to queue.o(i.queue_in) for queue_in
    main.o(i.HAL_UART_RxCpltCallback) refers to stm32h7xx_hal_uart.o(i.HAL_UART_Receive_IT) for HAL_UART_Receive_IT
    main.o(i.HAL_UART_RxCpltCallback) refers to lcd.o(i.lcd_check_frame) for lcd_check_frame
    main.o(i.HAL_UART_RxCpltCallback) refers to gnss.o(i.gnss_check_frame) for gnss_check_frame
    main.o(i.HAL_UART_RxCpltCallback) refers to gnss.o(i.gnss_deal_buffer) for gnss_deal_buffer
    main.o(i.HAL_UART_RxCpltCallback) refers to csb.o(i.csb_deal_buffer) for csb_deal_buffer
    main.o(i.HAL_UART_RxCpltCallback) refers to bmp280.o(i.bmp280_deal_buffer) for bmp280_deal_buffer
    main.o(i.HAL_UART_RxCpltCallback) refers to usart.o(.bss) for huart1
    main.o(i.HAL_UART_RxCpltCallback) refers to usr_uart.o(.data) for dataRcvd
    main.o(i.HAL_UART_RxCpltCallback) refers to lcd.o(.data) for lcd_temp
    main.o(i.HAL_UART_RxCpltCallback) refers to lcd.o(.bss) for lcd_buffer
    main.o(i.HAL_UART_RxCpltCallback) refers to gnss.o(.data) for gnss_temp
    main.o(i.HAL_UART_RxCpltCallback) refers to gnss.o(.bss) for gnss_buffer
    main.o(i.HAL_UART_RxCpltCallback) refers to csb.o(.data) for csb_temp
    main.o(i.HAL_UART_RxCpltCallback) refers to csb.o(.bss) for csb_buffer
    main.o(i.HAL_UART_RxCpltCallback) refers to eb21.o(.data) for xs_temp
    main.o(i.HAL_UART_RxCpltCallback) refers to eb21.o(.bss) for xs_buffer
    main.o(i.HAL_UART_RxCpltCallback) refers to bmp280.o(.data) for bmp280_temp
    main.o(i.HAL_UART_RxCpltCallback) refers to bmp280.o(.bss) for bmp280_buffer
    main.o(i.SystemClock_Config) refers to memseta.o(.text) for __aeabi_memclr4
    main.o(i.SystemClock_Config) refers to stm32h7xx_hal_pwr_ex.o(i.HAL_PWREx_ConfigSupply) for HAL_PWREx_ConfigSupply
    main.o(i.SystemClock_Config) refers to stm32h7xx_hal_rcc.o(i.HAL_RCC_OscConfig) for HAL_RCC_OscConfig
    main.o(i.SystemClock_Config) refers to main.o(i.Error_Handler) for Error_Handler
    main.o(i.SystemClock_Config) refers to stm32h7xx_hal_rcc.o(i.HAL_RCC_ClockConfig) for HAL_RCC_ClockConfig
    main.o(i.key_function) refers to lcd.o(i.lcd_switch) for lcd_switch
    main.o(i.key_function) refers to main.o(i.lcd_set_page1) for lcd_set_page1
    main.o(i.key_function) refers to main.o(i.lcd_set_page0) for lcd_set_page0
    main.o(i.key_function) refers to main.o(.data) for key_1_touch
    main.o(i.lcd_set_page0) refers to memseta.o(.text) for __aeabi_memclr4
[...]
    i.sensor_recv                            0x08009844   Section        0  scd04.o(i.sensor_recv)
    sensor_recv                              0x08009845   Thumb Code    34  scd04.o(i.sensor_recv)
    i.sensor_send_command                    0x08009866   Section        0  scd04.o(i.sensor_send_command)
    sensor_send_command                      0x08009867   Thumb Code    34  scd04.o(i.sensor_send_command)
    i.system_cmd_register                    0x08009888   Section        0  console.o(i.system_cmd_register)
    system_cmd_register                      0x08009889   Thumb Code    80  console.o(i.system_cmd_register)
    i.xs_cmd_register                        0x080098e0   Section        0  eb21.o(i.xs_cmd_register)
    i.xs_get_msg                             0x080098fc   Section        0  eb21.o(i.xs_get_msg)
    xs_get_msg                               0x080098fd   Thumb Code    98  eb21.o(i.xs_get_msg)
    .constdata                               0x08009a18   Section       24  stm32h7xx_hal_uart.o(.constdata)
    .constdata                               0x08009a30   Section       16  stm32h7xx_hal_uart_ex.o(.constdata)
    numerator                                0x08009a30   Data           8  stm32h7xx_hal_uart_ex.o(.constdata)
    denominator                              0x08009a38   Data           8  stm32h7xx_hal_uart_ex.o(.constdata)
    .constdata                               0x08009a40   Section       16  system_stm32h7xx.o(.constdata)
    .constdata                               0x08009a50   Section      240  bh1750.o(.constdata)
    .constdata                               0x08009b40   Section      240  bmp280.o(.constdata)
    .constdata                               0x08009c30   Section      960  console.o(.constdata)
    .constdata                               0x08009ff0   Section      240  csb.o(.constdata)
    .constdata                               0x0800a0e0   Section      240  dht11.o(.constdata)
    .constdata                               0x0800a1d0   Section      240  eb21.o(.constdata)
    .constdata                               0x0800a2c0   Section      240  gnss.o(.constdata)
    .constdata                               0x0800a3b0   Section      240  lcd.o(.constdata)
    .constdata                               0x0800a4a0   Section      240  scd04.o(.constdata)
    .constdata                               0x0800a590   Section      129  ctype_o.o(.constdata)
    .constdata                               0x0800a614   Section        4  ctype_o.o(.constdata)
    table                                    0x0800a614   Data           4  ctype_o.o(.constdata)
    .conststring                             0x0800a618   Section       74  main.o(.conststring)
    .data                                    0x24000000   Section       13  main.o(.data)
    key3_tick                                0x24000008   Data           4  main.o(.data)
    touch_3                                  0x2400000c   Data           1  main.o(.data)
    .data                                    0x24000010   Section        9  stm32h7xx_hal.o(.data)
    .data                                    0x2400001c   Section        8  system_stm32h7xx.o(.data)
    .data                                    0x24000028   Section       16  bmp280.o(.data)
    receive_success                          0x2400002b   Data           1  bmp280.o(.data)
    .data                                    0x24000038   Section        8  console.o(.data)
    cmd_list                                 0x24000038   Data           8  console.o(.data)
    .data                                    0x24000040   Section        4  csb.o(.data)
    receive_success                          0x24000043   Data           1  csb.o(.data)
    .data                                    0x24000044   Section        3  eb21.o(.data)
    .data                                    0x24000047   Section        4  gnss.o(.data)
    gnss_success                             0x2400004a   Data           1  gnss.o(.data)
    .data                                    0x2400004c   Section        8  lcd.o(.data)
    .data                                    0x24000054   Section        1  usr_uart.o(.data)
    .data                                    0x24000058   Section        4  strtok.o(.data)
    state                                    0x24000058   Data           4  strtok.o(.data)
    .data                                    0x2400005c   Section        4  stdout.o(.data)
    .data                                    0x24000060   Section        4  mvars.o(.data)
    .data                                    0x24000064   Section        4  mvars.o(.data)
    .data                                    0x24000068   Section        4  errno.o(.data)
    _errno                                   0x24000068   Data           4  errno.o(.data)
    .bss                                     0x2400006c   Section      152  i2c.o(.bss)
    .bss                                     0x24000104   Section      152  tim.o(.bss)
    .bss                                     0x2400019c   Section      864  usart.o(.bss)
    .bss                                     0x240004fc   Section       24  bh1750.o(.bss)
    bh7150_dev                               0x240004fc   Data          24  bh1750.o(.bss)
    .bss                                     0x24000514   Section      256  bmp280.o(.bss)
    gn_buffer                                0x24000514   Data         128  bmp280.o(.bss)
    .bss                                     0x24000614   Section      132  console.o(.bss)
    Handle                                   0x24000614   Data         132  console.o(.bss)
    .bss                                     0x24000698   Section      256  csb.o(.bss)
    .bss                                     0x24000798   Section      256  eb21.o(.bss)
    .bss                                     0x24000898   Section     2048  gnss.o(.bss)
    gn_buffer                                0x24000898   Data        1024  gnss.o(.bss)
    .bss                                     0x24001098   Section       80  lcd.o(.bss)
    .bss                                     0x240010e8   Section      136  queue.o(.bss)
    cirbuffer                                0x240010e8   Data         136  queue.o(.bss)
    .bss                                     0x24001170   Section       40  scd04.o(.bss)
    scd04_dev                                0x24001170   Data          40  scd04.o(.bss)
    HEAP                                     0x24001198   Section    32768  startup_stm32h723xx.o(HEAP)
    STACK                                    0x24009198   Section    32768  startup_stm32h723xx.o(STACK)

    Global Symbols

    Symbol Name                              Value     Ov Type        Size  Object(Section)

    BuildAttributes$$THM_ISAv4$E$P$D$K$B$S$7EM$VFPv5_D16$PE$PLD8$A:L22UL41UL21$X:L11$S22US41US21$IEEE1$IW$USESV6$~STKCKD$USESV7$~SHL$OTIME$ROPI$IEEEJ$EBA8$MICROLIB$REQ8$PRES8$EABIv2 0x00000000   Number         0  anon$$obj.o ABSOLUTE
    __ARM_use_no_argv                        0x00000000   Number         0  main.o ABSOLUTE
    _printf_a                                0x00000000   Number         0  stubs.o ABSOLUTE
    _printf_c                                0x00000000   Number         0  stubs.o ABSOLUTE
    _printf_charcount                        0x00000000   Number         0  stubs.o ABSOLUTE
    _printf_d                                0x00000000   Number         0  stubs.o ABSOLUTE
    _printf_e                                0x00000000   Number         0  stubs.o ABSOLUTE
    _printf_f                                0x00000000   Number         0  stubs.o ABSOLUTE
    _printf_flags                            0x00000000   Number         0  stubs.o ABSOLUTE
    _printf_fp_dec                           0x00000000   Number         0  stubs.o ABSOLUTE
    _printf_fp_hex                           0x00000000   Number         0  stubs.o ABSOLUTE
    _printf_g                                0x00000000   Number         0  stubs.o ABSOLUTE
    _printf_i                                0x00000000   Number         0  stubs.o ABSOLUTE
    _printf_int_dec                          0x00000000   Number         0  stubs.o ABSOLUTE
    _printf_l                                0x00000000   Number         0  stubs.o ABSOLUTE
    _printf_lc                               0x00000000   Number         0  stubs.o ABSOLUTE
    _printf_ll                               0x00000000   Number         0  stubs.o ABSOLUTE
    _printf_lld                              0x00000000   Number         0  stubs.o ABSOLUTE
    _printf_lli                              0x00000000   Number         0  stubs.o ABSOLUTE
    _printf_llo                              0x00000000   Number         0  stubs.o ABSOLUTE
    _printf_llu                              0x00000000   Number         0  stubs.o ABSOLUTE
    _printf_llx                              0x00000000   Number         0  stubs.o ABSOLUTE
    _printf_longlong_dec                     0x00000000   Number         0  stubs.o ABSOLUTE
    _printf_longlong_hex                     0x00000000   Number         0  stubs.o ABSOLUTE
    _printf_longlong_oct                     0x00000000   Number         0  stubs.o ABSOLUTE
    _printf_ls                               0x00000000   Number         0  stubs.o ABSOLUTE
    _printf_mbtowc                           0x00000000   Number         0  stubs.o ABSOLUTE
    _printf_n                                0x00000000   Number         0  stubs.o ABSOLUTE
    _printf_o                                0x00000000   Number         0  stubs.o ABSOLUTE
    _printf_p                                0x00000000   Number         0  stubs.o ABSOLUTE
    _printf_percent                          0x00000000   Number         0  stubs.o ABSOLUTE
    _printf_pre_padding                      0x00000000   Number         0  stubs.o ABSOLUTE
    _printf_return_value                     0x00000000   Number         0  stubs.o ABSOLUTE
    _printf_s                                0x00000000   Number         0  stubs.o ABSOLUTE
    _printf_sizespec                         0x00000000   Number         0  stubs.o ABSOLUTE
    _printf_str                              0x00000000   Number         0  stubs.o ABSOLUTE
    _printf_truncate_signed                  0x00000000   Number         0  stubs.o ABSOLUTE
    _printf_truncate_unsigned                0x00000000   Number         0  stubs.o ABSOLUTE
    _printf_u                                0x00000000   Number         0  stubs.o ABSOLUTE
    _printf_wc                               0x00000000   Number         0  stubs.o ABSOLUTE
    _printf_wctomb                           0x00000000   Number         0  stubs.o ABSOLUTE
    _printf_widthprec                        0x00000000   Number         0  stubs.o ABSOLUTE
    _printf_x                                0x00000000   Number         0  stubs.o ABSOLUTE
    __arm_fini_                               - Undefined Weak Reference
    __cpp_initialize__aeabi_                  - Undefined Weak Reference
    __cxa_finalize                            - Undefined Weak Reference
    __decompress                              - Undefined Weak Reference
    _clock_init                               - Undefined Weak Reference
    _microlib_exit                            - Undefined Weak Reference
    __Vectors_Size                           0x000002cc   Number         0  startup_stm32h723xx.o ABSOLUTE
    __Vectors                                0x08000000   Data           4  startup_stm32h723xx.o(RESET)
    __Vectors_End                            0x080002cc   Data           0  startup_stm32h723xx.o(RESET)
    __main                                   0x080002cd   Thumb Code     0  entry.o(.ARM.Collect$$$$00000000)
    _main_stk                                0x080002cd   Thumb Code     0  entry2.o(.ARM.Collect$$$$00000001)
    _main_scatterload                        0x080002d1   Thumb Code     0  entry5.o(.ARM.Collect$$$$00000004)
    __main_after_scatterload                 0x080002d5   Thumb Code     0  entry5.o(.ARM.Collect$$$$00000004)
    _main_clock                              0x080002d5   Thumb Code     0  entry7b.o(.ARM.Collect$$$$00000008)
    _main_cpp_init                           0x080002d5   Thumb Code     0  entry8b.o(.ARM.Collect$$$$0000000A)
    _main_init                               0x080002d5   Thumb Code     0  entry9a.o(.ARM.Collect$$$$0000000B)
    __rt_lib_shutdown_fini                   0x080002dd   Thumb Code     0  entry12b.o(.ARM.Collect$$$$0000000E)
    __rt_final_cpp                           0x080002e1   Thumb Code     0  entry10a.o(.ARM.Collect$$$$0000000F)
    __rt_final_exit                          0x080002e1   Thumb Code     0  entry11a.o(.ARM.Collect$$$$00000011)
    Reset_Handler                            0x080002e5   Thumb Code     8  startup_stm32h723xx.o(.text)
    ADC3_IRQHandler                          0x080002ff   Thumb Code     0  startup_stm32h723xx.o(.text)
    ADC_IRQHandler                           0x080002ff   Thumb Code     0  startup_stm32h723xx.o(.text)
    BDMA_Channel0_IRQHandler                 0x080002ff   Thumb Code     0  startup_stm32h723xx.o(.text)
    BDMA_Channel1_IRQHandler                 0x080002ff   Thumb Code     0  startup_stm32h723xx.o(.text)
    BDMA_Channel2_IRQHandler                 0x080002ff   Thumb Code     0  startup_stm32h723xx.o(.text)
    BDMA_Channel3_IRQHandler                 0x080002ff   Thumb Code     0  startup_stm32h723xx.o(.text)
    BDMA_Channel4_IRQHandler                 0x080002ff   Thumb Code     0  startup_stm32h723xx.o(.text)
    BDMA_Channel5_IRQHandler                 0x080002ff   Thumb Code     0  startup_stm32h723xx.o(.text)
    BDMA_Channel6_IRQHandler                 0x080002ff   Thumb Code     0  startup_stm32h723xx.o(.text)
    BDMA_Channel7_IRQHandler                 0x080002ff   Thumb Code     0  startup_stm32h723xx.o(.text)
    CEC_IRQHandler                           0x080002ff   Thumb Code     0  startup_stm32h723xx.o(.text)
    COMP1_IRQHandler                         0x080002ff   Thumb Code     0  startup_stm32h723xx.o(.text)
    CORDIC_IRQHandler                        0x080002ff   Thumb Code     0  startup_stm32h723xx.o(.text)
    CRS_IRQHandler                           0x080002ff   Thumb Code     0  startup_stm32h723xx.o(.text)
    DCMI_PSSI_IRQHandler                     0x080002ff   Thumb Code     0  startup_stm32h723xx.o(.text)
    DFSDM1_FLT0_IRQHandler                   0x080002ff   Thumb Code     0  startup_stm32h723xx.o(.text)
    DFSDM1_FLT1_IRQHandler                   0x080002ff   Thumb Code     0  startup_stm32h723xx.o(.text)
    DFSDM1_FLT2_IRQHandler                   0x080002ff   Thumb Code     0  startup_stm32h723xx.o(.text)
    DFSDM1_FLT3_IRQHandler                   0x080002ff   Thumb Code     0  startup_stm32h723xx.o(.text)
    DMA1_Stream0_IRQHandler                  0x080002ff   Thumb Code     0  startup_stm32h723xx.o(.text)
    DMA1_Stream1_IRQHandler                  0x080002ff   Thumb Code     0  startup_stm32h723xx.o(.text)
    DMA1_Stream2_IRQHandler                  0x080002ff   Thumb Code     0  startup_stm32h723xx.o(.text)
    DMA1_Stream3_IRQHandler                  0x080002ff   Thumb Code     0  startup_stm32h723xx.o(.text)
    DMA1_Stream4_IRQHandler                  0x080002ff   Thumb Code     0  startup_stm32h723xx.o(.text)
    DMA1_Stream5_IRQHandler                  0x080002ff   Thumb Code     0  startup_stm32h723xx.o(.text)
    DMA1_Stream6_IRQHandler                  0x080002ff   Thumb Code     0  startup_stm32h723xx.o(.text)
    DMA1_Stream7_IRQHandler                  0x080002ff   Thumb Code     0  startup_stm32h723xx.o(.text)
    DMA2D_IRQHandler                         0x080002ff   Thumb Code     0  startup_stm32h723xx.o(.text)
    DMA2_Stream0_IRQHandler                  0x080002ff   Thumb Code     0  startup_stm32h723xx.o(.text)
    DMA2_Stream1_IRQHandler                  0x080002ff   Thumb Code     0  startup_stm32h723xx.o(.text)
    DMA2_Stream2_IRQHandler                  0x080002ff   Thumb Code     0  startup_stm32h723xx.o(.text)
    DMA2_Stream3_IRQHandler                  0x080002ff   Thumb Code     0  startup_stm32h723xx.o(.text)
    DMA2_Stream4_IRQHandler                  0x080002ff   Thumb Code     0  startup_stm32h723xx.o(.text)
    DMA2_Stream5_IRQHandler                  0x080002ff   Thumb Code     0  startup_stm32h723xx.o(.text)
    DMA2_Stream6_IRQHandler                  0x080002ff   Thumb Code     0  startup_stm32h723xx.o(.text)
    DMA2_Stream7_IRQHandler                  0x080002ff   Thumb Code     0  startup_stm32h723xx.o(.text)
    DMAMUX1_OVR_IRQHandler                   0x080002ff   Thumb Code     0  startup_stm32h723xx.o(.text)
    DMAMUX2_OVR_IRQHandler                   0x080002ff   Thumb Code     0  startup_stm32h723xx.o(.text)
    DTS_IRQHandler                           0x080002ff   Thumb Code     0  startup_stm32h723xx.o(.text)
    ECC_IRQHandler                           0x080002ff   Thumb Code     0  startup_stm32h723xx.o(.text)
    ETH_IRQHandler                           0x080002ff   Thumb Code     0  startup_stm32h723xx.o(.text)
    ETH_WKUP_IRQHandler                      0x080002ff   Thumb Code     0  startup_stm32h723xx.o(.text)
    EXTI0_IRQHandler                         0x080002ff   Thumb Code     0  startup_stm32h723xx.o(.text)
    EXTI1_IRQHandler                         0x080002ff   Thumb Code     0  startup_stm32h723xx.o(.text)
    EXTI2_IRQHandler                         0x080002ff   Thumb Code     0  startup_stm32h723xx.o(.text)
    EXTI3_IRQHandler                         0x080002ff   Thumb Code     0  startup_stm32h723xx.o(.text)
    EXTI4_IRQHandler                         0x080002ff   Thumb Code     0  startup_stm32h723xx.o(.text)
    EXTI9_5_IRQHandler                       0x080002ff   Thumb Code     0  startup_stm32h723xx.o(.text)
    FDCAN1_IT0_IRQHandler                    0x080002ff   Thumb Code     0  startup_stm32h723xx.o(.text)
    FDCAN1_IT1_IRQHandler                    0x080002ff   Thumb Code     0  startup_stm32h723xx.o(.text)
    FDCAN2_IT0_IRQHandler                    0x080002ff   Thumb Code     0  startup_stm32h723xx.o(.text)
    FDCAN2_IT1_IRQHandler                    0x080002ff   Thumb Code     0  startup_stm32h723xx.o(.text)
    FDCAN3_IT0_IRQHandler                    0x080002ff   Thumb Code     0  startup_stm32h723xx.o(.text)
    FDCAN3_IT1_IRQHandler                    0x080002ff   Thumb Code     0  startup_stm32h723xx.o(.text)
    FDCAN_CAL_IRQHandler                     0x080002ff   Thumb Code     0  startup_stm32h723xx.o(.text)
    FLASH_IRQHandler                         0x080002ff   Thumb Code     0  startup_stm32h723xx.o(.text)
    FMAC_IRQHandler                          0x080002ff   Thumb Code     0  startup_stm32h723xx.o(.text)
    FMC_IRQHandler                           0x080002ff   Thumb Code     0  startup_stm32h723xx.o(.text)
    FPU_IRQHandler                           0x080002ff   Thumb Code     0  startup_stm32h723xx.o(.text)
    HSEM1_IRQHandler                         0x080002ff   Thumb Code     0  startup_stm32h723xx.o(.text)
    I2C1_ER_IRQHandler                       0x080002ff   Thumb Code     0  startup_stm32h723xx.o(.text)
    I2C1_EV_IRQHandler                       0x080002ff   Thumb Code     0  startup_stm32h723xx.o(.text)
    I2C2_ER_IRQHandler                       0x080002ff   Thumb Code     0  startup_stm32h723xx.o(.text)
    I2C2_EV_IRQHandler                       0x080002ff   Thumb Code     0  startup_stm32h723xx.o(.text)
    I2C3_ER_IRQHandler                       0x080002ff   Thumb Code     0  startup_stm32h723xx.o(.text)
    I2C3_EV_IRQHandler                       0x080002ff   Thumb Code     0  startup_stm32h723xx.o(.text)
    I2C4_ER_IRQHandler                       0x080002ff   Thumb Code     0  startup_stm32h723xx.o(.text)
    I2C4_EV_IRQHandler                       0x080002ff   Thumb Code     0  startup_stm32h723xx.o(.text)
    I2C5_ER_IRQHandler                       0x080002ff   Thumb Code     0  startup_stm32h723xx.o(.text)
    I2C5_EV_IRQHandler                       0x080002ff   Thumb Code     0  startup_stm32h723xx.o(.text)
    LPTIM1_IRQHandler                        0x080002ff   Thumb Code     0  startup_stm32h723xx.o(.text)
    LPTIM2_IRQHandler                        0x080002ff   Thumb Code     0  startup_stm32h723xx.o(.text)
    LPTIM3_IRQHandler                        0x080002ff   Thumb Code     0  startup_stm32h723xx.o(.text)
    LPTIM4_IRQHandler                        0x080002ff   Thumb Code     0  startup_stm32h723xx.o(.text)
    LPTIM5_IRQHandler                        0x080002ff   Thumb Code     0  startup_stm32h723xx.o(.text)
    LPUART1_IRQHandler                       0x080002ff   Thumb Code     0  startup_stm32h723xx.o(.text)
    LTDC_ER_IRQHandler                       0x080002ff   Thumb Code     0  startup_stm32h723xx.o(.text)
    LTDC_IRQHandler                          0x080002ff   Thumb Code     0  startup_stm32h723xx.o(.text)
    MDIOS_IRQHandler                         0x080002ff   Thumb Code     0  startup_stm32h723xx.o(.text)
    MDIOS_WKUP_IRQHandler                    0x080002ff   Thumb Code     0  startup_stm32h723xx.o(.text)
    MDMA_IRQHandler                          0x080002ff   Thumb Code     0  startup_stm32h723xx.o(.text)
    OCTOSPI1_IRQHandler                      0x080002ff   Thumb Code     0  startup_stm32h723xx.o(.text)
    OCTOSPI2_IRQHandler                      0x080002ff   Thumb Code     0  startup_stm32h723xx.o(.text)
    OTG_HS_EP1_IN_IRQHandler                 0x080002ff   Thumb Code     0  startup_stm32h723xx.o(.text)
    OTG_HS_EP1_OUT_IRQHandler                0x080002ff   Thumb Code     0  startup_stm32h723xx.o(.text)
    OTG_HS_IRQHandler                        0x080002ff   Thumb Code     0  startup_stm32h723xx.o(.text)
    OTG_HS_WKUP_IRQHandler                   0x080002ff   Thumb Code     0  startup_stm32h723xx.o(.text)
    PVD_AVD_IRQHandler                       0x080002ff   Thumb Code     0  startup_stm32h723xx.o(.text)
    RCC_IRQHandler                           0x080002ff   Thumb Code     0  startup_stm32h723xx.o(.text)
    RNG_IRQHandler                           0x080002ff   Thumb Code     0  startup_stm32h723xx.o(.text)
    RTC_Alarm_IRQHandler                     0x080002ff   Thumb Code     0  startup_stm32h723xx.o(.text)
    RTC_WKUP_IRQHandler                      0x080002ff   Thumb Code     0  startup_stm32h723xx.o(.text)
    SAI1_IRQHandler                          0x080002ff   Thumb Code     0  startup_stm32h723xx.o(.text)
    SAI4_IRQHandler                          0x080002ff   Thumb Code     0  startup_stm32h723xx.o(.text)
    SDMMC1_IRQHandler                        0x080002ff   Thumb Code     0  startup_stm32h723xx.o(.text)
    SDMMC2_IRQHandler                        0x080002ff   Thumb Code     0  startup_stm32h723xx.o(.text)
    SPDIF_RX_IRQHandler                      0x080002ff   Thumb Code     0  startup_stm32h723xx.o(.text)
    SPI1_IRQHandler                          0x080002ff   Thumb Code     0  startup_stm32h723xx.o(.text)
    SPI2_IRQHandler                          0x080002ff   Thumb Code     0  startup_stm32h723xx.o(.text)
    SPI3_IRQHandler                          0x080002ff   Thumb Code     0  startup_stm32h723xx.o(.text)
    SPI4_IRQHandler                          0x080002ff   Thumb Code     0  startup_stm32h723xx.o(.text)
    SPI5_IRQHandler                          0x080002ff   Thumb Code     0  startup_stm32h723xx.o(.text)
    SPI6_IRQHandler                          0x080002ff   Thumb Code     0  startup_stm32h723xx.o(.text)
    SWPMI1_IRQHandler                        0x080002ff   Thumb Code     0  startup_stm32h723xx.o(.text)
    TAMP_STAMP_IRQHandler                    0x080002ff   Thumb Code     0  startup_stm32h723xx.o(.text)
    TIM15_IRQHandler                         0x080002ff   Thumb Code     0  startup_stm32h723xx.o(.text)
    TIM16_IRQHandler                         0x080002ff   Thumb Code     0  startup_stm32h723xx.o(.text)
    TIM17_IRQHandler                         0x080002ff   Thumb Code     0  startup_stm32h723xx.o(.text)
    TIM1_BRK_IRQHandler                      0x080002ff   Thumb Code     0  startup_stm32h723xx.o(.text)
    TIM1_CC_IRQHandler                       0x080002ff   Thumb Code     0  startup_stm32h723xx.o(.text)
    TIM1_TRG_COM_IRQHandler                  0x080002ff   Thumb Code     0  startup_stm32h723xx.o(.text)
    TIM1_UP_IRQHandler                       0x080002ff   Thumb Code     0  startup_stm32h723xx.o(.text)
    TIM23_IRQHandler                         0x080002ff   Thumb Code     0  startup_stm32h723xx.o(.text)
    TIM24_IRQHandler                         0x080002ff   Thumb Code     0  startup_stm32h723xx.o(.text)
    TIM2_IRQHandler                          0x080002ff   Thumb Code     0  startup_stm32h723xx.o(.text)
    TIM3_IRQHandler                          0x080002ff   Thumb Code     0  startup_stm32h723xx.o(.text)
    TIM4_IRQHandler                          0x080002ff   Thumb Code     0  startup_stm32h723xx.o(.text)
    TIM5_IRQHandler                          0x080002ff   Thumb Code     0  startup_stm32h723xx.o(.text)
    TIM6_DAC_IRQHandler                      0x080002ff   Thumb Code     0  startup_stm32h723xx.o(.text)
    TIM7_IRQHandler                          0x080002ff   Thumb Code     0  startup_stm32h723xx.o(.text)
    TIM8_BRK_TIM12_IRQHandler                0x080002ff   Thumb Code     0  startup_stm32h723xx.o(.text)
    TIM8_CC_IRQHandler                       0x080002ff   Thumb Code     0  startup_stm32h723xx.o(.text)
    TIM8_TRG_COM_TIM14_IRQHandler            0x080002ff   Thumb Code     0  startup_stm32h723xx.o(.text)
    TIM8_UP_TIM13_IRQHandler                 0x080002ff   Thumb Code     0  startup_stm32h723xx.o(.text)
    UART8_IRQHandler                         0x080002ff   Thumb Code     0  startup_stm32h723xx.o(.text)
    UART9_IRQHandler                         0x080002ff   Thumb Code     0  startup_stm32h723xx.o(.text)
    USART2_IRQHandler                        0x080002ff   Thumb Code     0  startup_stm32h723xx.o(.text)
    USART6_IRQHandler                        0x080002ff   Thumb Code     0  startup_stm32h723xx.o(.text)
    WAKEUP_PIN_IRQHandler                    0x080002ff   Thumb Code     0  startup_stm32h723xx.o(.text)
    WWDG_IRQHandler                          0x080002ff   Thumb Code     0  startup_stm32h723xx.o(.text)
    __aeabi_uldivmod                         0x08000309   Thumb Code    98  uldiv.o(.text)
    __aeabi_memcpy                           0x0800036b   Thumb Code    36  memcpya.o(.text)
    __aeabi_memcpy4                          0x0800036b   Thumb Code     0  memcpya.o(.text)
    __aeabi_memcpy8                          0x0800036b   Thumb Code     0  memcpya.o(.text)
    __aeabi_memset                           0x0800038f   Thumb Code    14  memseta.o(.text)
    __aeabi_memset4                          0x0800038f   Thumb Code     0  memseta.o(.text)
    __aeabi_memset8                          0x0800038f   Thumb Code     0  memseta.o(.text)
    __aeabi_memclr                           0x0800039d   Thumb Code     4  memseta.o(.text)
    __aeabi_memclr4                          0x0800039d   Thumb Code     0  memseta.o(.text)
    __aeabi_memclr8                          0x0800039d   Thumb Code     0  memseta.o(.text)
    _memset$wrapper                          0x080003a1   Thumb Code    18  memseta.o(.text)
    strlen                                   0x080003b3   Thumb Code    14  strlen.o(.text)
    strcmp                                   0x080003c1   Thumb Code    28  strcmp.o(.text)
    memcmp                                   0x080003dd   Thumb Code    26  memcmp.o(.text)
    strcpy                                   0x080003f7   Thumb Code    18  strcpy.o(.text)
    strtok                                   0x08000409   Thumb Code    62  strtok.o(.text)
    atoi                                     0x0800044d   Thumb Code    26  atoi.o(.text)
    __aeabi_uidiv                            0x08000467   Thumb Code     0  uidiv.o(.text)
    __aeabi_uidivmod                         0x08000467   Thumb Code    44  uidiv.o(.text)
    __aeabi_llsl                             0x08000493   Thumb Code    30  llshl.o(.text)
    _ll_shift_l                              0x08000493   Thumb Code     0  llshl.o(.text)
    __aeabi_llsr                             0x080004b1   Thumb Code    32  llushr.o(.text)
    _ll_ushift_r                             0x080004b1   Thumb Code     0  llushr.o(.text)
    __strtod_int                             0x08000507   Thumb Code    90  strtod.o(.text)
    strtol                                   0x0800056d   Thumb Code   112  strtol.o(.text)
    __I$use$fp                               0x080005dd   Thumb Code     0  iusefp.o(.text)
    __aeabi_dadd                             0x080005dd   Thumb Code   322  dadd.o(.text)
    __aeabi_dsub                             0x0800071f   Thumb Code     6  dadd.o(.text)
    __aeabi_drsub                            0x08000725   Thumb Code     6  dadd.o(.text)
    __aeabi_dmul                             0x0800072b   Thumb Code   228  dmul.o(.text)
    __aeabi_ddiv                             0x0800080f   Thumb Code   222  ddiv.o(.text)
    __aeabi_d2ulz                            0x080008ed   Thumb Code    48  dfixul.o(.text)
    __aeabi_cdrcmple                         0x0800091d   Thumb Code    48  cdrcmple.o(.text)
    __scatterload                            0x0800094d   Thumb Code    28  init.o(.text)
    __scatterload_rt2                        0x0800094d   Thumb Code     0  init.o(.text)
    __aeabi_lasr                             0x08000971   Thumb Code    36  llsshr.o(.text)
    _ll_sshift_r                             0x08000971   Thumb Code     0  llsshr.o(.text)
    __rt_ctype_table                         0x08000995   Thumb Code     4  ctype_o.o(.text)
    isspace                                  0x0800099d   Thumb Code    18  isspace_o.o(.text)
    _scanf_real                              0x08000ad9   Thumb Code     0  scanf_fp.o(.text)
    _scanf_really_real                       0x08000ad9   Thumb Code   556  scanf_fp.o(.text)
    _sgetc                                   0x08000d11   Thumb Code    30  _sgetc.o(.text)
    _sbackspace                              0x08000d2f   Thumb Code    34  _sgetc.o(.text)
    _strtoul                                 0x08000d51   Thumb Code   158  _strtoul.o(.text)
    _double_round                            0x08000def   Thumb Code    30  depilogue.o(.text)
    _double_epilogue                         0x08000e0d   Thumb Code   156  depilogue.o(.text)
    _chval                                   0x08000ea9   Thumb Code    28  _chval.o(.text)
    __aeabi_ul2d                             0x08000ec5   Thumb Code    24  dfltul.o(.text)
    __aeabi_d2f                              0x08000edd   Thumb Code    56  d2f.o(.text)
    _float_round                             0x08000f15   Thumb Code    18  fepilogue.o(.text)
    _float_epilogue                          0x08000f27   Thumb Code    92  fepilogue.o(.text)
    BH1750_INIT                              0x08000f85   Thumb Code    22  bh1750.o(i.BH1750_INIT)
    BH7150_cmd_register                      0x08001071   Thumb Code    24  bh1750.o(i.BH7150_cmd_register)
    BusFault_Handler                         0x0800108d   Thumb Code     4  stm32h7xx_it.o(i.BusFault_Handler)
    DHT11_Data                               0x080010a9   Thumb Code   248  dht11.o(i.DHT11_Data)
    DebugMon_Handler                         0x080013e1   Thumb Code     2  stm32h7xx_it.o(i.DebugMon_Handler)
    EXTI15_10_IRQHandler                     0x0800141d   Thumb Code    28  stm32h7xx_it.o(i.EXTI15_10_IRQHandler)
    Error_Handler                            0x08001439   Thumb Code     6  main.o(i.Error_Handler)
    HAL_DMA_Abort                            0x08001441   Thumb Code  1236  stm32h7xx_hal_dma.o(i.HAL_DMA_Abort)
    HAL_DMA_Abort_IT                         0x0800191d   Thumb Code   906  stm32h7xx_hal_dma.o(i.HAL_DMA_Abort_IT)
    HAL_Delay                                0x08001cb5   Thumb Code    36  stm32h7xx_hal.o(i.HAL_Delay)
    HAL_GPIO_EXTI_Callback                   0x08001cdd   Thumb Code   200  main.o(i.HAL_GPIO_EXTI_Callback)
    HAL_GPIO_EXTI_IRQHandler                 0x08001dcd   Thumb Code    24  stm32h7xx_hal_gpio.o(i.HAL_GPIO_EXTI_IRQHandler)
    HAL_GPIO_Init                            0x08001de9   Thumb Code   446  stm32h7xx_hal_gpio.o(i.HAL_GPIO_Init)
    HAL_GPIO_ReadPin                         0x08001fd9   Thumb Code    16  stm32h7xx_hal_gpio.o(i.HAL_GPIO_ReadPin)
    HAL_GPIO_WritePin                        0x08001fe9   Thumb Code    12  stm32h7xx_hal_gpio.o(i.HAL_GPIO_WritePin)
    HAL_GetTick                              0x08001ff5   Thumb Code     6  stm32h7xx_hal.o(i.HAL_GetTick)
    HAL_I2CEx_ConfigAnalogFilter             0x08002001   Thumb Code   106  stm32h7xx_hal_i2c_ex.o(i.HAL_I2CEx_ConfigAnalogFilter)
    HAL_I2CEx_ConfigDigitalFilter            0x0800206b   Thumb Code   104  stm32h7xx_hal_i2c_ex.o(i.HAL_I2CEx_ConfigDigitalFilter)
    HAL_I2C_Init                             0x080020d5   Thumb Code   192  stm32h7xx_hal_i2c.o(i.HAL_I2C_Init)
    HAL_I2C_Master_Receive                   0x08002199   Thumb Code   348  stm32h7xx_hal_i2c.o(i.HAL_I2C_Master_Receive)
    HAL_I2C_Master_Transmit                  0x080022fd   Thumb Code   344  stm32h7xx_hal_i2c.o(i.HAL_I2C_Master_Transmit)
    HAL_I2C_MspInit                          0x0800245d   Thumb Code   310  i2c.o(i.HAL_I2C_MspInit)
    HAL_IncTick                              0x080025ad   Thumb Code    16  stm32h7xx_hal.o(i.HAL_IncTick)
    HAL_Init                                 0x080025c5   Thumb Code    80  stm32h7xx_hal.o(i.HAL_Init)
    HAL_InitTick                             0x08002625   Thumb Code    74  stm32h7xx_hal.o(i.HAL_InitTick)
    HAL_MspInit                              0x0800267d   Thumb Code    32  stm32h7xx_hal_msp.o(i.HAL_MspInit)
    HAL_NVIC_EnableIRQ                       0x080026a1   Thumb Code    40  stm32h7xx_hal_cortex.o(i.HAL_NVIC_EnableIRQ)
    HAL_NVIC_SetPriority                     0x080026c9   Thumb Code   122  stm32h7xx_hal_cortex.o(i.HAL_NVIC_SetPriority)
    HAL_NVIC_SetPriorityGrouping             0x08002745   Thumb Code    32  stm32h7xx_hal_cortex.o(i.HAL_NVIC_SetPriorityGrouping)
    HAL_PWREx_ConfigSupply                   0x0800276d   Thumb Code    90  stm32h7xx_hal_pwr_ex.o(i.HAL_PWREx_ConfigSupply)
    HAL_RCCEx_GetD3PCLK1Freq                 0x080027cd   Thumb Code    26  stm32h7xx_hal_rcc_ex.o(i.HAL_RCCEx_GetD3PCLK1Freq)
    HAL_RCCEx_GetPLL2ClockFreq               0x080027f1   Thumb Code   536  stm32h7xx_hal_rcc_ex.o(i.HAL_RCCEx_GetPLL2ClockFreq)
    HAL_RCCEx_GetPLL3ClockFreq               0x08002a21   Thumb Code   536  stm32h7xx_hal_rcc_ex.o(i.HAL_RCCEx_GetPLL3ClockFreq)
    HAL_RCCEx_PeriphCLKConfig                0x08002c51   Thumb Code  2768  stm32h7xx_hal_rcc_ex.o(i.HAL_RCCEx_PeriphCLKConfig)
    HAL_RCC_ClockConfig                      0x08003725   Thumb Code   774  stm32h7xx_hal_rcc.o(i.HAL_RCC_ClockConfig)
    HAL_RCC_GetHCLKFreq                      0x08003a45   Thumb Code    60  stm32h7xx_hal_rcc.o(i.HAL_RCC_GetHCLKFreq)
    HAL_RCC_GetPCLK1Freq                     0x08003a91   Thumb Code    26  stm32h7xx_hal_rcc.o(i.HAL_RCC_GetPCLK1Freq)
    HAL_RCC_GetPCLK2Freq                     0x08003ab5   Thumb Code    26  stm32h7xx_hal_rcc.o(i.HAL_RCC_GetPCLK2Freq)
    HAL_RCC_GetSysClockFreq                  0x08003ad9   Thumb Code   524  stm32h7xx_hal_rcc.o(i.HAL_RCC_GetSysClockFreq)
    HAL_RCC_OscConfig                        0x08003d05   Thumb Code  1786  stm32h7xx_hal_rcc.o(i.HAL_RCC_OscConfig)
    HAL_SYSTICK_Config                       0x08004409   Thumb Code    52  stm32h7xx_hal_cortex.o(i.HAL_SYSTICK_Config)
    HAL_TIMEx_MasterConfigSynchronization    0x0800443d   Thumb Code   190  stm32h7xx_hal_tim_ex.o(i.HAL_TIMEx_MasterConfigSynchronization)
    HAL_TIM_Base_Init                        0x08004521   Thumb Code   110  stm32h7xx_hal_tim.o(i.HAL_TIM_Base_Init)
    HAL_TIM_Base_MspInit                     0x08004591   Thumb Code    40  tim.o(i.HAL_TIM_Base_MspInit)
    HAL_TIM_Base_Start                       0x080045c1   Thumb Code   150  stm32h7xx_hal_tim.o(i.HAL_TIM_Base_Start)
    HAL_TIM_Base_Stop                        0x08004681   Thumb Code    50  stm32h7xx_hal_tim.o(i.HAL_TIM_Base_Stop)
    HAL_TIM_ConfigClockSource                0x080046b5   Thumb Code   304  stm32h7xx_hal_tim.o(i.HAL_TIM_ConfigClockSource)
    HAL_TIM_MspPostInit                      0x080047e9   Thumb Code    80  tim.o(i.HAL_TIM_MspPostInit)
    HAL_TIM_PWM_ConfigChannel                0x08004845   Thumb Code   368  stm32h7xx_hal_tim.o(i.HAL_TIM_PWM_ConfigChannel)
    HAL_TIM_PWM_Init                         0x080049b5   Thumb Code   110  stm32h7xx_hal_tim.o(i.HAL_TIM_PWM_Init)
    HAL_TIM_PWM_MspInit                      0x08004a25   Thumb Code    40  tim.o(i.HAL_TIM_PWM_MspInit)
    HAL_TIM_PWM_Start                        0x08004a55   Thumb Code   330  stm32h7xx_hal_tim.o(i.HAL_TIM_PWM_Start)
    HAL_UARTEx_DisableFifoMode               0x08004bd1   Thumb Code    78  stm32h7xx_hal_uart_ex.o(i.HAL_UARTEx_DisableFifoMode)
    HAL_UARTEx_RxEventCallback               0x08004c1f   Thumb Code     2  stm32h7xx_hal_uart.o(i.HAL_UARTEx_RxEventCallback)
    HAL_UARTEx_RxFifoFullCallback            0x08004c21   Thumb Code     2  stm32h7xx_hal_uart_ex.o(i.HAL_UARTEx_RxFifoFullCallback)
    HAL_UARTEx_SetRxFifoThreshold            0x08004c23   Thumb Code    94  stm32h7xx_hal_uart_ex.o(i.HAL_UARTEx_SetRxFifoThreshold)
    HAL_UARTEx_SetTxFifoThreshold            0x08004c81   Thumb Code    94  stm32h7xx_hal_uart_ex.o(i.HAL_UARTEx_SetTxFifoThreshold)
    HAL_UARTEx_TxFifoEmptyCallback           0x08004cdf   Thumb Code     2  stm32h7xx_hal_uart_ex.o(i.HAL_UARTEx_TxFifoEmptyCallback)
    HAL_UARTEx_WakeupCallback                0x08004ce1   Thumb Code     2  stm32h7xx_hal_uart_ex.o(i.HAL_UARTEx_WakeupCallback)
    HAL_UART_ErrorCallback                   0x08004ce3   Thumb Code     2  stm32h7xx_hal_uart.o(i.HAL_UART_ErrorCallback)
    HAL_UART_IRQHandler                      0x08004ce5   Thumb Code  1112  stm32h7xx_hal_uart.o(i.HAL_UART_IRQHandler)
    HAL_UART_Init                            0x0800513d   Thumb Code   120  stm32h7xx_hal_uart.o(i.HAL_UART_Init)
    HAL_UART_MspInit                         0x080051b5   Thumb Code   856  usart.o(i.HAL_UART_MspInit)
    HAL_UART_Receive_IT                      0x08005539   Thumb Code   110  stm32h7xx_hal_uart.o(i.HAL_UART_Receive_IT)
    HAL_UART_RxCpltCallback                  0x080055ad   Thumb Code   356  main.o(i.HAL_UART_RxCpltCallback)
    HAL_UART_Transmit                        0x08005775   Thumb Code   214  stm32h7xx_hal_uart.o(i.HAL_UART_Transmit)
    HAL_UART_TxCpltCallback                  0x0800584b   Thumb Code     2  stm32h7xx_hal_uart.o(i.HAL_UART_TxCpltCallback)
    HardFault_Handler                        0x0800584d   Thumb Code     4  stm32h7xx_it.o(i.HardFault_Handler)
    MX_GPIO_Init                             0x08005bc1   Thumb Code   408  gpio.o(i.MX_GPIO_Init)
    MX_I2C2_Init                             0x08005d71   Thumb Code    74  i2c.o(i.MX_I2C2_Init)
    MX_I2C3_Init                             0x08005dc9   Thumb Code    74  i2c.o(i.MX_I2C3_Init)
    MX_TIM1_Init                             0x08005e21   Thumb Code   106  tim.o(i.MX_TIM1_Init)
    MX_TIM3_Init                             0x08005e95   Thumb Code   116  tim.o(i.MX_TIM3_Init)
    MX_UART4_Init                            0x08005f11   Thumb Code    98  usart.o(i.MX_UART4_Init)
    MX_UART5_Init                            0x08005f7d   Thumb Code    98  usart.o(i.MX_UART5_Init)
    MX_UART7_Init                            0x08005fe9   Thumb Code    98  usart.o(i.MX_UART7_Init)
    MX_USART10_UART_Init                     0x08006055   Thumb Code    98  usart.o(i.MX_USART10_UART_Init)
    MX_USART1_UART_Init                      0x080060c1   Thumb Code    98  usart.o(i.MX_USART1_UART_Init)
    MX_USART3_UART_Init                      0x0800612d   Thumb Code    98  usart.o(i.MX_USART3_UART_Init)
    MemManage_Handler                        0x08006199   Thumb Code     4  stm32h7xx_it.o(i.MemManage_Handler)
    NMI_Handler                              0x0800619d   Thumb Code     4  stm32h7xx_it.o(i.NMI_Handler)
    PendSV_Handler                           0x080061a1   Thumb Code     2  stm32h7xx_it.o(i.PendSV_Handler)
    SCD04_INIT                               0x0800646d   Thumb Code    16  scd04.o(i.SCD04_INIT)
    SCD04_cmd_register                       0x0800648d   Thumb Code    24  scd04.o(i.SCD04_cmd_register)
    SVC_Handler                              0x080064cb   Thumb Code     2  stm32h7xx_it.o(i.SVC_Handler)
    SysTick_Handler                          0x080064cd   Thumb Code     8  stm32h7xx_it.o(i.SysTick_Handler)
    SystemClock_Config                       0x080064d5   Thumb Code   150  main.o(i.SystemClock_Config)
    SystemInit                               0x08006571   Thumb Code   192  system_stm32h7xx.o(i.SystemInit)
    TIM_Base_SetConfig                       0x08006651   Thumb Code   182  stm32h7xx_hal_tim.o(i.TIM_Base_SetConfig)
    TIM_CCxChannelCmd                        0x08006731   Thumb Code    34  stm32h7xx_hal_tim.o(i.TIM_CCxChannelCmd)
    TIM_ETR_SetConfig                        0x08006753   Thumb Code    22  stm32h7xx_hal_tim.o(i.TIM_ETR_SetConfig)
    TIM_OC2_SetConfig                        0x0800682d   Thumb Code   156  stm32h7xx_hal_tim.o(i.TIM_OC2_SetConfig)
    UART4_IRQHandler                         0x08006b39   Thumb Code    10  stm32h7xx_it.o(i.UART4_IRQHandler)
    UART5_IRQHandler                         0x08006b49   Thumb Code    10  stm32h7xx_it.o(i.UART5_IRQHandler)
    UART7_IRQHandler                         0x08006b59   Thumb Code    10  stm32h7xx_it.o(i.UART7_IRQHandler)
    UART_AdvFeatureConfig                    0x08006bc1   Thumb Code   248  stm32h7xx_hal_uart.o(i.UART_AdvFeatureConfig)
    UART_CheckIdleState                      0x08006cb9   Thumb Code   118  stm32h7xx_hal_uart.o(i.UART_CheckIdleState)
    UART_SenddBuf                            0x08007319   Thumb Code    28  usr_uart.o(i.UART_SenddBuf)
    UART_SetConfig                           0x08007335   Thumb Code  1558  stm32h7xx_hal_uart.o(i.UART_SetConfig)
    UART_Start_Receive_IT                    0x0800795d   Thumb Code   352  stm32h7xx_hal_uart.o(i.UART_Start_Receive_IT)
    UART_WaitOnFlagUntilTimeout              0x08007acd   Thumb Code   254  stm32h7xx_hal_uart.o(i.UART_WaitOnFlagUntilTimeout)
    USART10_IRQHandler                       0x08007bcd   Thumb Code    10  stm32h7xx_it.o(i.USART10_IRQHandler)
    USART1_IRQHandler                        0x08007bdd   Thumb Code    10  stm32h7xx_it.o(i.USART1_IRQHandler)
    USART3_IRQHandler                        0x08007bed   Thumb Code    10  stm32h7xx_it.o(i.USART3_IRQHandler)
    UsageFault_Handler                       0x08007bfd   Thumb Code     4  stm32h7xx_it.o(i.UsageFault_Handler)
    __0printf                                0x08007c01   Thumb Code    22  printfa.o(i.__0printf)
    __1printf                                0x08007c01   Thumb Code     0  printfa.o(i.__0printf)
    __2printf                                0x08007c01   Thumb Code     0  printfa.o(i.__0printf)
    __c89printf                              0x08007c01   Thumb Code     0  printfa.o(i.__0printf)
    printf                                   0x08007c01   Thumb Code     0  printfa.o(i.__0printf)
    __0sprintf                               0x08007c21   Thumb Code    34  printfa.o(i.__0sprintf)
    __1sprintf                               0x08007c21   Thumb Code     0  printfa.o(i.__0sprintf)
    __2sprintf                               0x08007c21   Thumb Code     0  printfa.o(i.__0sprintf)
    __c89sprintf                             0x08007c21   Thumb Code     0  printfa.o(i.__0sprintf)
    sprintf                                  0x08007c21   Thumb Code     0  printfa.o(i.__0sprintf)
    __aeabi_errno_addr                       0x08007c81   Thumb Code     4  errno.o(i.__aeabi_errno_addr)
    __rt_errno_addr                          0x08007c81   Thumb Code     0  errno.o(i.__aeabi_errno_addr)
    __hardfp_atof                            0x08007c89   Thumb Code    44  atof.o(i.__hardfp_atof)
    __read_errno                             0x08007ccd   Thumb Code     6  errno.o(i.__read_errno)
    __scatterload_copy                       0x08007cd9   Thumb Code    14  handlers.o(i.__scatterload_copy)
    __scatterload_null                       0x08007ce7   Thumb Code     2  handlers.o(i.__scatterload_null)
    __scatterload_zeroinit                   0x08007ce9   Thumb Code    14  handlers.o(i.__scatterload_zeroinit)
    __set_errno                              0x08007cf9   Thumb Code     6  errno.o(i.__set_errno)
    _is_digit                                0x08007e89   Thumb Code    14  scanf_fp.o(i._is_digit)
    bmp280_cmd_register                      0x08008691   Thumb Code    24  bmp280.o(i.bmp280_cmd_register)
    bmp280_deal_buffer                       0x080086ad   Thumb Code    82  bmp280.o(i.bmp280_deal_buffer)
    console_cmd_register                     0x08008819   Thumb Code    76  console.o(i.console_cmd_register)
    console_init                             0x080088d9   Thumb Code   102  console.o(i.console_init)
    console_run                              0x08008a0d   Thumb Code   270  console.o(i.console_run)
    console_split_argv                       0x08008bf9   Thumb Code   250  split_argv.o(i.console_split_argv)
    csb_cmd_register                         0x08008d65   Thumb Code    24  csb.o(i.csb_cmd_register)
    csb_deal_buffer                          0x08008d81   Thumb Code   144  csb.o(i.csb_deal_buffer)
    dht11_cmd_register                       0x08008f45   Thumb Code    24  dht11.o(i.dht11_cmd_register)
    fputc                                    0x08008f61   Thumb Code    18  usr_uart.o(i.fputc)
    gnss_check_frame                         0x08008fc5   Thumb Code    22  gnss.o(i.gnss_check_frame)
    gnss_cmd_register                        0x08008fe9   Thumb Code    24  gnss.o(i.gnss_cmd_register)
    gnss_deal_buffer                         0x08009005   Thumb Code    56  gnss.o(i.gnss_deal_buffer)
    gnss_test                                0x08009055   Thumb Code    42  gnss.o(i.gnss_test)
    key_function                             0x08009119   Thumb Code   126  main.o(i.key_function)
    lcd_check_frame                          0x080091a5   Thumb Code    68  lcd.o(i.lcd_check_frame)
    lcd_cmd_register                         0x08009201   Thumb Code    24  lcd.o(i.lcd_cmd_register)
    lcd_set_data                             0x0800921d   Thumb Code    46  lcd.o(i.lcd_set_data)
    lcd_set_page0                            0x08009255   Thumb Code    32  main.o(i.lcd_set_page0)
    lcd_set_page1                            0x080092b5   Thumb Code    56  main.o(i.lcd_set_page1)
    lcd_switch                               0x08009305   Thumb Code    68  lcd.o(i.lcd_switch)
    lcd_test                                 0x0800935d   Thumb Code   114  lcd.o(i.lcd_test)
    main                                     0x080094b9   Thumb Code   188  main.o(i.main)
    malloc                                   0x080095a9   Thumb Code    92  malloc.o(i.malloc)
    queue_in                                 0x08009615   Thumb Code    76  queue.o(i.queue_in)
    queue_out                                0x08009665   Thumb Code    62  queue.o(i.queue_out)
    xs_cmd_register                          0x080098e1   Thumb Code    24  eb21.o(i.xs_cmd_register)
    UARTPrescTable                           0x08009a18   Data          24  stm32h7xx_hal_uart.o(.constdata)
    D1CorePrescTable                         0x08009a40   Data          16  system_stm32h7xx.o(.constdata)
    __ctype_table                            0x0800a590   Data         129  ctype_o.o(.constdata)
    Region$$Table$$Base                      0x0800a664   Number         0  anon$$obj.o(Region$$Table)
    Region$$Table$$Limit                     0x0800a684   Number         0  anon$$obj.o(Region$$Table)
    key_1_touch                              0x24000000   Data           1  main.o(.data)
    key_2_touch                              0x24000001   Data           1  main.o(.data)
    key_3_touch                              0x24000002   Data           1  main.o(.data)
    fs_status                                0x24000003   Data           1  main.o(.data)
    now_page                                 0x24000004   Data           4  main.o(.data)
    uwTick                                   0x24000010   Data           4  stm32h7xx_hal.o(.data)
    uwTickPrio                               0x24000014   Data           4  stm32h7xx_hal.o(.data)
    uwTickFreq                               0x24000018   Data           1  stm32h7xx_hal.o(.data)
    SystemCoreClock                          0x2400001c   Data           4  system_stm32h7xx.o(.data)
    SystemD2Clock                            0x24000020   Data           4  system_stm32h7xx.o(.data)
    bmp280_count                             0x24000028   Data           1  bmp280.o(.data)
    bmp280_temp                              0x24000029   Data           1  bmp280.o(.data)
    bmp280_frame_ready                       0x2400002a   Data           1  bmp280.o(.data)
    pressure_Data                            0x2400002c   Data           4  bmp280.o(.data)
    height_Data                              0x24000030   Data           8  bmp280.o(.data)
    csb_count                                0x24000040   Data           1  csb.o(.data)
    csb_temp                                 0x24000041   Data           1  csb.o(.data)
    csb_frame_ready                          0x24000042   Data           1  csb.o(.data)
    xs_count                                 0x24000044   Data           2  eb21.o(.data)
    xs_temp                                  0x24000046   Data           1  eb21.o(.data)
    gnss_count                               0x24000047   Data           1  gnss.o(.data)
    gnss_temp                                0x24000048   Data           1  gnss.o(.data)
    gnss_frame_ready                         0x24000049   Data           1  gnss.o(.data)
    lcd_count                                0x2400004c   Data           1  lcd.o(.data)
    lcd_temp                                 0x2400004d   Data           1  lcd.o(.data)
    lcd_ready                                0x2400004e   Data           1  lcd.o(.data)
    gn_count                                 0x24000050   Data           4  lcd.o(.data)
    dataRcvd                                 0x24000054   Data           1  usr_uart.o(.data)
    __stdout                                 0x2400005c   Data           4  stdout.o(.data)
    __microlib_freelist                      0x24000060   Data           4  mvars.o(.data)
    __microlib_freelist_initialised          0x24000064   Data           4  mvars.o(.data)
    hi2c2                                    0x2400006c   Data          76  i2c.o(.bss)
    hi2c3                                    0x240000b8   Data          76  i2c.o(.bss)
    htim1                                    0x24000104   Data          76  tim.o(.bss)
    htim3                                    0x24000150   Data          76  tim.o(.bss)
    huart4                                   0x2400019c   Data         144  usart.o(.bss)
    huart5                                   0x2400022c   Data         144  usart.o(.bss)
    huart7                                   0x240002bc   Data         144  usart.o(.bss)
    huart1                                   0x2400034c   Data         144  usart.o(.bss)
    huart3                                   0x240003dc   Data         144  usart.o(.bss)
    huart10                                  0x2400046c   Data         144  usart.o(.bss)
    bmp280_buffer                            0x24000594   Data         128  bmp280.o(.bss)
    gn_buffer                                0x24000698   Data         128  csb.o(.bss)
    csb_buffer                               0x24000718   Data         128  csb.o(.bss)
    xs_buffer                                0x24000798   Data         256  eb21.o(.bss)
    gnss_buffer                              0x24000c98   Data        1024  gnss.o(.bss)
    lcd_buffer                               0x24001098   Data          20  lcd.o(.bss)
    strArray                                 0x240010ac   Data          60  lcd.o(.bss)
    __heap_base                              0x24001198   Data           0  startup_stm32h723xx.o(HEAP)
    __heap_limit                             0x24009198   Data           0  startup_stm32h723xx.o(HEAP)
    __initial_sp                             0x24011198   Data           0  startup_stm32h723xx.o(STACK)



==============================================================================

Memory Map of the image

  Image Entry point : 0x080002cd

  Load Region LR_IROM1 (Base: 0x08000000, Size: 0x0000a6f0, Max: 0x00080000, ABSOLUTE)

    Execution Region ER_IROM1 (Exec base: 0x08000000, Load base: 0x08000000, Size: 0x0000a684, Max: 0x00080000, ABSOLUTE)

    Exec Addr    Load Addr    Size         Type   Attr      Idx    E Section Name        Object

    0x08000000   0x08000000   0x000002cc   Data   RO            3    RESET               startup_stm32h723xx.o
    0x080002cc   0x080002cc   0x00000000   Code   RO         5492  * .ARM.Collect$$$$00000000  mc_w.l(entry.o)
    0x080002cc   0x080002cc   0x00000004   Code   RO         5808    .ARM.Collect$$$$00000001  mc_w.l(entry2.o)
    0x080002d0   0x080002d0   0x00000004   Code   RO         5811    .ARM.Collect$$$$00000004  mc_w.l(entry5.o)
    0x080002d4   0x080002d4   0x00000000   Code   RO         5813    .ARM.Collect$$$$00000008  mc_w.l(entry7b.o)
    0x080002d4   0x080002d4   0x00000000   Code   RO         5815    .ARM.Collect$$$$0000000A  mc_w.l(entry8b.o)
    0x080002d4   0x080002d4   0x00000008   Code   RO         5816    .ARM.Collect$$$$0000000B  mc_w.l(entry9a.o)
    0x080002dc   0x080002dc   0x00000004   Code   RO         5823    .ARM.Collect$$$$0000000E  mc_w.l(entry12b.o)
    0x080002e0   0x080002e0   0x00000000   Code   RO         5818    .ARM.Collect$$$$0000000F  mc_w.l(entry10a.o)
    0x080002e0   0x080002e0   0x00000000   Code   RO         5820    .ARM.Collect$$$$00000011  mc_w.l(entry11a.o)
    0x080002e0   0x080002e0   0x00000004   Code   RO         5809    .ARM.Collect$$$$00002712  mc_w.l(entry2.o)
    0x080002e4   0x080002e4   0x00000024   Code   RO            4    .text               startup_stm32h723xx.o
    0x08000308   0x08000308   0x00000062   Code   RO         5495    .text               mc_w.l(uldiv.o)
    0x0800036a   0x0800036a   0x00000024   Code   RO         5497    .text               mc_w.l(memcpya.o)
    0x0800038e   0x0800038e   0x00000024   Code   RO         5499    .text               mc_w.l(memseta.o)
    0x080003b2   0x080003b2   0x0000000e   Code   RO         5501    .text               mc_w.l(strlen.o)
    0x080003c0   0x080003c0   0x0000001c   Code   RO         5503    .text               mc_w.l(strcmp.o)
    0x080003dc   0x080003dc   0x0000001a   Code   RO         5505    .text               mc_w.l(memcmp.o)
    0x080003f6   0x080003f6   0x00000012   Code   RO         5507    .text               mc_w.l(strcpy.o)
    0x08000408   0x08000408   0x00000044   Code   RO         5509    .text               mc_w.l(strtok.o)
    0x0800044c   0x0800044c   0x0000001a   Code   RO         5806    .text               mc_w.l(atoi.o)
    0x08000466   0x08000466   0x0000002c   Code   RO         5825    .text               mc_w.l(uidiv.o)
    0x08000492   0x08000492   0x0000001e   Code   RO         5827    .text               mc_w.l(llshl.o)
    0x080004b0   0x080004b0   0x00000020   Code   RO         5829    .text               mc_w.l(llushr.o)
    0x080004d0   0x080004d0   0x0000009c   Code   RO         5840    .text               mc_w.l(strtod.o)
    0x0800056c   0x0800056c   0x00000070   Code   RO         5842    .text               mc_w.l(strtol.o)
    0x080005dc   0x080005dc   0x00000000   Code   RO         5844    .text               mc_w.l(iusefp.o)
    0x080005dc   0x080005dc   0x0000014e   Code   RO         5845    .text               mf_w.l(dadd.o)
    0x0800072a   0x0800072a   0x000000e4   Code   RO         5847    .text               mf_w.l(dmul.o)
    0x0800080e   0x0800080e   0x000000de   Code   RO         5849    .text               mf_w.l(ddiv.o)
    0x080008ec   0x080008ec   0x00000030   Code   RO         5851    .text               mf_w.l(dfixul.o)
    0x0800091c   0x0800091c   0x00000030   Code   RO         5853    .text               mf_w.l(cdrcmple.o)
    0x0800094c   0x0800094c   0x00000024   Code   RO         5855    .text               mc_w.l(init.o)
    0x08000970   0x08000970   0x00000024   Code   RO         5857    .text               mc_w.l(llsshr.o)
    0x08000994   0x08000994   0x00000008   Code   RO         5861    .text               mc_w.l(ctype_o.o)
    0x0800099c   0x0800099c   0x00000012   Code   RO         5883    .text               mc_w.l(isspace_o.o)
    0x080009ae   0x080009ae   0x00000002   PAD
    0x080009b0   0x080009b0   0x00000360   Code   RO         5889    .text               mc_w.l(scanf_fp.o)
    0x08000d10   0x08000d10   0x00000040   Code   RO         5893    .text               mc_w.l(_sgetc.o)
    0x08000d50   0x08000d50   0x0000009e   Code   RO         5895    .text               mc_w.l(_strtoul.o)
    0x08000dee   0x08000dee   0x000000ba   Code   RO         5897    .text               mf_w.l(depilogue.o)
    0x08000ea8   0x08000ea8   0x0000001c   Code   RO         5902    .text               mc_w.l(_chval.o)
    0x08000ec4   0x08000ec4   0x00000018   Code   RO         5904    .text               mf_w.l(dfltul.o)
    0x08000edc   0x08000edc   0x00000038   Code   RO         5906    .text               mf_w.l(d2f.o)
    0x08000f14   0x08000f14   0x0000006e   Code   RO         5908    .text               mf_w.l(fepilogue.o)
    0x08000f82   0x08000f82   0x00000002   PAD
    0x08000f84   0x08000f84   0x00000028   Code   RO         4736    i.BH1750_INIT       bh1750.o
    0x08000fac   0x08000fac   0x00000054   Code   RO         4737    i.BH1750_get_lumen  bh1750.o
    0x08001000   0x08001000   0x00000020   Code   RO         4738    i.BH1750_init_dev   bh1750.o
    0x08001020   0x08001020   0x0000002e   Code   RO         4739    i.BH1750_init_dev_struct  bh1750.o
    0x0800104e   0x0800104e   0x00000022   Code   RO         4740    i.BH1750_send_command  bh1750.o
    0x08001070   0x08001070   0x0000001c   Code   RO         4741    i.BH7150_cmd_register  bh1750.o
    0x0800108c   0x0800108c   0x00000004   Code   RO          488    i.BusFault_Handler  stm32h7xx_it.o
    0x08001090   0x08001090   0x00000018   Code   RO         5048    i.DHT11_BitValue    dht11.o
    0x080010a8   0x080010a8   0x000000fc   Code   RO         5049    i.DHT11_Data        dht11.o
    0x080011a4   0x080011a4   0x0000004c   Code   RO         5050    i.DHT11_Init_In     dht11.o
    0x080011f0   0x080011f0   0x00000048   Code   RO         5051    i.DHT11_Init_Out    dht11.o
    0x08001238   0x08001238   0x00000054   Code   RO         5052    i.DHT11_ReadByte    dht11.o
    0x0800128c   0x0800128c   0x00000026   Code   RO         5053    i.DHT11_Start       dht11.o
    0x080012b2   0x080012b2   0x00000002   PAD
    0x080012b4   0x080012b4   0x0000012c   Code   RO         5054    i.DHT11_get         dht11.o
    0x080013e0   0x080013e0   0x00000002   Code   RO          489    i.DebugMon_Handler  stm32h7xx_it.o
    0x080013e2   0x080013e2   0x00000002   PAD
    0x080013e4   0x080013e4   0x00000038   Code   RO         5055    i.Delay_us          dht11.o
    0x0800141c   0x0800141c   0x0000001c   Code   RO          490    i.EXTI15_10_IRQHandler  stm32h7xx_it.o
    0x08001438   0x08001438   0x00000006   Code   RO           13    i.Error_Handler     main.o
    0x0800143e   0x0800143e   0x00000002   PAD
    0x08001440   0x08001440   0x000004dc   Code   RO         2017    i.HAL_DMA_Abort     stm32h7xx_hal_dma.o
    0x0800191c   0x0800191c   0x00000398   Code   RO         2018    i.HAL_DMA_Abort_IT  stm32h7xx_hal_dma.o
    0x08001cb4   0x08001cb4   0x00000028   Code   RO         2714    i.HAL_Delay         stm32h7xx_hal.o
    0x08001cdc   0x08001cdc   0x000000f0   Code   RO           14    i.HAL_GPIO_EXTI_Callback  main.o
    0x08001dcc   0x08001dcc   0x0000001c   Code   RO         1864    i.HAL_GPIO_EXTI_IRQHandler  stm32h7xx_hal_gpio.o
    0x08001de8   0x08001de8   0x000001f0   Code   RO         1865    i.HAL_GPIO_Init     stm32h7xx_hal_gpio.o
    0x08001fd8   0x08001fd8   0x00000010   Code   RO         1867    i.HAL_GPIO_ReadPin  stm32h7xx_hal_gpio.o
    0x08001fe8   0x08001fe8   0x0000000c   Code   RO         1869    i.HAL_GPIO_WritePin  stm32h7xx_hal_gpio.o
    0x08001ff4   0x08001ff4   0x0000000c   Code   RO         2730    i.HAL_GetTick       stm32h7xx_hal.o
    0x08002000   0x08002000   0x0000006a   Code   RO         1238    i.HAL_I2CEx_ConfigAnalogFilter  stm32h7xx_hal_i2c_ex.o
    0x0800206a   0x0800206a   0x00000068   Code   RO         1239    i.HAL_I2CEx_ConfigDigitalFilter  stm32h7xx_hal_i2c_ex.o
    0x080020d2   0x080020d2   0x00000002   PAD
    0x080020d4   0x080020d4   0x000000c4   Code   RO          787    i.HAL_I2C_Init      stm32h7xx_hal_i2c.o
    0x08002198   0x08002198   0x00000164   Code   RO          793    i.HAL_I2C_Master_Receive  stm32h7xx_hal_i2c.o
    0x080022fc   0x080022fc   0x00000160   Code   RO          800    i.HAL_I2C_Master_Transmit  stm32h7xx_hal_i2c.o
    0x0800245c   0x0800245c   0x00000150   Code   RO          303    i.HAL_I2C_MspInit   i2c.o
    0x080025ac   0x080025ac   0x00000018   Code   RO         2736    i.HAL_IncTick       stm32h7xx_hal.o
    0x080025c4   0x080025c4   0x00000060   Code   RO         2737    i.HAL_Init          stm32h7xx_hal.o
    0x08002624   0x08002624   0x00000058   Code   RO         2738    i.HAL_InitTick      stm32h7xx_hal.o
    0x0800267c   0x0800267c   0x00000024   Code   RO          606    i.HAL_MspInit       stm32h7xx_hal_msp.o
    0x080026a0   0x080026a0   0x00000028   Code   RO          636    i.HAL_NVIC_EnableIRQ  stm32h7xx_hal_cortex.o
    0x080026c8   0x080026c8   0x0000007a   Code   RO          642    i.HAL_NVIC_SetPriority  stm32h7xx_hal_cortex.o
    0x08002742   0x08002742   0x00000002   PAD
    0x08002744   0x08002744   0x00000028   Code   RO          643    i.HAL_NVIC_SetPriorityGrouping  stm32h7xx_hal_cortex.o
    0x0800276c   0x0800276c   0x00000060   Code   RO         2466    i.HAL_PWREx_ConfigSupply  stm32h7xx_hal_pwr_ex.o
    0x080027cc   0x080027cc   0x00000024   Code   RO         1408    i.HAL_RCCEx_GetD3PCLK1Freq  stm32h7xx_hal_rcc_ex.o
    0x080027f0   0x080027f0   0x00000230   Code   RO         1410    i.HAL_RCCEx_GetPLL2ClockFreq  stm32h7xx_hal_rcc_ex.o
    0x08002a20   0x08002a20   0x00000230   Code   RO         1411    i.HAL_RCCEx_GetPLL3ClockFreq  stm32h7xx_hal_rcc_ex.o
    0x08002c50   0x08002c50   0x00000ad4   Code   RO         1417    i.HAL_RCCEx_PeriphCLKConfig  stm32h7xx_hal_rcc_ex.o
    0x08003724   0x08003724   0x00000320   Code   RO         1293    i.HAL_RCC_ClockConfig  stm32h7xx_hal_rcc.o
    0x08003a44   0x08003a44   0x0000004c   Code   RO         1298    i.HAL_RCC_GetHCLKFreq  stm32h7xx_hal_rcc.o
    0x08003a90   0x08003a90   0x00000024   Code   RO         1300    i.HAL_RCC_GetPCLK1Freq  stm32h7xx_hal_rcc.o
    0x08003ab4   0x08003ab4   0x00000024   Code   RO         1301    i.HAL_RCC_GetPCLK2Freq  stm32h7xx_hal_rcc.o
    0x08003ad8   0x08003ad8   0x0000022c   Code   RO         1302    i.HAL_RCC_GetSysClockFreq  stm32h7xx_hal_rcc.o
    0x08003d04   0x08003d04   0x00000704   Code   RO         1305    i.HAL_RCC_OscConfig  stm32h7xx_hal_rcc.o
    0x08004408   0x08004408   0x00000034   Code   RO          647    i.HAL_SYSTICK_Config  stm32h7xx_hal_cortex.o
    0x0800443c   0x0800443c   0x000000e4   Code   RO         3877    i.HAL_TIMEx_MasterConfigSynchronization  stm32h7xx_hal_tim_ex.o
    0x08004520   0x08004520   0x0000006e   Code   RO         3129    i.HAL_TIM_Base_Init  stm32h7xx_hal_tim.o
    0x0800458e   0x0800458e   0x00000002   PAD
    0x08004590   0x08004590   0x00000030   Code   RO          351    i.HAL_TIM_Base_MspInit  tim.o
    0x080045c0   0x080045c0   0x000000c0   Code   RO         3132    i.HAL_TIM_Base_Start  stm32h7xx_hal_tim.o
    0x08004680   0x08004680   0x00000032   Code   RO         3135    i.HAL_TIM_Base_Stop  stm32h7xx_hal_tim.o
    0x080046b2   0x080046b2   0x00000002   PAD
    0x080046b4   0x080046b4   0x00000134   Code   RO         3138    i.HAL_TIM_ConfigClockSource  stm32h7xx_hal_tim.o
    0x080047e8   0x080047e8   0x0000005c   Code   RO          352    i.HAL_TIM_MspPostInit  tim.o
    0x08004844   0x08004844   0x00000170   Code   RO         3201    i.HAL_TIM_PWM_ConfigChannel  stm32h7xx_hal_tim.o
    0x080049b4   0x080049b4   0x0000006e   Code   RO         3204    i.HAL_TIM_PWM_Init  stm32h7xx_hal_tim.o
    0x08004a22   0x08004a22   0x00000002   PAD
    0x08004a24   0x08004a24   0x00000030   Code   RO          354    i.HAL_TIM_PWM_MspInit  tim.o
    0x08004a54   0x08004a54   0x0000017c   Code   RO         3209    i.HAL_TIM_PWM_Start  stm32h7xx_hal_tim.o
    0x08004bd0   0x08004bd0   0x0000004e   Code   RO         4582    i.HAL_UARTEx_DisableFifoMode  stm32h7xx_hal_uart_ex.o
    0x08004c1e   0x08004c1e   0x00000002   Code   RO         4166    i.HAL_UARTEx_RxEventCallback  stm32h7xx_hal_uart.o
    0x08004c20   0x08004c20   0x00000002   Code   RO         4589    i.HAL_UARTEx_RxFifoFullCallback  stm32h7xx_hal_uart_ex.o
    0x08004c22   0x08004c22   0x0000005e   Code   RO         4590    i.HAL_UARTEx_SetRxFifoThreshold  stm32h7xx_hal_uart_ex.o
    0x08004c80   0x08004c80   0x0000005e   Code   RO         4591    i.HAL_UARTEx_SetTxFifoThreshold  stm32h7xx_hal_uart_ex.o
    0x08004cde   0x08004cde   0x00000002   Code   RO         4593    i.HAL_UARTEx_TxFifoEmptyCallback  stm32h7xx_hal_uart_ex.o
    0x08004ce0   0x08004ce0   0x00000002   Code   RO         4594    i.HAL_UARTEx_WakeupCallback  stm32h7xx_hal_uart_ex.o
    0x08004ce2   0x08004ce2   0x00000002   Code   RO         4182    i.HAL_UART_ErrorCallback  stm32h7xx_hal_uart.o
    0x08004ce4   0x08004ce4   0x00000458   Code   RO         4185    i.HAL_UART_IRQHandler  stm32h7xx_hal_uart.o
    0x0800513c   0x0800513c   0x00000078   Code   RO         4186    i.HAL_UART_Init     stm32h7xx_hal_uart.o
    0x080051b4   0x080051b4   0x00000384   Code   RO          417    i.HAL_UART_MspInit  usart.o
    0x08005538   0x08005538   0x00000074   Code   RO         4191    i.HAL_UART_Receive_IT  stm32h7xx_hal_uart.o
    0x080055ac   0x080055ac   0x000001c8   Code   RO           15    i.HAL_UART_RxCpltCallback  main.o
    0x08005774   0x08005774   0x000000d6   Code   RO         4195    i.HAL_UART_Transmit  stm32h7xx_hal_uart.o
    0x0800584a   0x0800584a   0x00000002   Code   RO         4198    i.HAL_UART_TxCpltCallback  stm32h7xx_hal_uart.o
    0x0800584c   0x0800584c   0x00000004   Code   RO          491    i.HardFault_Handler  stm32h7xx_it.o
    0x08005850   0x08005850   0x00000028   Code   RO          834    i.I2C_Flush_TXDR    stm32h7xx_hal_i2c.o
    0x08005878   0x08005878   0x00000148   Code   RO          842    i.I2C_IsErrorOccurred  stm32h7xx_hal_i2c.o
    0x080059c0   0x080059c0   0x00000038   Code   RO          849    i.I2C_TransferConfig  stm32h7xx_hal_i2c.o
    0x080059f8   0x080059f8   0x0000005e   Code   RO          851    i.I2C_WaitOnFlagUntilTimeout  stm32h7xx_hal_i2c.o
    0x08005a56   0x08005a56   0x00000002   PAD
    0x08005a58   0x08005a58   0x000000b8   Code   RO          852    i.I2C_WaitOnRXNEFlagUntilTimeout  stm32h7xx_hal_i2c.o
    0x08005b10   0x08005b10   0x00000056   Code   RO          853    i.I2C_WaitOnSTOPFlagUntilTimeout  stm32h7xx_hal_i2c.o
    0x08005b66   0x08005b66   0x0000005a   Code   RO          854    i.I2C_WaitOnTXISFlagUntilTimeout  stm32h7xx_hal_i2c.o
    0x08005bc0   0x08005bc0   0x000001b0   Code   RO          278    i.MX_GPIO_Init      gpio.o
    0x08005d70   0x08005d70   0x00000058   Code   RO          304    i.MX_I2C2_Init      i2c.o
    0x08005dc8   0x08005dc8   0x00000058   Code   RO          305    i.MX_I2C3_Init      i2c.o
    0x08005e20   0x08005e20   0x00000074   Code   RO          355    i.MX_TIM1_Init      tim.o
    0x08005e94   0x08005e94   0x0000007c   Code   RO          356    i.MX_TIM3_Init      tim.o
    0x08005f10   0x08005f10   0x0000006c   Code   RO          418    i.MX_UART4_Init     usart.o
    0x08005f7c   0x08005f7c   0x0000006c   Code   RO          419    i.MX_UART5_Init     usart.o
    0x08005fe8   0x08005fe8   0x0000006c   Code   RO          420    i.MX_UART7_Init     usart.o
    0x08006054   0x08006054   0x0000006c   Code   RO          421    i.MX_USART10_UART_Init  usart.o
    0x080060c0   0x080060c0   0x0000006c   Code   RO          422    i.MX_USART1_UART_Init  usart.o
    0x0800612c   0x0800612c   0x0000006c   Code   RO          423    i.MX_USART3_UART_Init  usart.o
    0x08006198   0x08006198   0x00000004   Code   RO          492    i.MemManage_Handler  stm32h7xx_it.o
    0x0800619c   0x0800619c   0x00000004   Code   RO          493    i.NMI_Handler       stm32h7xx_it.o
    0x080061a0   0x080061a0   0x00000002   Code   RO          494    i.PendSV_Handler    stm32h7xx_it.o
    0x080061a2   0x080061a2   0x00000002   PAD
    0x080061a4   0x080061a4   0x00000164   Code   RO         1420    i.RCCEx_PLL2_Config  stm32h7xx_hal_rcc_ex.o
    0x08006308   0x08006308   0x00000164   Code   RO         1421    i.RCCEx_PLL3_Config  stm32h7xx_hal_rcc_ex.o
    0x0800646c   0x0800646c   0x00000020   Code   RO         5348    i.SCD04_INIT        scd04.o
    0x0800648c   0x0800648c   0x0000001c   Code   RO         5349    i.SCD04_cmd_register  scd04.o
    0x080064a8   0x080064a8   0x00000022   Code   RO         5350    i.SCD04_init_dev_struct  scd04.o
    0x080064ca   0x080064ca   0x00000002   Code   RO          495    i.SVC_Handler       stm32h7xx_it.o
    0x080064cc   0x080064cc   0x00000008   Code   RO          496    i.SysTick_Handler   stm32h7xx_it.o
    0x080064d4   0x080064d4   0x0000009c   Code   RO           16    i.SystemClock_Config  main.o
    0x08006570   0x08006570   0x000000e0   Code   RO         4700    i.SystemInit        system_stm32h7xx.o
    0x08006650   0x08006650   0x000000e0   Code   RO         3222    i.TIM_Base_SetConfig  stm32h7xx_hal_tim.o
    0x08006730   0x08006730   0x00000022   Code   RO         3223    i.TIM_CCxChannelCmd  stm32h7xx_hal_tim.o
    0x08006752   0x08006752   0x00000016   Code   RO         3233    i.TIM_ETR_SetConfig  stm32h7xx_hal_tim.o
    0x08006768   0x08006768   0x00000018   Code   RO         3234    i.TIM_ITRx_SetConfig  stm32h7xx_hal_tim.o
    0x08006780   0x08006780   0x000000ac   Code   RO         3235    i.TIM_OC1_SetConfig  stm32h7xx_hal_tim.o
    0x0800682c   0x0800682c   0x000000b4   Code   RO         3236    i.TIM_OC2_SetConfig  stm32h7xx_hal_tim.o
    0x080068e0   0x080068e0   0x000000b4   Code   RO         3237    i.TIM_OC3_SetConfig  stm32h7xx_hal_tim.o
    0x08006994   0x08006994   0x00000074   Code   RO         3238    i.TIM_OC4_SetConfig  stm32h7xx_hal_tim.o
    0x08006a08   0x08006a08   0x00000070   Code   RO         3239    i.TIM_OC5_SetConfig  stm32h7xx_hal_tim.o
    0x08006a78   0x08006a78   0x00000070   Code   RO         3240    i.TIM_OC6_SetConfig  stm32h7xx_hal_tim.o
    0x08006ae8   0x08006ae8   0x00000026   Code   RO         3242    i.TIM_TI1_ConfigInputStage  stm32h7xx_hal_tim.o
    0x08006b0e   0x08006b0e   0x00000028   Code   RO         3244    i.TIM_TI2_ConfigInputStage  stm32h7xx_hal_tim.o
    0x08006b36   0x08006b36   0x00000002   PAD
    0x08006b38   0x08006b38   0x00000010   Code   RO          497    i.UART4_IRQHandler  stm32h7xx_it.o
    0x08006b48   0x08006b48   0x00000010   Code   RO          498    i.UART5_IRQHandler  stm32h7xx_it.o
    0x08006b58   0x08006b58   0x00000010   Code   RO          499    i.UART7_IRQHandler  stm32h7xx_it.o
    0x08006b68   0x08006b68   0x00000058   Code   RO         4595    i.UARTEx_SetNbDataToProcess  stm32h7xx_hal_uart_ex.o
    0x08006bc0   0x08006bc0   0x000000f8   Code   RO         4200    i.UART_AdvFeatureConfig  stm32h7xx_hal_uart.o
    0x08006cb8   0x08006cb8   0x00000076   Code   RO         4201    i.UART_CheckIdleState  stm32h7xx_hal_uart.o
    0x08006d2e   0x08006d2e   0x00000018   Code   RO         4202    i.UART_DMAAbortOnError  stm32h7xx_hal_uart.o
    0x08006d46   0x08006d46   0x00000002   PAD
    0x08006d48   0x08006d48   0x0000006c   Code   RO         4212    i.UART_EndRxTransfer  stm32h7xx_hal_uart.o
    0x08006db4   0x08006db4   0x00000030   Code   RO         4213    i.UART_EndTransmit_IT  stm32h7xx_hal_uart.o
    0x08006de4   0x08006de4   0x000000d2   Code   RO         4215    i.UART_RxISR_16BIT  stm32h7xx_hal_uart.o
    0x08006eb6   0x08006eb6   0x00000002   PAD
    0x08006eb8   0x08006eb8   0x000001c8   Code   RO         4216    i.UART_RxISR_16BIT_FIFOEN  stm32h7xx_hal_uart.o
    0x08007080   0x08007080   0x000000ce   Code   RO         4217    i.UART_RxISR_8BIT   stm32h7xx_hal_uart.o
    0x0800714e   0x0800714e   0x00000002   PAD
    0x08007150   0x08007150   0x000001c8   Code   RO         4218    i.UART_RxISR_8BIT_FIFOEN  stm32h7xx_hal_uart.o
    0x08007318   0x08007318   0x0000001c   Code   RO         5445    i.UART_SenddBuf     usr_uart.o
    0x08007334   0x08007334   0x00000628   Code   RO         4219    i.UART_SetConfig    stm32h7xx_hal_uart.o
    0x0800795c   0x0800795c   0x00000170   Code   RO         4221    i.UART_Start_Receive_IT  stm32h7xx_hal_uart.o
    0x08007acc   0x08007acc   0x000000fe   Code   RO         4226    i.UART_WaitOnFlagUntilTimeout  stm32h7xx_hal_uart.o
    0x08007bca   0x08007bca   0x00000002   PAD
    0x08007bcc   0x08007bcc   0x00000010   Code   RO          500    i.USART10_IRQHandler  stm32h7xx_it.o
    0x08007bdc   0x08007bdc   0x00000010   Code   RO          501    i.USART1_IRQHandler  stm32h7xx_it.o
    0x08007bec   0x08007bec   0x00000010   Code   RO          502    i.USART3_IRQHandler  stm32h7xx_it.o
    0x08007bfc   0x08007bfc   0x00000004   Code   RO          503    i.UsageFault_Handler  stm32h7xx_it.o
    0x08007c00   0x08007c00   0x00000020   Code   RO         5750    i.__0printf         mc_w.l(printfa.o)
    0x08007c20   0x08007c20   0x00000028   Code   RO         5752    i.__0sprintf        mc_w.l(printfa.o)
    0x08007c48   0x08007c48   0x00000010   Code   RO          649    i.__NVIC_GetPriorityGrouping  stm32h7xx_hal_cortex.o
    0x08007c58   0x08007c58   0x00000028   Code   RO          650    i.__NVIC_SetPriority  stm32h7xx_hal_cortex.o
    0x08007c80   0x08007c80   0x00000008   Code   RO         5833    i.__aeabi_errno_addr  mc_w.l(errno.o)
    0x08007c88   0x08007c88   0x00000038   Code   RO         5486    i.__hardfp_atof     m_wv.l(atof.o)
    0x08007cc0   0x08007cc0   0x0000000a   Code   RO         4896    i.__list_add        console.o
    0x08007cca   0x08007cca   0x00000002   PAD
    0x08007ccc   0x08007ccc   0x0000000c   Code   RO         5834    i.__read_errno      mc_w.l(errno.o)
    0x08007cd8   0x08007cd8   0x0000000e   Code   RO         5912    i.__scatterload_copy  mc_w.l(handlers.o)
    0x08007ce6   0x08007ce6   0x00000002   Code   RO         5913    i.__scatterload_null  mc_w.l(handlers.o)
    0x08007ce8   0x08007ce8   0x0000000e   Code   RO         5914    i.__scatterload_zeroinit  mc_w.l(handlers.o)
    0x08007cf6   0x08007cf6   0x00000002   PAD
    0x08007cf8   0x08007cf8   0x0000000c   Code   RO         5835    i.__set_errno       mc_w.l(errno.o)
    0x08007d04   0x08007d04   0x00000184   Code   RO         5757    i._fp_digits        mc_w.l(printfa.o)
    0x08007e88   0x08007e88   0x0000000e   Code   RO         5891    i._is_digit         mc_w.l(scanf_fp.o)
    0x08007e96   0x08007e96   0x00000002   PAD
    0x08007e98   0x08007e98   0x000006b4   Code   RO         5758    i._printf_core      mc_w.l(printfa.o)
    0x0800854c   0x0800854c   0x00000024   Code   RO         5759    i._printf_post_padding  mc_w.l(printfa.o)
    0x08008570   0x08008570   0x0000002e   Code   RO         5760    i._printf_pre_padding  mc_w.l(printfa.o)
    0x0800859e   0x0800859e   0x0000000a   Code   RO         5762    i._sputc            mc_w.l(printfa.o)
    0x080085a8   0x080085a8   0x000000e8   Code   RO         4744    i.bh7150_read       bh1750.o
    0x08008690   0x08008690   0x0000001c   Code   RO         4825    i.bmp280_cmd_register  bmp280.o
    0x080086ac   0x080086ac   0x00000070   Code   RO         4826    i.bmp280_deal_buffer  bmp280.o
    0x0800871c   0x0800871c   0x000000d8   Code   RO         4827    i.bmp280_test       bmp280.o
    0x080087f4   0x080087f4   0x00000024   Code   RO         4897    i.console_clear     console.o
    0x08008818   0x08008818   0x00000060   Code   RO         4898    i.console_cmd_register  console.o
    0x08008878   0x08008878   0x00000060   Code   RO         4899    i.console_help      console.o
    0x080088d8   0x080088d8   0x00000134   Code   RO         4900    i.console_init      console.o
    0x08008a0c   0x08008a0c   0x0000015c   Code   RO         4901    i.console_run       console.o
    0x08008b68   0x08008b68   0x00000090   Code   RO         4902    i.console_show      console.o
    0x08008bf8   0x08008bf8   0x000000fa   Code   RO         5423    i.console_split_argv  split_argv.o
    0x08008cf2   0x08008cf2   0x00000002   PAD
    0x08008cf4   0x08008cf4   0x00000070   Code   RO         4903    i.console_test      console.o
    0x08008d64   0x08008d64   0x0000001c   Code   RO         4991    i.csb_cmd_register  csb.o
    0x08008d80   0x08008d80   0x000000b8   Code   RO         4992    i.csb_deal_buffer   csb.o
    0x08008e38   0x08008e38   0x0000010c   Code   RO         4993    i.csb_test          csb.o
    0x08008f44   0x08008f44   0x0000001c   Code   RO         5057    i.dht11_cmd_register  dht11.o
    0x08008f60   0x08008f60   0x00000018   Code   RO         5446    i.fputc             usr_uart.o
    0x08008f78   0x08008f78   0x0000004c   Code   RO         4828    i.get_pressure_number  bmp280.o
    0x08008fc4   0x08008fc4   0x00000024   Code   RO         5182    i.gnss_check_frame  gnss.o
    0x08008fe8   0x08008fe8   0x0000001c   Code   RO         5183    i.gnss_cmd_register  gnss.o
    0x08009004   0x08009004   0x00000050   Code   RO         5184    i.gnss_deal_buffer  gnss.o
    0x08009054   0x08009054   0x000000c4   Code   RO         5185    i.gnss_test         gnss.o
    0x08009118   0x08009118   0x0000008c   Code   RO           18    i.key_function      main.o
    0x080091a4   0x080091a4   0x0000005c   Code   RO         5247    i.lcd_check_frame   lcd.o
    0x08009200   0x08009200   0x0000001c   Code   RO         5248    i.lcd_cmd_register  lcd.o
    0x0800921c   0x0800921c   0x00000038   Code   RO         5249    i.lcd_set_data      lcd.o
    0x08009254   0x08009254   0x00000060   Code   RO           19    i.lcd_set_page0     main.o
    0x080092b4   0x080092b4   0x00000050   Code   RO           20    i.lcd_set_page1     main.o
    0x08009304   0x08009304   0x00000058   Code   RO         5250    i.lcd_switch        lcd.o
    0x0800935c   0x0800935c   0x0000015c   Code   RO         5251    i.lcd_test          lcd.o
    0x080094b8   0x080094b8   0x000000f0   Code   RO           22    i.main              main.o
    0x080095a8   0x080095a8   0x0000006c   Code   RO         5779    i.malloc            mc_w.l(malloc.o)
    0x08009614   0x08009614   0x00000050   Code   RO         5316    i.queue_in          queue.o
    0x08009664   0x08009664   0x00000044   Code   RO         5317    i.queue_out         queue.o
    0x080096a8   0x080096a8   0x00000050   Code   RO         5353    i.scd04_send_command  scd04.o
    0x080096f8   0x080096f8   0x000000c8   Code   RO         5354    i.scd04_test        scd04.o
    0x080097c0   0x080097c0   0x00000084   Code   RO         5355    i.scd94_get_serial  scd04.o
    0x08009844   0x08009844   0x00000022   Code   RO         5356    i.sensor_recv       scd04.o
    0x08009866   0x08009866   0x00000022   Code   RO         5357    i.sensor_send_command  scd04.o
    0x08009888   0x08009888   0x00000058   Code   RO         4905    i.system_cmd_register  console.o
    0x080098e0   0x080098e0   0x0000001c   Code   RO         5131    i.xs_cmd_register   eb21.o
    0x080098fc   0x080098fc   0x0000011c   Code   RO         5132    i.xs_get_msg        eb21.o
    0x08009a18   0x08009a18   0x00000018   Data   RO         4227    .constdata          stm32h7xx_hal_uart.o
    0x08009a30   0x08009a30   0x00000010   Data   RO         4597    .constdata          stm32h7xx_hal_uart_ex.o
    0x08009a40   0x08009a40   0x00000010   Data   RO         4701    .constdata          system_stm32h7xx.o
    0x08009a50   0x08009a50   0x000000f0   Data   RO         4747    .constdata          bh1750.o
    0x08009b40   0x08009b40   0x000000f0   Data   RO         4831    .constdata          bmp280.o
    0x08009c30   0x08009c30   0x000003c0   Data   RO         4907    .constdata          console.o
    0x08009ff0   0x08009ff0   0x000000f0   Data   RO         4996    .constdata          csb.o
    0x0800a0e0   0x0800a0e0   0x000000f0   Data   RO         5059    .constdata          dht11.o
    0x0800a1d0   0x0800a1d0   0x000000f0   Data   RO         5134    .constdata          eb21.o
    0x0800a2c0   0x0800a2c0   0x000000f0   Data   RO         5188    .constdata          gnss.o
    0x0800a3b0   0x0800a3b0   0x000000f0   Data   RO         5254    .constdata          lcd.o
    0x0800a4a0   0x0800a4a0   0x000000f0   Data   RO         5359    .constdata          scd04.o
    0x0800a590   0x0800a590   0x00000081   Data   RO         5862    .constdata          mc_w.l(ctype_o.o)
    0x0800a611   0x0800a611   0x00000003   PAD
    0x0800a614   0x0800a614   0x00000004   Data   RO         5863    .constdata          mc_w.l(ctype_o.o)
    0x0800a618   0x0800a618   0x0000004a   Data   RO           23    .conststring        main.o
    0x0800a662   0x0800a662   0x00000002   PAD
    0x0800a664   0x0800a664   0x00000020   Data   RO         5910    Region$$Table       anon$$obj.o


    Execution Region RW_IRAM1 (Exec base: 0x20000000, Load base: 0x0800a684, Size: 0x00000000, Max: 0x00020000, ABSOLUTE)

    **** No section assigned to this execution region ****


    Execution Region RW_IRAM2 (Exec base: 0x24000000, Load base: 0x0800a684, Size: 0x00011198, Max: 0x00050000, ABSOLUTE)

    Exec Addr    Load Addr    Size         Type   Attr      Idx    E Section Name        Object

    0x24000000   0x0800a684   0x0000000d   Data   RW           24    .data               main.o
    0x2400000d   0x0800a691   0x00000003   PAD
    0x24000010   0x0800a694   0x00000009   Data   RW         2761    .data               stm32h7xx_hal.o
    0x24000019   0x0800a69d   0x00000003   PAD
    0x2400001c   0x0800a6a0   0x00000008   Data   RW         4702    .data               system_stm32h7xx.o
    0x24000024   0x0800a6a8   0x00000004   PAD
    0x24000028   0x0800a6ac   0x00000010   Data   RW         4832    .data               bmp280.o
    0x24000038   0x0800a6bc   0x00000008   Data   RW         4908    .data               console.o
    0x24000040   0x0800a6c4   0x00000004   Data   RW         4997    .data               csb.o
    0x24000044   0x0800a6c8   0x00000003   Data   RW         5135    .data               eb21.o
    0x24000047   0x0800a6cb   0x00000004   Data   RW         5189    .data               gnss.o
    0x2400004b   0x0800a6cf   0x00000001   PAD
    0x2400004c   0x0800a6d0   0x00000008   Data   RW         5255    .data               lcd.o
    0x24000054   0x0800a6d8   0x00000001   Data   RW         5447    .data               usr_uart.o
    0x24000055   0x0800a6d9   0x00000003   PAD
    0x24000058   0x0800a6dc   0x00000004   Data   RW         5510    .data               mc_w.l(strtok.o)
    0x2400005c   0x0800a6e0   0x00000004   Data   RW         5824    .data               mc_w.l(stdout.o)
    0x24000060   0x0800a6e4   0x00000004   Data   RW         5831    .data               mc_w.l(mvars.o)
    0x24000064   0x0800a6e8   0x00000004   Data   RW         5832    .data               mc_w.l(mvars.o)
    0x24000068   0x0800a6ec   0x00000004   Data   RW         5836    .data               mc_w.l(errno.o)
    0x2400006c        -       0x00000098   Zero   RW          306    .bss                i2c.o
    0x24000104        -       0x00000098   Zero   RW          357    .bss                tim.o
    0x2400019c        -       0x00000360   Zero   RW          424    .bss                usart.o
    0x240004fc        -       0x00000018   Zero   RW         4746    .bss                bh1750.o
    0x24000514        -       0x00000100   Zero   RW         4830    .bss                bmp280.o
    0x24000614        -       0x00000084   Zero   RW         4906    .bss                console.o
    0x24000698        -       0x00000100   Zero   RW         4995    .bss                csb.o
    0x24000798        -       0x00000100   Zero   RW         5133    .bss                eb21.o
    0x24000898        -       0x00000800   Zero   RW         5187    .bss                gnss.o
    0x24001098        -       0x00000050   Zero   RW         5253    .bss                lcd.o
    0x240010e8        -       0x00000088   Zero   RW         5318    .bss                queue.o
    0x24001170        -       0x00000028   Zero   RW         5358    .bss                scd04.o
    0x24001198        -       0x00008000   Zero   RW            2    HEAP                startup_stm32h723xx.o
    0x24009198        -       0x00008000   Zero   RW            1    STACK               startup_stm32h723xx.o


==============================================================================

Image component sizes


      Code (inc. data)   RO Data    RW Data    ZI Data      Debug   Object Name

       496        200        240          0         24       5300   bh1750.o
       432        214        240         16        256       3455   bmp280.o
      1238        406        960          8        132      17208   console.o
       480        248        240          4        256       2655   csb.o
       930        226        240          0          0       5686   dht11.o
       312        190        240          3        256       1971   eb21.o
       340        196        240          4       2048       2971   gnss.o
       432         24          0          0          0       1263   gpio.o
       512         54          0          0        152       2554   i2c.o
       612        292        240          8         80       3725   lcd.o
      1414        300         74         13          0    1189555   main.o
       148         10          0          0        136       1763   queue.o
       574        236        240          0         40       6746   scd04.o
       250          0          0          0          0       3085   split_argv.o
        36          8        716          0      65536        828   startup_stm32h723xx.o
       260         48          0          9          0      23613   stm32h7xx_hal.o
       310         22          0          0          0      39995   stm32h7xx_hal_cortex.o
      2164         34          0          0          0       4399   stm32h7xx_hal_dma.o
       552         54          0          0          0       3498   stm32h7xx_hal_gpio.o
      1782         32          0          0          0      10546   stm32h7xx_hal_i2c.o
       210          0          0          0          0       2047   stm32h7xx_hal_i2c_ex.o
        36          4          0          0          0        922   stm32h7xx_hal_msp.o
        96          6          0          0          0        765   stm32h7xx_hal_pwr_ex.o
      3300        110          0          0          0       6860   stm32h7xx_hal_rcc.o
      4640        112          0          0          0       7157   stm32h7xx_hal_rcc_ex.o
      2772        302          0          0          0      14845   stm32h7xx_hal_tim.o
       228         38          0          0          0       1512   stm32h7xx_hal_tim_ex.o
      5640        192         24          0          0      37902   stm32h7xx_hal_uart.o
       360         10         16          0          0       5490   stm32h7xx_hal_uart_ex.o
       158         36          0          0          0       7583   stm32h7xx_it.o
       224         32         16          8          0       1370   system_stm32h7xx.o
       428         46          0          0        152       3619   tim.o
      1548        104          0          0        864       5467   usart.o
        52          6          0          1          0       3112   usr_uart.o

    ----------------------------------------------------------------------
     33000       3792       3760         88      69932    1429467   Object Totals
         0          0         32          0          0          0   (incl. Generated)
        34          0          2         14          0          0   (incl. Padding)

    ----------------------------------------------------------------------

      Code (inc. data)   RO Data    RW Data    ZI Data      Debug   Library Member Name

        56         12          0          0          0        132   atof.o
        28          0          0          0          0         68   _chval.o
        64          0          0          0          0         84   _sgetc.o
       158          0          0          0          0         92   _strtoul.o
        26          0          0          0          0         80   atoi.o
         8          4        133          0          0         68   ctype_o.o
         0          0          0          0          0          0   entry.o
         0          0          0          0          0          0   entry10a.o
         0          0          0          0          0          0   entry11a.o
         4          0          0          0          0          0   entry12b.o
         8          4          0          0          0          0   entry2.o
         4          0          0          0          0          0   entry5.o
         0          0          0          0          0          0   entry7b.o
         0          0          0          0          0          0   entry8b.o
         8          4          0          0          0          0   entry9a.o
        32         16          0          4          0        204   errno.o
        30          0          0          0          0          0   handlers.o
        36          8          0          0          0         68   init.o
        18          0          0          0          0         76   isspace_o.o
         0          0          0          0          0          0   iusefp.o
        30          0          0          0          0         68   llshl.o
        36          0          0          0          0         68   llsshr.o
        32          0          0          0          0         68   llushr.o
       108         16          0          0          0         84   malloc.o
        26          0          0          0          0         80   memcmp.o
        36          0          0          0          0         68   memcpya.o
        36          0          0          0          0        108   memseta.o
         0          0          0          8          0          0   mvars.o
      2268         96          0          0          0        616   printfa.o
       878         12          0          0          0        216   scanf_fp.o
         0          0          0          4          0          0   stdout.o
        28          0          0          0          0         76   strcmp.o
        18          0          0          0          0         68   strcpy.o
        14          0          0          0          0         68   strlen.o
       156         12          0          0          0        120   strtod.o
        68          6          0          4          0         80   strtok.o
       112          0          0          0          0         88   strtol.o
        44          0          0          0          0         80   uidiv.o
        98          0          0          0          0         92   uldiv.o
        48          0          0          0          0         68   cdrcmple.o
        56          0          0          0          0         88   d2f.o
       334          0          0          0          0        148   dadd.o
       222          0          0          0          0        100   ddiv.o
       186          0          0          0          0        176   depilogue.o
        48          0          0          0          0         68   dfixul.o
        24          0          0          0          0         76   dfltul.o
       228          0          0          0          0         96   dmul.o
       110          0          0          0          0        168   fepilogue.o

    ----------------------------------------------------------------------
      5732        190        136         20          0       3908   Library Totals
         8          0          3          0          0          0   (incl. Padding)

    ----------------------------------------------------------------------

      Code (inc. data)   RO Data    RW Data    ZI Data      Debug   Library Name

        56         12          0          0          0        132   m_wv.l
      4412        178        133         20          0       2788   mc_w.l
      1256          0          0          0          0        988   mf_w.l

    ----------------------------------------------------------------------
      5732        190        136         20          0       3908   Library Totals

    ----------------------------------------------------------------------

==============================================================================


      Code (inc. data)   RO Data    RW Data    ZI Data      Debug   

     38732       3982       3896        108      69932    1413551   Grand Totals
     38732       3982       3896        108      69932    1413551   ELF Image Totals
     38732       3982       3896        108          0          0   ROM Totals

==============================================================================

    Total RO  Size (Code + RO Data)                42628 (  41.63kB)
    Total RW  Size (RW Data + ZI Data)             70040 (  68.40kB)
    Total ROM Size (Code + RO Data + RW Data)      42736 (  41.73kB)

==============================================================================

